  Installing layer-presets-path with default = ${gimp_dir}/layer-presets:${gimp_data_dir}/layer-presets
  Installing layer-presets-path-writable with default = ${gimp_dir}/layer-presets
GimpCoreConfig: Set properties_base to 62
  Installed set_property_handler
  Installed get_property_handler
Installed::N4GLib13GClassWrapperINS_11UseCStructsI15_GimpBaseConfig15_GimpCoreConfigEEE9WithClassE-> prop=layer-presets-path, id=62
  Kept set_property_handler
  Kept get_property_handler
Installed::N4GLib13GClassWrapperINS_11UseCStructsI15_GimpBaseConfig15_GimpCoreConfigEEE9WithClassE-> prop=layer-presets-path-writable, id=63
Install ConfigExtender.
set::readonly path to `${gimp_dir}/layer-presets:${gimp_data_dir}/layer-presets'
set::writable path to `${gimp_dir}/layer-presets'
Install ConfigExtender.
set::readonly path to `${gimp_dir}/layer-presets:${gimp_data_dir}/layer-presets'
set::writable path to `${gimp_dir}/layer-presets'

(gimp-2.8:9): GLib-GObject-CRITICAL **: 09:17:52.333: g_value_set_object: assertion 'G_VALUE_HOLDS_OBJECT (value)' failed

(gimp-2.8:9): GLib-GObject-CRITICAL **: 09:17:52.333: g_value_set_object: assertion 'G_VALUE_HOLDS_OBJECT (value)' failed
get::readonly path
get::readonly path
get::writable path
get::writable path

(gimp-2.8:9): GLib-GObject-CRITICAL **: 09:17:52.335: g_object_set_is_valid_property: object class 'GeglConfig' has no property named 'cache-size'
GimpJsonResource: Set properties_base to 8
  Installed set_property_handler
  Installed get_property_handler
Installed::N4GLib13GClassWrapperINS_11UseCStructsI9_GimpData17_GimpJsonResourceEEE9WithClassE-> prop=root, id=8
Feature::entry_point: add restore/exit on initialize.
unknown key 'colorize'
unknown key 'colorize'
unknown key 'colorize'
unknown key 'colorize'
unknown key 'colorize'
unknown key 'colorize'
unknown key 'colorize'
unknown key 'colorize'
unknown key 'colorize'
unknown key 'colorize'
unknown key 'colorize'
unknown key 'colorize'
unknown key 'colorize'
unknown key 'colorize'
unknown key 'colorize'
unknown key 'colorize'
unknown key 'colorize'
unknown key 'colorize'
unknown key 'colorize'
unknown key 'colorize'
unknown key 'colorize'
unknown key 'colorize'
unknown key 'colorize'
unknown key 'colorize'
unknown key 'colorize'
unknown key 'colorize'
unknown key 'colorize'
unknown key 'colorize'
unknown key 'colorize'
unknown key 'colorize'
unknown key 'colorize'
unknown key 'colorize'
unknown key 'colorize'
unknown key 'colorize'
unknown key 'colorize'
unknown key 'colorize'
unknown key 'colorize'
unknown key 'colorize'
unknown key 'colorize'
unknown key 'colorize'
unknown key 'colorize'
unknown key 'colorize'
unknown key 'colorize'
unknown key 'colorize'
unknown key 'colorize'
unknown key 'colorize'
unknown key 'colorize'
unknown key 'colorize'
unknown key 'colorize'
unknown key 'colorize'
unknown key 'colorize'
unknown key 'colorize'
unknown key 'colorize'
unknown key 'colorize'
unknown key 'colorize'
unknown key 'colorize'
unknown key 'colorize'
unknown key 'colorize'
unknown key 'colorize'
unknown key 'colorize'
unknown key 'colorize'
unknown key 'colorize'
unknown key 'colorize'
unknown key 'colorize'
unknown key 'colorize'
unknown key 'colorize'
unknown key 'colorize'
unknown key 'colorize'
unknown key 'colorize'
unknown key 'colorize'
unknown key 'colorize'
unknown key 'colorize'
unknown key 'colorize'
unknown key 'colorize'
unknown key 'colorize'
unknown key 'colorize'
unknown key 'colorize'
unknown key 'colorize'
unknown key 'colorize'
unknown key 'colorize'
unknown key 'colorize'
unknown key 'colorize'
unknown key 'colorize'
unknown key 'colorize'
unknown key 'colorize'
unknown key 'colorize'
unknown key 'colorize'
unknown key 'colorize'
unknown key 'colorize'
unknown key 'colorize'
unknown key 'snap_to_pixel'
unknown key 'colorize'
unknown key 'colorize'
unknown key 'colorize'
unknown key 'colorize'
unknown key 'colorize'
unknown key 'colorize'
unknown key 'colorize'
unknown key 'colorize'
unknown key 'colorize'
unknown key 'colorize'
unknown key 'colorize'
unknown key 'colorize'
unknown key 'colorize'
unknown key 'colorize'
unknown key 'colorize'
unknown key 'colorize'
unknown key 'colorize'
unknown key 'colorize'
unknown key 'colorize'
unknown key 'colorize'
unknown key 'colorize'
unknown key 'colorize'
Failed to read `/workspace/shared/gimp-legacy-build/prefix/share/gimp/2.0/mypaint-brushes/deevad/thin_watercolor.myb': fallback to v2.
invalid key 'colorize'
unknown key 'colorize'
unknown key 'colorize'
unknown key 'colorize'
unknown key 'colorize'
unknown key 'colorize'
unknown key 'colorize'
unknown key 'colorize'
unknown key 'colorize'
unknown key 'colorize'
unknown key 'colorize'
unknown key 'colorize'
unknown key 'colorize'
unknown key 'colorize'
unknown key 'colorize'
unknown key 'colorize'
unknown key 'colorize'
unknown key 'colorize'
unknown key 'colorize'
unknown key 'colorize'
unknown key 'colorize'
unknown key 'colorize'
unknown key 'colorize'
unknown key 'pressure_gain_log'
unknown key 'snap_to_pixel'
unknown key 'colorize'
unknown key 'pressure_gain_log'
unknown key 'snap_to_pixel'
unknown key 'colorize'
unknown key 'pressure_gain_log'
unknown key 'snap_to_pixel'
unknown key 'colorize'
unknown key 'pressure_gain_log'
unknown key 'snap_to_pixel'
unknown key 'colorize'
unknown key 'pressure_gain_log'
unknown key 'snap_to_pixel'
unknown key 'colorize'
unknown key 'pressure_gain_log'
unknown key 'snap_to_pixel'
unknown key 'colorize'
unknown key 'pressure_gain_log'
unknown key 'snap_to_pixel'
unknown key 'colorize'
unknown key 'pressure_gain_log'
unknown key 'snap_to_pixel'
unknown key 'colorize'
unknown key 'pressure_gain_log'
unknown key 'snap_to_pixel'
unknown key 'colorize'
unknown key 'pressure_gain_log'
unknown key 'snap_to_pixel'
unknown key 'colorize'
unknown key 'pressure_gain_log'
unknown key 'snap_to_pixel'
unknown key 'colorize'
unknown key 'pressure_gain_log'
unknown key 'snap_to_pixel'
unknown key 'colorize'
unknown key 'pressure_gain_log'
unknown key 'snap_to_pixel'
unknown key 'colorize'
unknown key 'pressure_gain_log'
unknown key 'snap_to_pixel'
unknown key 'colorize'
unknown key 'pressure_gain_log'
unknown key 'snap_to_pixel'
unknown key 'colorize'
unknown key 'pressure_gain_log'
unknown key 'snap_to_pixel'
unknown key 'colorize'
unknown key 'pressure_gain_log'
unknown key 'snap_to_pixel'
unknown key 'colorize'
unknown key 'pressure_gain_log'
unknown key 'snap_to_pixel'
unknown key 'colorize'
unknown key 'pressure_gain_log'
unknown key 'snap_to_pixel'
unknown key 'colorize'
unknown key 'pressure_gain_log'
unknown key 'snap_to_pixel'
unknown key 'colorize'
unknown key 'colorize'
unknown key 'colorize'
unknown key 'colorize'
unknown key 'colorize'
unknown key 'colorize'
unknown key 'colorize'
unknown key 'colorize'
unknown key 'colorize'
unknown key 'colorize'
unknown key 'snap_to_pixel'
unknown key 'colorize'
unknown key 'colorize'
unknown key 'colorize'
unknown key 'snap_to_pixel'
unknown key 'colorize'
unknown key 'colorize'
unknown key 'colorize'
unknown key 'colorize'
unknown key 'colorize'
unknown key 'colorize'
unknown key 'colorize'
unknown key 'colorize'
unknown key 'colorize'
unknown key 'colorize'
unknown key 'snap_to_pixel'
get::readonly path
get::writable path
PresetFactory::load:: /workspace/shared/gimp-legacy-build/prefix/share/gimp/2.0/layer-presets/watercolor.json
PresetFactory::load:: /workspace/shared/gimp-legacy-build/prefix/share/gimp/2.0/layer-presets/new-anime-layer.json
PresetFactory::load:: /workspace/shared/gimp-legacy-build/prefix/share/gimp/2.0/layer-presets/test.json
PresetFactory::load:: /workspace/shared/gimp-legacy-build/prefix/share/gimp/2.0/layer-presets/crop-with-selection.json
PresetFactory::load:: /workspace/shared/gimp-legacy-build/prefix/share/gimp/2.0/layer-presets/new-cropped-layer.json
PresetFactory::load:: /workspace/shared/gimp-legacy-build/prefix/share/gimp/2.0/layer-presets/test2.json
PresetFactory::load:: /workspace/shared/gimp-legacy-build/prefix/share/gimp/2.0/layer-presets/duplicate-as-normal.json
PresetFactory::load:: /workspace/shared/gimp-legacy-build/prefix/share/gimp/2.0/layer-presets/duplicate-as-clone.json

(gimp-2.8:9): Gimp-Widgets-CRITICAL **: 09:17:52.728: gimp_dialog_factory_get_singleton: assertion 'gimp_toplevel_factory != NULL' failed
PresetGuiFactory::on_restore::GimpDialogFactory=(nil)

(gimp-2.8:9): Gimp-Widgets-CRITICAL **: 09:17:52.729: gimp_dialog_factory_register_entry: assertion 'GIMP_IS_DIALOG_FACTORY (factory)' failed
PresetGuiFactory::on_restore::end

(gimp-2.8:9): Gimp-Widgets-CRITICAL **: 09:17:52.729: gimp_action_factory_group_register: assertion 'GIMP_IS_ACTION_FACTORY (factory)' failed
gimp_plug_in_manager_call_run_full
gimp_plug_in_get_proc_frame=0x55a0c0904ac0:  set ignore_undos=0
gimp_plug_in_manager_call_run_full
gimp_plug_in_get_proc_frame=0x55a0c08a8090:  set ignore_undos=0
gimp_plug_in_manager_call_run_full
gimp_plug_in_get_proc_frame=0x55a0c0aa95c0:  set ignore_undos=0
push_undo: GimpLayerUndo=55
gimp_plug_in_manager_call_run_full
gimp_plug_in_get_proc_frame=0x55a0c0aa95c0:  set ignore_undos=0
script-fu-Warning: EDGE_INPUT_LOADED=5x4

gimp_plug_in_manager_call_run_full
gimp_plug_in_get_proc_frame=0x55a0c0aa95c0:  set ignore_undos=0
push_undo: GimpLayerUndo=55
gimp_plug_in_manager_call_run_full
gimp_plug_in_get_proc_frame=0x55a0c0aa95c0:  set ignore_undos=0
push_undo: GimpDrawableUndo=47
gimp_plug_in_manager_call_run_full
gimp_plug_in_get_proc_frame=0x55a0c0aa95c0:  set ignore_undos=0
script-fu-Warning: EDGE_CASE_DONE=edge-5x4-m0-w1

gimp_plug_in_manager_call_run_full
gimp_plug_in_get_proc_frame=0x55a0c0aa95c0:  set ignore_undos=0
push_undo: GimpLayerUndo=55
gimp_plug_in_manager_call_run_full
gimp_plug_in_get_proc_frame=0x55a0c0aa95c0:  set ignore_undos=0
push_undo: GimpDrawableUndo=47
gimp_plug_in_manager_call_run_full
gimp_plug_in_get_proc_frame=0x55a0c0aa95c0:  set ignore_undos=0
script-fu-Warning: EDGE_CASE_DONE=edge-5x4-m0-w2

gimp_plug_in_manager_call_run_full
gimp_plug_in_get_proc_frame=0x55a0c0aa95c0:  set ignore_undos=0
push_undo: GimpLayerUndo=55
gimp_plug_in_manager_call_run_full
gimp_plug_in_get_proc_frame=0x55a0c0aa95c0:  set ignore_undos=0
push_undo: GimpDrawableUndo=47
gimp_plug_in_manager_call_run_full
gimp_plug_in_get_proc_frame=0x55a0c0aa95c0:  set ignore_undos=0
script-fu-Warning: EDGE_CASE_DONE=edge-5x4-m0-w3

gimp_plug_in_manager_call_run_full
gimp_plug_in_get_proc_frame=0x55a0c0aa95c0:  set ignore_undos=0
push_undo: GimpLayerUndo=55
gimp_plug_in_manager_call_run_full
gimp_plug_in_get_proc_frame=0x55a0c0aa95c0:  set ignore_undos=0
push_undo: GimpDrawableUndo=47
gimp_plug_in_manager_call_run_full
gimp_plug_in_get_proc_frame=0x55a0c0aa95c0:  set ignore_undos=0
script-fu-Warning: EDGE_CASE_DONE=edge-5x4-m1-w1

gimp_plug_in_manager_call_run_full
gimp_plug_in_get_proc_frame=0x55a0c0aa95c0:  set ignore_undos=0
push_undo: GimpLayerUndo=55
gimp_plug_in_manager_call_run_full
gimp_plug_in_get_proc_frame=0x55a0c0aa95c0:  set ignore_undos=0
push_undo: GimpDrawableUndo=47
gimp_plug_in_manager_call_run_full
gimp_plug_in_get_proc_frame=0x55a0c0aa95c0:  set ignore_undos=0
script-fu-Warning: EDGE_CASE_DONE=edge-5x4-m1-w2

gimp_plug_in_manager_call_run_full
gimp_plug_in_get_proc_frame=0x55a0c0aa95c0:  set ignore_undos=0
push_undo: GimpLayerUndo=55
gimp_plug_in_manager_call_run_full
gimp_plug_in_get_proc_frame=0x55a0c0aa95c0:  set ignore_undos=0
push_undo: GimpDrawableUndo=47
gimp_plug_in_manager_call_run_full
gimp_plug_in_get_proc_frame=0x55a0c0aa95c0:  set ignore_undos=0
script-fu-Warning: EDGE_CASE_DONE=edge-5x4-m1-w3

gimp_plug_in_manager_call_run_full
gimp_plug_in_get_proc_frame=0x55a0c0aa95c0:  set ignore_undos=0
push_undo: GimpLayerUndo=55
gimp_plug_in_manager_call_run_full
gimp_plug_in_get_proc_frame=0x55a0c0aa95c0:  set ignore_undos=0
push_undo: GimpDrawableUndo=47
gimp_plug_in_manager_call_run_full
gimp_plug_in_get_proc_frame=0x55a0c0aa95c0:  set ignore_undos=0
script-fu-Warning: EDGE_CASE_DONE=edge-5x4-m2-w1

gimp_plug_in_manager_call_run_full
gimp_plug_in_get_proc_frame=0x55a0c0aa95c0:  set ignore_undos=0
push_undo: GimpLayerUndo=55
gimp_plug_in_manager_call_run_full
gimp_plug_in_get_proc_frame=0x55a0c0aa95c0:  set ignore_undos=0
push_undo: GimpDrawableUndo=47
gimp_plug_in_manager_call_run_full
gimp_plug_in_get_proc_frame=0x55a0c0aa95c0:  set ignore_undos=0
script-fu-Warning: EDGE_CASE_DONE=edge-5x4-m2-w2

gimp_plug_in_manager_call_run_full
gimp_plug_in_get_proc_frame=0x55a0c0aa95c0:  set ignore_undos=0
push_undo: GimpLayerUndo=55
gimp_plug_in_manager_call_run_full
gimp_plug_in_get_proc_frame=0x55a0c0aa95c0:  set ignore_undos=0
push_undo: GimpDrawableUndo=47
gimp_plug_in_manager_call_run_full
gimp_plug_in_get_proc_frame=0x55a0c0aa95c0:  set ignore_undos=0
script-fu-Warning: EDGE_CASE_DONE=edge-5x4-m2-w3

gimp_plug_in_manager_call_run_full
gimp_plug_in_get_proc_frame=0x55a0c0aa95c0:  set ignore_undos=0
push_undo: GimpLayerUndo=55
gimp_plug_in_manager_call_run_full
gimp_plug_in_get_proc_frame=0x55a0c0aa95c0:  set ignore_undos=0
push_undo: GimpDrawableUndo=47
gimp_plug_in_manager_call_run_full
gimp_plug_in_get_proc_frame=0x55a0c0aa95c0:  set ignore_undos=0
script-fu-Warning: EDGE_CASE_DONE=edge-5x4-m3-w1

gimp_plug_in_manager_call_run_full
gimp_plug_in_get_proc_frame=0x55a0c0aa95c0:  set ignore_undos=0
push_undo: GimpLayerUndo=55
gimp_plug_in_manager_call_run_full
gimp_plug_in_get_proc_frame=0x55a0c0aa95c0:  set ignore_undos=0
push_undo: GimpDrawableUndo=47
gimp_plug_in_manager_call_run_full
gimp_plug_in_get_proc_frame=0x55a0c0aa95c0:  set ignore_undos=0
script-fu-Warning: EDGE_CASE_DONE=edge-5x4-m3-w2

gimp_plug_in_manager_call_run_full
gimp_plug_in_get_proc_frame=0x55a0c0aa95c0:  set ignore_undos=0
push_undo: GimpLayerUndo=55
gimp_plug_in_manager_call_run_full
gimp_plug_in_get_proc_frame=0x55a0c0aa95c0:  set ignore_undos=0
push_undo: GimpDrawableUndo=47
gimp_plug_in_manager_call_run_full
gimp_plug_in_get_proc_frame=0x55a0c0aa95c0:  set ignore_undos=0
script-fu-Warning: EDGE_CASE_DONE=edge-5x4-m3-w3

gimp_plug_in_manager_call_run_full
gimp_plug_in_get_proc_frame=0x55a0c0aa95c0:  set ignore_undos=0
push_undo: GimpLayerUndo=55
gimp_plug_in_manager_call_run_full
gimp_plug_in_get_proc_frame=0x55a0c0aa95c0:  set ignore_undos=0
push_undo: GimpDrawableUndo=47
gimp_plug_in_manager_call_run_full
gimp_plug_in_get_proc_frame=0x55a0c0aa95c0:  set ignore_undos=0
script-fu-Warning: EDGE_CASE_DONE=edge-5x4-m4-w1

gimp_plug_in_manager_call_run_full
gimp_plug_in_get_proc_frame=0x55a0c0aa95c0:  set ignore_undos=0
push_undo: GimpLayerUndo=55
gimp_plug_in_manager_call_run_full
gimp_plug_in_get_proc_frame=0x55a0c0aa95c0:  set ignore_undos=0
push_undo: GimpDrawableUndo=47
gimp_plug_in_manager_call_run_full
gimp_plug_in_get_proc_frame=0x55a0c0aa95c0:  set ignore_undos=0
script-fu-Warning: EDGE_CASE_DONE=edge-5x4-m4-w2

gimp_plug_in_manager_call_run_full
gimp_plug_in_get_proc_frame=0x55a0c0aa95c0:  set ignore_undos=0
push_undo: GimpLayerUndo=55
gimp_plug_in_manager_call_run_full
gimp_plug_in_get_proc_frame=0x55a0c0aa95c0:  set ignore_undos=0
push_undo: GimpDrawableUndo=47
gimp_plug_in_manager_call_run_full
gimp_plug_in_get_proc_frame=0x55a0c0aa95c0:  set ignore_undos=0
script-fu-Warning: EDGE_CASE_DONE=edge-5x4-m4-w3

gimp_plug_in_manager_call_run_full
gimp_plug_in_get_proc_frame=0x55a0c0aa95c0:  set ignore_undos=0
push_undo: GimpLayerUndo=55
gimp_plug_in_manager_call_run_full
gimp_plug_in_get_proc_frame=0x55a0c0aa95c0:  set ignore_undos=0
push_undo: GimpDrawableUndo=47
gimp_plug_in_manager_call_run_full
gimp_plug_in_get_proc_frame=0x55a0c0aa95c0:  set ignore_undos=0
script-fu-Warning: EDGE_CASE_DONE=edge-5x4-m5-w1

gimp_plug_in_manager_call_run_full
gimp_plug_in_get_proc_frame=0x55a0c0aa95c0:  set ignore_undos=0
push_undo: GimpLayerUndo=55
gimp_plug_in_manager_call_run_full
gimp_plug_in_get_proc_frame=0x55a0c0aa95c0:  set ignore_undos=0
push_undo: GimpDrawableUndo=47
gimp_plug_in_manager_call_run_full
gimp_plug_in_get_proc_frame=0x55a0c0aa95c0:  set ignore_undos=0
script-fu-Warning: EDGE_CASE_DONE=edge-5x4-m5-w2

gimp_plug_in_manager_call_run_full
gimp_plug_in_get_proc_frame=0x55a0c0aa95c0:  set ignore_undos=0
push_undo: GimpLayerUndo=55
gimp_plug_in_manager_call_run_full
gimp_plug_in_get_proc_frame=0x55a0c0aa95c0:  set ignore_undos=0
push_undo: GimpDrawableUndo=47
gimp_plug_in_manager_call_run_full
gimp_plug_in_get_proc_frame=0x55a0c0aa95c0:  set ignore_undos=0
script-fu-Warning: EDGE_CASE_DONE=edge-5x4-m5-w3

gimp_plug_in_manager_call_run_full
gimp_plug_in_get_proc_frame=0x55a0c0aa95c0:  set ignore_undos=0
push_undo: GimpLayerUndo=55
gimp_plug_in_manager_call_run_full
gimp_plug_in_get_proc_frame=0x55a0c0aa95c0:  set ignore_undos=0
script-fu-Warning: EDGE_INPUT_LOADED=1x1

gimp_plug_in_manager_call_run_full
gimp_plug_in_get_proc_frame=0x55a0c0aa95c0:  set ignore_undos=0
push_undo: GimpLayerUndo=55
gimp_plug_in_manager_call_run_full
gimp_plug_in_get_proc_frame=0x55a0c0aa95c0:  set ignore_undos=0
push_undo: GimpDrawableUndo=47
gimp_plug_in_manager_call_run_full
gimp_plug_in_get_proc_frame=0x55a0c0aa95c0:  set ignore_undos=0
script-fu-Warning: EDGE_CASE_DONE=edge-1x1-m0-w1

gimp_plug_in_manager_call_run_full
gimp_plug_in_get_proc_frame=0x55a0c0aa95c0:  set ignore_undos=0
push_undo: GimpLayerUndo=55
gimp_plug_in_manager_call_run_full
gimp_plug_in_get_proc_frame=0x55a0c0aa95c0:  set ignore_undos=0
push_undo: GimpDrawableUndo=47
gimp_plug_in_manager_call_run_full
gimp_plug_in_get_proc_frame=0x55a0c0aa95c0:  set ignore_undos=0
script-fu-Warning: EDGE_CASE_DONE=edge-1x1-m0-w2

gimp_plug_in_manager_call_run_full
gimp_plug_in_get_proc_frame=0x55a0c0aa95c0:  set ignore_undos=0
push_undo: GimpLayerUndo=55
gimp_plug_in_manager_call_run_full
gimp_plug_in_get_proc_frame=0x55a0c0aa95c0:  set ignore_undos=0
push_undo: GimpDrawableUndo=47
gimp_plug_in_manager_call_run_full
gimp_plug_in_get_proc_frame=0x55a0c0aa95c0:  set ignore_undos=0
script-fu-Warning: EDGE_CASE_DONE=edge-1x1-m0-w3

gimp_plug_in_manager_call_run_full
gimp_plug_in_get_proc_frame=0x55a0c0aa95c0:  set ignore_undos=0
push_undo: GimpLayerUndo=55
gimp_plug_in_manager_call_run_full
gimp_plug_in_get_proc_frame=0x55a0c0aa95c0:  set ignore_undos=0
push_undo: GimpDrawableUndo=47
gimp_plug_in_manager_call_run_full
gimp_plug_in_get_proc_frame=0x55a0c0aa95c0:  set ignore_undos=0
script-fu-Warning: EDGE_CASE_DONE=edge-1x1-m1-w1

gimp_plug_in_manager_call_run_full
gimp_plug_in_get_proc_frame=0x55a0c0aa95c0:  set ignore_undos=0
push_undo: GimpLayerUndo=55
gimp_plug_in_manager_call_run_full
gimp_plug_in_get_proc_frame=0x55a0c0aa95c0:  set ignore_undos=0
push_undo: GimpDrawableUndo=47
gimp_plug_in_manager_call_run_full
gimp_plug_in_get_proc_frame=0x55a0c0aa95c0:  set ignore_undos=0
script-fu-Warning: EDGE_CASE_DONE=edge-1x1-m1-w2

gimp_plug_in_manager_call_run_full
gimp_plug_in_get_proc_frame=0x55a0c0aa95c0:  set ignore_undos=0
push_undo: GimpLayerUndo=55
gimp_plug_in_manager_call_run_full
gimp_plug_in_get_proc_frame=0x55a0c0aa95c0:  set ignore_undos=0
push_undo: GimpDrawableUndo=47
gimp_plug_in_manager_call_run_full
gimp_plug_in_get_proc_frame=0x55a0c0aa95c0:  set ignore_undos=0
script-fu-Warning: EDGE_CASE_DONE=edge-1x1-m1-w3

gimp_plug_in_manager_call_run_full
gimp_plug_in_get_proc_frame=0x55a0c0aa95c0:  set ignore_undos=0
push_undo: GimpLayerUndo=55
gimp_plug_in_manager_call_run_full
gimp_plug_in_get_proc_frame=0x55a0c0aa95c0:  set ignore_undos=0
push_undo: GimpDrawableUndo=47
gimp_plug_in_manager_call_run_full
gimp_plug_in_get_proc_frame=0x55a0c0aa95c0:  set ignore_undos=0
script-fu-Warning: EDGE_CASE_DONE=edge-1x1-m2-w1

gimp_plug_in_manager_call_run_full
gimp_plug_in_get_proc_frame=0x55a0c0aa95c0:  set ignore_undos=0
push_undo: GimpLayerUndo=55
gimp_plug_in_manager_call_run_full
gimp_plug_in_get_proc_frame=0x55a0c0aa95c0:  set ignore_undos=0
push_undo: GimpDrawableUndo=47
gimp_plug_in_manager_call_run_full
gimp_plug_in_get_proc_frame=0x55a0c0aa95c0:  set ignore_undos=0
script-fu-Warning: EDGE_CASE_DONE=edge-1x1-m2-w2

gimp_plug_in_manager_call_run_full
gimp_plug_in_get_proc_frame=0x55a0c0aa95c0:  set ignore_undos=0
push_undo: GimpLayerUndo=55
gimp_plug_in_manager_call_run_full
gimp_plug_in_get_proc_frame=0x55a0c0aa95c0:  set ignore_undos=0
push_undo: GimpDrawableUndo=47
gimp_plug_in_manager_call_run_full
gimp_plug_in_get_proc_frame=0x55a0c0aa95c0:  set ignore_undos=0
script-fu-Warning: EDGE_CASE_DONE=edge-1x1-m2-w3

gimp_plug_in_manager_call_run_full
gimp_plug_in_get_proc_frame=0x55a0c0aa95c0:  set ignore_undos=0
push_undo: GimpLayerUndo=55
gimp_plug_in_manager_call_run_full
gimp_plug_in_get_proc_frame=0x55a0c0aa95c0:  set ignore_undos=0
push_undo: GimpDrawableUndo=47
gimp_plug_in_manager_call_run_full
gimp_plug_in_get_proc_frame=0x55a0c0aa95c0:  set ignore_undos=0
script-fu-Warning: EDGE_CASE_DONE=edge-1x1-m3-w1

gimp_plug_in_manager_call_run_full
gimp_plug_in_get_proc_frame=0x55a0c0aa95c0:  set ignore_undos=0
push_undo: GimpLayerUndo=55
gimp_plug_in_manager_call_run_full
gimp_plug_in_get_proc_frame=0x55a0c0aa95c0:  set ignore_undos=0
push_undo: GimpDrawableUndo=47
gimp_plug_in_manager_call_run_full
gimp_plug_in_get_proc_frame=0x55a0c0aa95c0:  set ignore_undos=0
script-fu-Warning: EDGE_CASE_DONE=edge-1x1-m3-w2

gimp_plug_in_manager_call_run_full
gimp_plug_in_get_proc_frame=0x55a0c0aa95c0:  set ignore_undos=0
push_undo: GimpLayerUndo=55
gimp_plug_in_manager_call_run_full
gimp_plug_in_get_proc_frame=0x55a0c0aa95c0:  set ignore_undos=0
push_undo: GimpDrawableUndo=47
gimp_plug_in_manager_call_run_full
gimp_plug_in_get_proc_frame=0x55a0c0aa95c0:  set ignore_undos=0
script-fu-Warning: EDGE_CASE_DONE=edge-1x1-m3-w3

gimp_plug_in_manager_call_run_full
gimp_plug_in_get_proc_frame=0x55a0c0aa95c0:  set ignore_undos=0
push_undo: GimpLayerUndo=55
gimp_plug_in_manager_call_run_full
gimp_plug_in_get_proc_frame=0x55a0c0aa95c0:  set ignore_undos=0
push_undo: GimpDrawableUndo=47
gimp_plug_in_manager_call_run_full
gimp_plug_in_get_proc_frame=0x55a0c0aa95c0:  set ignore_undos=0
script-fu-Warning: EDGE_CASE_DONE=edge-1x1-m4-w1

gimp_plug_in_manager_call_run_full
gimp_plug_in_get_proc_frame=0x55a0c0aa95c0:  set ignore_undos=0
push_undo: GimpLayerUndo=55
gimp_plug_in_manager_call_run_full
gimp_plug_in_get_proc_frame=0x55a0c0aa95c0:  set ignore_undos=0
push_undo: GimpDrawableUndo=47
gimp_plug_in_manager_call_run_full
gimp_plug_in_get_proc_frame=0x55a0c0aa95c0:  set ignore_undos=0
script-fu-Warning: EDGE_CASE_DONE=edge-1x1-m4-w2

gimp_plug_in_manager_call_run_full
gimp_plug_in_get_proc_frame=0x55a0c0aa95c0:  set ignore_undos=0
push_undo: GimpLayerUndo=55
gimp_plug_in_manager_call_run_full
gimp_plug_in_get_proc_frame=0x55a0c0aa95c0:  set ignore_undos=0
push_undo: GimpDrawableUndo=47
gimp_plug_in_manager_call_run_full
gimp_plug_in_get_proc_frame=0x55a0c0aa95c0:  set ignore_undos=0
script-fu-Warning: EDGE_CASE_DONE=edge-1x1-m4-w3

gimp_plug_in_manager_call_run_full
gimp_plug_in_get_proc_frame=0x55a0c0aa95c0:  set ignore_undos=0
push_undo: GimpLayerUndo=55
gimp_plug_in_manager_call_run_full
gimp_plug_in_get_proc_frame=0x55a0c0aa95c0:  set ignore_undos=0
push_undo: GimpDrawableUndo=47
gimp_plug_in_manager_call_run_full
gimp_plug_in_get_proc_frame=0x55a0c0aa95c0:  set ignore_undos=0
script-fu-Warning: EDGE_CASE_DONE=edge-1x1-m5-w1

gimp_plug_in_manager_call_run_full
gimp_plug_in_get_proc_frame=0x55a0c0aa95c0:  set ignore_undos=0
push_undo: GimpLayerUndo=55
gimp_plug_in_manager_call_run_full
gimp_plug_in_get_proc_frame=0x55a0c0aa95c0:  set ignore_undos=0
push_undo: GimpDrawableUndo=47
gimp_plug_in_manager_call_run_full
gimp_plug_in_get_proc_frame=0x55a0c0aa95c0:  set ignore_undos=0
script-fu-Warning: EDGE_CASE_DONE=edge-1x1-m5-w2

gimp_plug_in_manager_call_run_full
gimp_plug_in_get_proc_frame=0x55a0c0aa95c0:  set ignore_undos=0
push_undo: GimpLayerUndo=55
gimp_plug_in_manager_call_run_full
gimp_plug_in_get_proc_frame=0x55a0c0aa95c0:  set ignore_undos=0
push_undo: GimpDrawableUndo=47
gimp_plug_in_manager_call_run_full
gimp_plug_in_get_proc_frame=0x55a0c0aa95c0:  set ignore_undos=0
script-fu-Warning: EDGE_CASE_DONE=edge-1x1-m5-w3

gimp_plug_in_manager_call_run_full
gimp_plug_in_get_proc_frame=0x55a0c0aa95c0:  set ignore_undos=0
push_undo: GimpLayerUndo=55
gimp_plug_in_manager_call_run_full
gimp_plug_in_get_proc_frame=0x55a0c0aa95c0:  set ignore_undos=0
script-fu-Warning: EDGE_INPUT_LOADED=1x5

gimp_plug_in_manager_call_run_full
gimp_plug_in_get_proc_frame=0x55a0c0aa95c0:  set ignore_undos=0
push_undo: GimpLayerUndo=55
gimp_plug_in_manager_call_run_full
gimp_plug_in_get_proc_frame=0x55a0c0aa95c0:  set ignore_undos=0
push_undo: GimpDrawableUndo=47
gimp_plug_in_manager_call_run_full
gimp_plug_in_get_proc_frame=0x55a0c0aa95c0:  set ignore_undos=0
script-fu-Warning: EDGE_CASE_DONE=edge-1x5-m0-w1

gimp_plug_in_manager_call_run_full
gimp_plug_in_get_proc_frame=0x55a0c0aa95c0:  set ignore_undos=0
push_undo: GimpLayerUndo=55
gimp_plug_in_manager_call_run_full
gimp_plug_in_get_proc_frame=0x55a0c0aa95c0:  set ignore_undos=0
push_undo: GimpDrawableUndo=47
gimp_plug_in_manager_call_run_full
gimp_plug_in_get_proc_frame=0x55a0c0aa95c0:  set ignore_undos=0
script-fu-Warning: EDGE_CASE_DONE=edge-1x5-m0-w2

gimp_plug_in_manager_call_run_full
gimp_plug_in_get_proc_frame=0x55a0c0aa95c0:  set ignore_undos=0
push_undo: GimpLayerUndo=55
gimp_plug_in_manager_call_run_full
gimp_plug_in_get_proc_frame=0x55a0c0aa95c0:  set ignore_undos=0
push_undo: GimpDrawableUndo=47
gimp_plug_in_manager_call_run_full
gimp_plug_in_get_proc_frame=0x55a0c0aa95c0:  set ignore_undos=0
script-fu-Warning: EDGE_CASE_DONE=edge-1x5-m0-w3

gimp_plug_in_manager_call_run_full
gimp_plug_in_get_proc_frame=0x55a0c0aa95c0:  set ignore_undos=0
push_undo: GimpLayerUndo=55
gimp_plug_in_manager_call_run_full
gimp_plug_in_get_proc_frame=0x55a0c0aa95c0:  set ignore_undos=0
push_undo: GimpDrawableUndo=47
gimp_plug_in_manager_call_run_full
gimp_plug_in_get_proc_frame=0x55a0c0aa95c0:  set ignore_undos=0
script-fu-Warning: EDGE_CASE_DONE=edge-1x5-m1-w1

gimp_plug_in_manager_call_run_full
gimp_plug_in_get_proc_frame=0x55a0c0aa95c0:  set ignore_undos=0
push_undo: GimpLayerUndo=55
gimp_plug_in_manager_call_run_full
gimp_plug_in_get_proc_frame=0x55a0c0aa95c0:  set ignore_undos=0
push_undo: GimpDrawableUndo=47
gimp_plug_in_manager_call_run_full
gimp_plug_in_get_proc_frame=0x55a0c0aa95c0:  set ignore_undos=0
script-fu-Warning: EDGE_CASE_DONE=edge-1x5-m1-w2

gimp_plug_in_manager_call_run_full
gimp_plug_in_get_proc_frame=0x55a0c0aa95c0:  set ignore_undos=0
push_undo: GimpLayerUndo=55
gimp_plug_in_manager_call_run_full
gimp_plug_in_get_proc_frame=0x55a0c0aa95c0:  set ignore_undos=0
push_undo: GimpDrawableUndo=47
gimp_plug_in_manager_call_run_full
gimp_plug_in_get_proc_frame=0x55a0c0aa95c0:  set ignore_undos=0
script-fu-Warning: EDGE_CASE_DONE=edge-1x5-m1-w3

gimp_plug_in_manager_call_run_full
gimp_plug_in_get_proc_frame=0x55a0c0aa95c0:  set ignore_undos=0
push_undo: GimpLayerUndo=55
gimp_plug_in_manager_call_run_full
gimp_plug_in_get_proc_frame=0x55a0c0aa95c0:  set ignore_undos=0
push_undo: GimpDrawableUndo=47
gimp_plug_in_manager_call_run_full
gimp_plug_in_get_proc_frame=0x55a0c0aa95c0:  set ignore_undos=0
script-fu-Warning: EDGE_CASE_DONE=edge-1x5-m2-w1

gimp_plug_in_manager_call_run_full
gimp_plug_in_get_proc_frame=0x55a0c0aa95c0:  set ignore_undos=0
push_undo: GimpLayerUndo=55
gimp_plug_in_manager_call_run_full
gimp_plug_in_get_proc_frame=0x55a0c0aa95c0:  set ignore_undos=0
push_undo: GimpDrawableUndo=47
gimp_plug_in_manager_call_run_full
gimp_plug_in_get_proc_frame=0x55a0c0aa95c0:  set ignore_undos=0
script-fu-Warning: EDGE_CASE_DONE=edge-1x5-m2-w2

gimp_plug_in_manager_call_run_full
gimp_plug_in_get_proc_frame=0x55a0c0aa95c0:  set ignore_undos=0
push_undo: GimpLayerUndo=55
gimp_plug_in_manager_call_run_full
gimp_plug_in_get_proc_frame=0x55a0c0aa95c0:  set ignore_undos=0
push_undo: GimpDrawableUndo=47
gimp_plug_in_manager_call_run_full
gimp_plug_in_get_proc_frame=0x55a0c0aa95c0:  set ignore_undos=0
script-fu-Warning: EDGE_CASE_DONE=edge-1x5-m2-w3

gimp_plug_in_manager_call_run_full
gimp_plug_in_get_proc_frame=0x55a0c0aa95c0:  set ignore_undos=0
push_undo: GimpLayerUndo=55
gimp_plug_in_manager_call_run_full
gimp_plug_in_get_proc_frame=0x55a0c0aa95c0:  set ignore_undos=0
push_undo: GimpDrawableUndo=47
gimp_plug_in_manager_call_run_full
gimp_plug_in_get_proc_frame=0x55a0c0aa95c0:  set ignore_undos=0
script-fu-Warning: EDGE_CASE_DONE=edge-1x5-m3-w1

gimp_plug_in_manager_call_run_full
gimp_plug_in_get_proc_frame=0x55a0c0aa95c0:  set ignore_undos=0
push_undo: GimpLayerUndo=55
gimp_plug_in_manager_call_run_full
gimp_plug_in_get_proc_frame=0x55a0c0aa95c0:  set ignore_undos=0
push_undo: GimpDrawableUndo=47
gimp_plug_in_manager_call_run_full
gimp_plug_in_get_proc_frame=0x55a0c0aa95c0:  set ignore_undos=0
script-fu-Warning: EDGE_CASE_DONE=edge-1x5-m3-w2

gimp_plug_in_manager_call_run_full
gimp_plug_in_get_proc_frame=0x55a0c0aa95c0:  set ignore_undos=0
push_undo: GimpLayerUndo=55
gimp_plug_in_manager_call_run_full
gimp_plug_in_get_proc_frame=0x55a0c0aa95c0:  set ignore_undos=0
push_undo: GimpDrawableUndo=47
gimp_plug_in_manager_call_run_full
gimp_plug_in_get_proc_frame=0x55a0c0aa95c0:  set ignore_undos=0
script-fu-Warning: EDGE_CASE_DONE=edge-1x5-m3-w3

gimp_plug_in_manager_call_run_full
gimp_plug_in_get_proc_frame=0x55a0c0aa95c0:  set ignore_undos=0
push_undo: GimpLayerUndo=55
gimp_plug_in_manager_call_run_full
gimp_plug_in_get_proc_frame=0x55a0c0aa95c0:  set ignore_undos=0
push_undo: GimpDrawableUndo=47
gimp_plug_in_manager_call_run_full
gimp_plug_in_get_proc_frame=0x55a0c0aa95c0:  set ignore_undos=0
script-fu-Warning: EDGE_CASE_DONE=edge-1x5-m4-w1

gimp_plug_in_manager_call_run_full
gimp_plug_in_get_proc_frame=0x55a0c0aa95c0:  set ignore_undos=0
push_undo: GimpLayerUndo=55
gimp_plug_in_manager_call_run_full
gimp_plug_in_get_proc_frame=0x55a0c0aa95c0:  set ignore_undos=0
push_undo: GimpDrawableUndo=47
gimp_plug_in_manager_call_run_full
gimp_plug_in_get_proc_frame=0x55a0c0aa95c0:  set ignore_undos=0
script-fu-Warning: EDGE_CASE_DONE=edge-1x5-m4-w2

gimp_plug_in_manager_call_run_full
gimp_plug_in_get_proc_frame=0x55a0c0aa95c0:  set ignore_undos=0
push_undo: GimpLayerUndo=55
gimp_plug_in_manager_call_run_full
gimp_plug_in_get_proc_frame=0x55a0c0aa95c0:  set ignore_undos=0
push_undo: GimpDrawableUndo=47
gimp_plug_in_manager_call_run_full
gimp_plug_in_get_proc_frame=0x55a0c0aa95c0:  set ignore_undos=0
script-fu-Warning: EDGE_CASE_DONE=edge-1x5-m4-w3

gimp_plug_in_manager_call_run_full
gimp_plug_in_get_proc_frame=0x55a0c0aa95c0:  set ignore_undos=0
push_undo: GimpLayerUndo=55
gimp_plug_in_manager_call_run_full
gimp_plug_in_get_proc_frame=0x55a0c0aa95c0:  set ignore_undos=0
push_undo: GimpDrawableUndo=47
gimp_plug_in_manager_call_run_full
gimp_plug_in_get_proc_frame=0x55a0c0aa95c0:  set ignore_undos=0
script-fu-Warning: EDGE_CASE_DONE=edge-1x5-m5-w1

gimp_plug_in_manager_call_run_full
gimp_plug_in_get_proc_frame=0x55a0c0aa95c0:  set ignore_undos=0
push_undo: GimpLayerUndo=55
gimp_plug_in_manager_call_run_full
gimp_plug_in_get_proc_frame=0x55a0c0aa95c0:  set ignore_undos=0
push_undo: GimpDrawableUndo=47
gimp_plug_in_manager_call_run_full
gimp_plug_in_get_proc_frame=0x55a0c0aa95c0:  set ignore_undos=0
script-fu-Warning: EDGE_CASE_DONE=edge-1x5-m5-w2

gimp_plug_in_manager_call_run_full
gimp_plug_in_get_proc_frame=0x55a0c0aa95c0:  set ignore_undos=0
push_undo: GimpLayerUndo=55
gimp_plug_in_manager_call_run_full
gimp_plug_in_get_proc_frame=0x55a0c0aa95c0:  set ignore_undos=0
push_undo: GimpDrawableUndo=47
gimp_plug_in_manager_call_run_full
gimp_plug_in_get_proc_frame=0x55a0c0aa95c0:  set ignore_undos=0
script-fu-Warning: EDGE_CASE_DONE=edge-1x5-m5-w3

gimp_plug_in_manager_call_run_full
gimp_plug_in_get_proc_frame=0x55a0c0aa95c0:  set ignore_undos=0
push_undo: GimpLayerUndo=55
gimp_plug_in_manager_call_run_full
gimp_plug_in_get_proc_frame=0x55a0c0aa95c0:  set ignore_undos=0
script-fu-Warning: EDGE_INPUT_LOADED=5x1

gimp_plug_in_manager_call_run_full
gimp_plug_in_get_proc_frame=0x55a0c0aa95c0:  set ignore_undos=0
push_undo: GimpLayerUndo=55
gimp_plug_in_manager_call_run_full
gimp_plug_in_get_proc_frame=0x55a0c0aa95c0:  set ignore_undos=0
push_undo: GimpDrawableUndo=47
gimp_plug_in_manager_call_run_full
gimp_plug_in_get_proc_frame=0x55a0c0aa95c0:  set ignore_undos=0
script-fu-Warning: EDGE_CASE_DONE=edge-5x1-m0-w1

gimp_plug_in_manager_call_run_full
gimp_plug_in_get_proc_frame=0x55a0c0aa95c0:  set ignore_undos=0
push_undo: GimpLayerUndo=55
gimp_plug_in_manager_call_run_full
gimp_plug_in_get_proc_frame=0x55a0c0aa95c0:  set ignore_undos=0
push_undo: GimpDrawableUndo=47
gimp_plug_in_manager_call_run_full
gimp_plug_in_get_proc_frame=0x55a0c0aa95c0:  set ignore_undos=0
script-fu-Warning: EDGE_CASE_DONE=edge-5x1-m0-w2

gimp_plug_in_manager_call_run_full
gimp_plug_in_get_proc_frame=0x55a0c0aa95c0:  set ignore_undos=0
push_undo: GimpLayerUndo=55
gimp_plug_in_manager_call_run_full
gimp_plug_in_get_proc_frame=0x55a0c0aa95c0:  set ignore_undos=0
push_undo: GimpDrawableUndo=47
gimp_plug_in_manager_call_run_full
gimp_plug_in_get_proc_frame=0x55a0c0aa95c0:  set ignore_undos=0
script-fu-Warning: EDGE_CASE_DONE=edge-5x1-m0-w3

gimp_plug_in_manager_call_run_full
gimp_plug_in_get_proc_frame=0x55a0c0aa95c0:  set ignore_undos=0
push_undo: GimpLayerUndo=55
gimp_plug_in_manager_call_run_full
gimp_plug_in_get_proc_frame=0x55a0c0aa95c0:  set ignore_undos=0
push_undo: GimpDrawableUndo=47
gimp_plug_in_manager_call_run_full
gimp_plug_in_get_proc_frame=0x55a0c0aa95c0:  set ignore_undos=0
script-fu-Warning: EDGE_CASE_DONE=edge-5x1-m1-w1

gimp_plug_in_manager_call_run_full
gimp_plug_in_get_proc_frame=0x55a0c0aa95c0:  set ignore_undos=0
push_undo: GimpLayerUndo=55
gimp_plug_in_manager_call_run_full
gimp_plug_in_get_proc_frame=0x55a0c0aa95c0:  set ignore_undos=0
push_undo: GimpDrawableUndo=47
gimp_plug_in_manager_call_run_full
gimp_plug_in_get_proc_frame=0x55a0c0aa95c0:  set ignore_undos=0
script-fu-Warning: EDGE_CASE_DONE=edge-5x1-m1-w2

gimp_plug_in_manager_call_run_full
gimp_plug_in_get_proc_frame=0x55a0c0aa95c0:  set ignore_undos=0
push_undo: GimpLayerUndo=55
gimp_plug_in_manager_call_run_full
gimp_plug_in_get_proc_frame=0x55a0c0aa95c0:  set ignore_undos=0
push_undo: GimpDrawableUndo=47
gimp_plug_in_manager_call_run_full
gimp_plug_in_get_proc_frame=0x55a0c0aa95c0:  set ignore_undos=0
script-fu-Warning: EDGE_CASE_DONE=edge-5x1-m1-w3

gimp_plug_in_manager_call_run_full
gimp_plug_in_get_proc_frame=0x55a0c0aa95c0:  set ignore_undos=0
push_undo: GimpLayerUndo=55
gimp_plug_in_manager_call_run_full
gimp_plug_in_get_proc_frame=0x55a0c0aa95c0:  set ignore_undos=0
push_undo: GimpDrawableUndo=47
gimp_plug_in_manager_call_run_full
gimp_plug_in_get_proc_frame=0x55a0c0aa95c0:  set ignore_undos=0
script-fu-Warning: EDGE_CASE_DONE=edge-5x1-m2-w1

gimp_plug_in_manager_call_run_full
gimp_plug_in_get_proc_frame=0x55a0c0aa95c0:  set ignore_undos=0
push_undo: GimpLayerUndo=55
gimp_plug_in_manager_call_run_full
gimp_plug_in_get_proc_frame=0x55a0c0aa95c0:  set ignore_undos=0
push_undo: GimpDrawableUndo=47
gimp_plug_in_manager_call_run_full
gimp_plug_in_get_proc_frame=0x55a0c0aa95c0:  set ignore_undos=0
script-fu-Warning: EDGE_CASE_DONE=edge-5x1-m2-w2

gimp_plug_in_manager_call_run_full
gimp_plug_in_get_proc_frame=0x55a0c0aa95c0:  set ignore_undos=0
push_undo: GimpLayerUndo=55
gimp_plug_in_manager_call_run_full
gimp_plug_in_get_proc_frame=0x55a0c0aa95c0:  set ignore_undos=0
push_undo: GimpDrawableUndo=47
gimp_plug_in_manager_call_run_full
gimp_plug_in_get_proc_frame=0x55a0c0aa95c0:  set ignore_undos=0
script-fu-Warning: EDGE_CASE_DONE=edge-5x1-m2-w3

gimp_plug_in_manager_call_run_full
gimp_plug_in_get_proc_frame=0x55a0c0aa95c0:  set ignore_undos=0
push_undo: GimpLayerUndo=55
gimp_plug_in_manager_call_run_full
gimp_plug_in_get_proc_frame=0x55a0c0aa95c0:  set ignore_undos=0
push_undo: GimpDrawableUndo=47
gimp_plug_in_manager_call_run_full
gimp_plug_in_get_proc_frame=0x55a0c0aa95c0:  set ignore_undos=0
script-fu-Warning: EDGE_CASE_DONE=edge-5x1-m3-w1

gimp_plug_in_manager_call_run_full
gimp_plug_in_get_proc_frame=0x55a0c0aa95c0:  set ignore_undos=0
push_undo: GimpLayerUndo=55
gimp_plug_in_manager_call_run_full
gimp_plug_in_get_proc_frame=0x55a0c0aa95c0:  set ignore_undos=0
push_undo: GimpDrawableUndo=47
gimp_plug_in_manager_call_run_full
gimp_plug_in_get_proc_frame=0x55a0c0aa95c0:  set ignore_undos=0
script-fu-Warning: EDGE_CASE_DONE=edge-5x1-m3-w2

gimp_plug_in_manager_call_run_full
gimp_plug_in_get_proc_frame=0x55a0c0aa95c0:  set ignore_undos=0
push_undo: GimpLayerUndo=55
gimp_plug_in_manager_call_run_full
gimp_plug_in_get_proc_frame=0x55a0c0aa95c0:  set ignore_undos=0
push_undo: GimpDrawableUndo=47
gimp_plug_in_manager_call_run_full
gimp_plug_in_get_proc_frame=0x55a0c0aa95c0:  set ignore_undos=0
script-fu-Warning: EDGE_CASE_DONE=edge-5x1-m3-w3

gimp_plug_in_manager_call_run_full
gimp_plug_in_get_proc_frame=0x55a0c0aa95c0:  set ignore_undos=0
push_undo: GimpLayerUndo=55
gimp_plug_in_manager_call_run_full
gimp_plug_in_get_proc_frame=0x55a0c0aa95c0:  set ignore_undos=0
push_undo: GimpDrawableUndo=47
gimp_plug_in_manager_call_run_full
gimp_plug_in_get_proc_frame=0x55a0c0aa95c0:  set ignore_undos=0
script-fu-Warning: EDGE_CASE_DONE=edge-5x1-m4-w1

gimp_plug_in_manager_call_run_full
gimp_plug_in_get_proc_frame=0x55a0c0aa95c0:  set ignore_undos=0
push_undo: GimpLayerUndo=55
gimp_plug_in_manager_call_run_full
gimp_plug_in_get_proc_frame=0x55a0c0aa95c0:  set ignore_undos=0
push_undo: GimpDrawableUndo=47
gimp_plug_in_manager_call_run_full
gimp_plug_in_get_proc_frame=0x55a0c0aa95c0:  set ignore_undos=0
script-fu-Warning: EDGE_CASE_DONE=edge-5x1-m4-w2

gimp_plug_in_manager_call_run_full
gimp_plug_in_get_proc_frame=0x55a0c0aa95c0:  set ignore_undos=0
push_undo: GimpLayerUndo=55
gimp_plug_in_manager_call_run_full
gimp_plug_in_get_proc_frame=0x55a0c0aa95c0:  set ignore_undos=0
push_undo: GimpDrawableUndo=47
gimp_plug_in_manager_call_run_full
gimp_plug_in_get_proc_frame=0x55a0c0aa95c0:  set ignore_undos=0
script-fu-Warning: EDGE_CASE_DONE=edge-5x1-m4-w3

gimp_plug_in_manager_call_run_full
gimp_plug_in_get_proc_frame=0x55a0c0aa95c0:  set ignore_undos=0
push_undo: GimpLayerUndo=55
gimp_plug_in_manager_call_run_full
gimp_plug_in_get_proc_frame=0x55a0c0aa95c0:  set ignore_undos=0
push_undo: GimpDrawableUndo=47
gimp_plug_in_manager_call_run_full
gimp_plug_in_get_proc_frame=0x55a0c0aa95c0:  set ignore_undos=0
script-fu-Warning: EDGE_CASE_DONE=edge-5x1-m5-w1

gimp_plug_in_manager_call_run_full
gimp_plug_in_get_proc_frame=0x55a0c0aa95c0:  set ignore_undos=0
push_undo: GimpLayerUndo=55
gimp_plug_in_manager_call_run_full
gimp_plug_in_get_proc_frame=0x55a0c0aa95c0:  set ignore_undos=0
push_undo: GimpDrawableUndo=47
gimp_plug_in_manager_call_run_full
gimp_plug_in_get_proc_frame=0x55a0c0aa95c0:  set ignore_undos=0
script-fu-Warning: EDGE_CASE_DONE=edge-5x1-m5-w2

gimp_plug_in_manager_call_run_full
gimp_plug_in_get_proc_frame=0x55a0c0aa95c0:  set ignore_undos=0
push_undo: GimpLayerUndo=55
gimp_plug_in_manager_call_run_full
gimp_plug_in_get_proc_frame=0x55a0c0aa95c0:  set ignore_undos=0
push_undo: GimpDrawableUndo=47
gimp_plug_in_manager_call_run_full
gimp_plug_in_get_proc_frame=0x55a0c0aa95c0:  set ignore_undos=0
script-fu-Warning: EDGE_CASE_DONE=edge-5x1-m5-w3

gimp_plug_in_manager_call_run_full
gimp_plug_in_get_proc_frame=0x55a0c0aa95c0:  set ignore_undos=0
push_undo: GimpLayerUndo=55
gimp_plug_in_manager_call_run_full
gimp_plug_in_get_proc_frame=0x55a0c0aa95c0:  set ignore_undos=0
script-fu-Warning: EDGE_INPUT_LOADED=67x66

gimp_plug_in_manager_call_run_full
gimp_plug_in_get_proc_frame=0x55a0c0aa95c0:  set ignore_undos=0
push_undo: GimpLayerUndo=55
gimp_plug_in_manager_call_run_full
gimp_plug_in_get_proc_frame=0x55a0c0aa95c0:  set ignore_undos=0
push_undo: GimpDrawableUndo=47
gimp_plug_in_manager_call_run_full
gimp_plug_in_get_proc_frame=0x55a0c0aa95c0:  set ignore_undos=0
script-fu-Warning: EDGE_CASE_DONE=edge-67x66-m0-w1

gimp_plug_in_manager_call_run_full
gimp_plug_in_get_proc_frame=0x55a0c0aa95c0:  set ignore_undos=0
push_undo: GimpLayerUndo=55
gimp_plug_in_manager_call_run_full
gimp_plug_in_get_proc_frame=0x55a0c0aa95c0:  set ignore_undos=0
push_undo: GimpDrawableUndo=47
gimp_plug_in_manager_call_run_full
gimp_plug_in_get_proc_frame=0x55a0c0aa95c0:  set ignore_undos=0
script-fu-Warning: EDGE_CASE_DONE=edge-67x66-m0-w3

gimp_plug_in_manager_call_run_full
gimp_plug_in_get_proc_frame=0x55a0c0aa95c0:  set ignore_undos=0
push_undo: GimpLayerUndo=55
gimp_plug_in_manager_call_run_full
gimp_plug_in_get_proc_frame=0x55a0c0aa95c0:  set ignore_undos=0
push_undo: GimpDrawableUndo=47
gimp_plug_in_manager_call_run_full
gimp_plug_in_get_proc_frame=0x55a0c0aa95c0:  set ignore_undos=0
script-fu-Warning: EDGE_CASE_DONE=edge-67x66-m5-w1

gimp_plug_in_manager_call_run_full
gimp_plug_in_get_proc_frame=0x55a0c0aa95c0:  set ignore_undos=0
push_undo: GimpLayerUndo=55
gimp_plug_in_manager_call_run_full
gimp_plug_in_get_proc_frame=0x55a0c0aa95c0:  set ignore_undos=0
push_undo: GimpDrawableUndo=47
gimp_plug_in_manager_call_run_full
gimp_plug_in_get_proc_frame=0x55a0c0aa95c0:  set ignore_undos=0
script-fu-Warning: EDGE_CASE_DONE=edge-67x66-m5-w3

batch command executed successfully
gimp_plug_in_manager_call_run_full
gimp_plug_in_get_proc_frame=0x55a0c08a8090:  set ignore_undos=0
