ninja: Entering directory `/workspace/scratch/5b5281e79681/gimp-painter/build-debian13'
[1/52] Linking target modules/libcolor-selector-cmyk.so
[2/52] Generating libgimp/check-def-files with a custom command
[3/52] Linking target modules/libcolor-selector-wheel.so
[4/52] Linking target modules/libcolor-selector-water.so
[5/52] Linking target modules/libdisplay-filter-clip-warning.so
[6/52] Generating git-version.h.in.1 with a custom command
[7/52] Linking target modules/libdisplay-filter-color-blind.so
[8/52] Linking target modules/libdisplay-filter-aces-rrt.so
[9/52] Generating git-version.h.in.2 with a custom command
[10/52] Linking target modules/libdisplay-filter-gamma.so
[11/52] Linking target modules/libdisplay-filter-high-contrast.so
[12/52] Generating git-version.h with a custom command
[13/52] Linking target modules/libcontroller-midi.so
[14/52] Linking target plug-ins/script-fu/interpreter/gimp-script-fu-interpreter-3.0
[15/52] Compiling C object app/dialogs/libappdialogs.a.p/about-dialog.c.o
[16/52] Compiling C object app/display/libappdisplay.a.p/gimpdisplayshell-callbacks.c.o
[17/52] Compiling C object app/libapp.a.p/gimp-version.c.o
[18/52] Linking static target app/dialogs/libappdialogs.a
[19/52] Linking static target app/display/libappdisplay.a
[20/52] Linking static target app/libapp.a
[21/52] Linking target app/config/test-config
[22/52] Compiling C object app/gimp-console-3.0.p/gimp-version.c.o
[23/52] Linking target app/gimp-console-3.0
[24/52] Linking target app-tools/gimp-debug-tool-3.0
[25/52] Linking target app/gimp-3.0
[26/52] Merging translations for extensions/goat-exercises/org.gimp.extension.goat-exercises.metainfo.xml
[27/52] Generating gimp-data/images/logo/gimp-logo.png with a custom command
[28/52] Generating gimp-data/images/logo/gimp16x16.png with a custom command
[29/52] Generating gimp-data/images/logo/gimp22x22.png with a custom command
[30/52] Generating gimp-data/images/logo/gimp24x24.png with a custom command
[31/52] Generating gimp-data/images/logo/gimp32x32.png with a custom command
[32/52] Generating gimp-data/images/logo/gimp36x36.png with a custom command
[33/52] Generating gimp-data/images/logo/gimp48x48.png with a custom command
[34/52] Generating gimp-data/images/logo/gimp64x64.png with a custom command
[35/52] Generating gimp-data/images/logo/gimp72x72.png with a custom command
[36/52] Generating gimp-data/images/logo/gimp96x96.png with a custom command
[37/52] Generating gimp-data/images/logo/gimp128x128.png with a custom command
[38/52] Generating gimp-data/images/logo/gimp192x192.png with a custom command
[39/52] Generating gimp-data/images/logo/gimp256x256.png with a custom command
[40/52] Generating gimp-data/images/logo/gimp512x512.png with a custom command
[41/52] Linking target app/tests/core
[42/52] Linking target app/tests/gimpidtable
[43/52] Merging translations for desktop/gimp.desktop
[44/52] Generating libgimp/tests/test-color-parser.dummy with a custom command
[45/52] Generating libgimp/tests/test-export-options.dummy with a custom command
[46/52] Generating libgimp/tests/test-image.dummy with a custom command
[47/52] Generating libgimp/tests/test-palette.dummy with a custom command
[48/52] Generating libgimp/tests/test-selection-float.dummy with a custom command
[49/52] Generating libgimp/tests/test-unit.dummy with a custom command
[50/52] Linking target app/tests/xcf
[51/52] Merging translations for desktop/org.gimp.GIMP.appdata.xml
[52/52] Generating gimp-data/images/gimp-splash.png with a custom command (wrapped by meson to set env, to feed input)
INFO: autodetecting backend as ninja
INFO: calculating backend command to run: /workspace/shared/gimp-build-deps/root/usr/bin/ninja -C /workspace/scratch/5b5281e79681/gimp-painter/build-debian13 -j 4
