  Installing layer-presets-path with default = ${gimp_dir}/layer-presets:${gimp_data_dir}/layer-presets
  Installing layer-presets-path-writable with default = ${gimp_dir}/layer-presets
GimpCoreConfig: Set properties_base to 62
  Installed set_property_handler
  Installed get_property_handler
Installed::N4GLib13GClassWrapperINS_11UseCStructsI15_GimpBaseConfig15_GimpCoreConfigEEE9WithClassE-> prop=layer-presets-path, id=62
  Kept set_property_handler
  Kept get_property_handler
Installed::N4GLib13GClassWrapperINS_11UseCStructsI15_GimpBaseConfig15_GimpCoreConfigEEE9WithClassE-> prop=layer-presets-path-writable, id=63
Install ConfigExtender.
set::readonly path to `${gimp_dir}/layer-presets:${gimp_data_dir}/layer-presets'
set::writable path to `${gimp_dir}/layer-presets'
Install ConfigExtender.
set::readonly path to `${gimp_dir}/layer-presets:${gimp_data_dir}/layer-presets'
set::writable path to `${gimp_dir}/layer-presets'

(gimp-console-2.8:7): GLib-GObject-CRITICAL **: 22:37:25.254: g_value_set_object: assertion 'G_VALUE_HOLDS_OBJECT (value)' failed

(gimp-console-2.8:7): GLib-GObject-CRITICAL **: 22:37:25.254: g_value_set_object: assertion 'G_VALUE_HOLDS_OBJECT (value)' failed
get::readonly path
get::readonly path
get::writable path
get::writable path

(gimp-console-2.8:7): GLib-GObject-CRITICAL **: 22:37:25.256: g_object_set_is_valid_property: object class 'GeglConfig' has no property named 'cache-size'
GimpJsonResource: Set properties_base to 8
  Installed set_property_handler
  Installed get_property_handler
Installed::N4GLib13GClassWrapperINS_11UseCStructsI9_GimpData17_GimpJsonResourceEEE9WithClassE-> prop=root, id=8
Feature::entry_point: add restore/exit on initialize.
unknown key 'colorize'
unknown key 'colorize'
unknown key 'colorize'
unknown key 'colorize'
unknown key 'colorize'
unknown key 'colorize'
unknown key 'colorize'
unknown key 'colorize'
unknown key 'colorize'
unknown key 'colorize'
unknown key 'colorize'
unknown key 'colorize'
unknown key 'colorize'
unknown key 'colorize'
unknown key 'colorize'
unknown key 'colorize'
unknown key 'colorize'
unknown key 'colorize'
unknown key 'colorize'
unknown key 'colorize'
unknown key 'colorize'
unknown key 'colorize'
unknown key 'colorize'
unknown key 'colorize'
unknown key 'colorize'
unknown key 'colorize'
unknown key 'colorize'
unknown key 'colorize'
unknown key 'colorize'
unknown key 'colorize'
unknown key 'colorize'
unknown key 'colorize'
unknown key 'colorize'
unknown key 'colorize'
unknown key 'colorize'
unknown key 'colorize'
unknown key 'colorize'
unknown key 'colorize'
unknown key 'colorize'
unknown key 'colorize'
unknown key 'colorize'
unknown key 'colorize'
unknown key 'colorize'
unknown key 'colorize'
unknown key 'colorize'
unknown key 'colorize'
unknown key 'colorize'
unknown key 'colorize'
unknown key 'colorize'
unknown key 'colorize'
unknown key 'colorize'
unknown key 'colorize'
unknown key 'colorize'
unknown key 'colorize'
unknown key 'colorize'
unknown key 'colorize'
unknown key 'colorize'
unknown key 'colorize'
unknown key 'colorize'
unknown key 'colorize'
unknown key 'colorize'
unknown key 'colorize'
unknown key 'colorize'
unknown key 'colorize'
unknown key 'colorize'
unknown key 'colorize'
unknown key 'colorize'
unknown key 'colorize'
unknown key 'colorize'
unknown key 'colorize'
unknown key 'colorize'
unknown key 'colorize'
unknown key 'colorize'
unknown key 'colorize'
unknown key 'colorize'
unknown key 'colorize'
unknown key 'colorize'
unknown key 'colorize'
unknown key 'colorize'
unknown key 'colorize'
unknown key 'colorize'
unknown key 'colorize'
unknown key 'colorize'
unknown key 'colorize'
unknown key 'colorize'
unknown key 'colorize'
unknown key 'colorize'
unknown key 'colorize'
unknown key 'colorize'
unknown key 'colorize'
unknown key 'snap_to_pixel'
unknown key 'colorize'
unknown key 'colorize'
unknown key 'colorize'
unknown key 'colorize'
unknown key 'colorize'
unknown key 'colorize'
unknown key 'colorize'
unknown key 'colorize'
unknown key 'colorize'
unknown key 'colorize'
unknown key 'colorize'
unknown key 'colorize'
unknown key 'colorize'
unknown key 'colorize'
unknown key 'colorize'
unknown key 'colorize'
unknown key 'colorize'
unknown key 'colorize'
unknown key 'colorize'
unknown key 'colorize'
unknown key 'colorize'
unknown key 'colorize'
Failed to read `/workspace/shared/gimp-legacy-build/prefix/share/gimp/2.0/mypaint-brushes/deevad/thin_watercolor.myb': fallback to v2.
invalid key 'colorize'
unknown key 'colorize'
unknown key 'colorize'
unknown key 'colorize'
unknown key 'colorize'
unknown key 'colorize'
unknown key 'colorize'
unknown key 'colorize'
unknown key 'colorize'
unknown key 'colorize'
unknown key 'colorize'
unknown key 'colorize'
unknown key 'colorize'
unknown key 'colorize'
unknown key 'colorize'
unknown key 'colorize'
unknown key 'colorize'
unknown key 'colorize'
unknown key 'colorize'
unknown key 'colorize'
unknown key 'colorize'
unknown key 'colorize'
unknown key 'colorize'
unknown key 'pressure_gain_log'
unknown key 'snap_to_pixel'
unknown key 'colorize'
unknown key 'pressure_gain_log'
unknown key 'snap_to_pixel'
unknown key 'colorize'
unknown key 'pressure_gain_log'
unknown key 'snap_to_pixel'
unknown key 'colorize'
unknown key 'pressure_gain_log'
unknown key 'snap_to_pixel'
unknown key 'colorize'
unknown key 'pressure_gain_log'
unknown key 'snap_to_pixel'
unknown key 'colorize'
unknown key 'pressure_gain_log'
unknown key 'snap_to_pixel'
unknown key 'colorize'
unknown key 'pressure_gain_log'
unknown key 'snap_to_pixel'
unknown key 'colorize'
unknown key 'pressure_gain_log'
unknown key 'snap_to_pixel'
unknown key 'colorize'
unknown key 'pressure_gain_log'
unknown key 'snap_to_pixel'
unknown key 'colorize'
unknown key 'pressure_gain_log'
unknown key 'snap_to_pixel'
unknown key 'colorize'
unknown key 'pressure_gain_log'
unknown key 'snap_to_pixel'
unknown key 'colorize'
unknown key 'pressure_gain_log'
unknown key 'snap_to_pixel'
unknown key 'colorize'
unknown key 'pressure_gain_log'
unknown key 'snap_to_pixel'
unknown key 'colorize'
unknown key 'pressure_gain_log'
unknown key 'snap_to_pixel'
unknown key 'colorize'
unknown key 'pressure_gain_log'
unknown key 'snap_to_pixel'
unknown key 'colorize'
unknown key 'pressure_gain_log'
unknown key 'snap_to_pixel'
unknown key 'colorize'
unknown key 'pressure_gain_log'
unknown key 'snap_to_pixel'
unknown key 'colorize'
unknown key 'pressure_gain_log'
unknown key 'snap_to_pixel'
unknown key 'colorize'
unknown key 'pressure_gain_log'
unknown key 'snap_to_pixel'
unknown key 'colorize'
unknown key 'pressure_gain_log'
unknown key 'snap_to_pixel'
unknown key 'colorize'
unknown key 'colorize'
unknown key 'colorize'
unknown key 'colorize'
unknown key 'colorize'
unknown key 'colorize'
unknown key 'colorize'
unknown key 'colorize'
unknown key 'colorize'
unknown key 'colorize'
unknown key 'snap_to_pixel'
unknown key 'colorize'
unknown key 'colorize'
unknown key 'colorize'
unknown key 'snap_to_pixel'
unknown key 'colorize'
unknown key 'colorize'
unknown key 'colorize'
unknown key 'colorize'
unknown key 'colorize'
unknown key 'colorize'
unknown key 'colorize'
unknown key 'colorize'
unknown key 'colorize'
unknown key 'colorize'
unknown key 'snap_to_pixel'
Fontconfig error: No writable cache directories
Fontconfig error: No writable cache directories
Fontconfig error: No writable cache directories
Fontconfig error: No writable cache directories
Fontconfig error: No writable cache directories
Fontconfig error: No writable cache directories
Fontconfig error: No writable cache directories
Fontconfig error: No writable cache directories
Fontconfig error: No writable cache directories
Fontconfig error: No writable cache directories
Fontconfig error: No writable cache directories
Fontconfig error: No writable cache directories
Fontconfig error: No writable cache directories
Fontconfig error: No writable cache directories
Fontconfig error: No writable cache directories
Fontconfig error: No writable cache directories
Fontconfig error: No writable cache directories
Fontconfig error: No writable cache directories
Fontconfig error: No writable cache directories
Fontconfig error: No writable cache directories
Fontconfig error: No writable cache directories
Fontconfig error: No writable cache directories
Fontconfig error: No writable cache directories
Fontconfig error: No writable cache directories
Fontconfig error: No writable cache directories
Fontconfig error: No writable cache directories
Fontconfig error: No writable cache directories
Fontconfig error: No writable cache directories
Fontconfig error: No writable cache directories
Fontconfig error: No writable cache directories
Fontconfig error: No writable cache directories
Fontconfig error: No writable cache directories
Fontconfig error: No writable cache directories
Fontconfig error: No writable cache directories
Fontconfig error: No writable cache directories
Fontconfig error: No writable cache directories
Fontconfig error: No writable cache directories
Fontconfig error: No writable cache directories
Fontconfig error: No writable cache directories
Fontconfig error: No writable cache directories
Fontconfig error: No writable cache directories
get::readonly path
get::writable path
PresetFactory::load:: /workspace/shared/gimp-legacy-build/prefix/share/gimp/2.0/layer-presets/watercolor.json
PresetFactory::load:: /workspace/shared/gimp-legacy-build/prefix/share/gimp/2.0/layer-presets/new-anime-layer.json
PresetFactory::load:: /workspace/shared/gimp-legacy-build/prefix/share/gimp/2.0/layer-presets/test.json
PresetFactory::load:: /workspace/shared/gimp-legacy-build/prefix/share/gimp/2.0/layer-presets/crop-with-selection.json
PresetFactory::load:: /workspace/shared/gimp-legacy-build/prefix/share/gimp/2.0/layer-presets/new-cropped-layer.json
PresetFactory::load:: /workspace/shared/gimp-legacy-build/prefix/share/gimp/2.0/layer-presets/test2.json
PresetFactory::load:: /workspace/shared/gimp-legacy-build/prefix/share/gimp/2.0/layer-presets/duplicate-as-normal.json
PresetFactory::load:: /workspace/shared/gimp-legacy-build/prefix/share/gimp/2.0/layer-presets/duplicate-as-clone.json
gimp_plug_in_manager_call_run_full
gimp_plug_in_get_proc_frame=0x55d56a1d2bc0:  set ignore_undos=0
gimp_plug_in_manager_call_run_full
gimp_plug_in_get_proc_frame=0x55d56a181260:  set ignore_undos=0
push_undo: GimpLayerUndo=55
push_undo: GimpLayerUndo=55
push_undo: GimpItemPropUndo=51
push_undo: GimpTextUndo=63
push_undo: GimpTextUndo=63
push_undo: GimpTextUndo=63
push_undo: GimpTextUndo=63
push_undo: GimpTextUndo=63
push_undo: GimpTextUndo=63
push_undo: GimpItemPropUndo=52
push_undo: GimpItemPropUndo=54
push_undo: GimpLayerPropUndo=59
push_undo: GimpLayerMaskUndo=65
push_undo: GimpLayerMaskPropUndo=67
push_undo: GimpLayerMaskPropUndo=68
push_undo: GimpUndo=83
push_undo: GimpChannelUndo=69
push_undo: GimpItemPropUndo=53
push_undo: GimpItemPropUndo=54
push_undo: GimpUndo=83
push_undo: GimpVectorsUndo=72
push_undo: GimpItemPropUndo=53
push_undo: GimpItemPropUndo=54
push_undo: GimpUndo=83
push_undo: GimpImageUndo=42
push_undo: GimpImageUndo=42
push_undo: GimpGuideUndo=45
push_undo: GimpGuideUndo=45
xcf_save[4f8]: layer_props: PROP_END
xcf_save_layer[500]: done: save_layer_props
xcf_save_layer[500]: done: save_offset=508
xcf_save_layer[504]: done: save_layer_mask_offset
xcf_save_layer[508]: xcf_save_hierarchy
xcf_save[508] hierarchy:: write width=152
xcf_save[50c] hierarchy:: write height=24
xcf_save[510] hierarchy:: write bpp=4
xcf_save[514] hierarchy:: write nlevels=4
xcf_save[524] hierarchy::level=0
xcf_save[1b74] hierarchy::level=1
xcf_save[1b80] hierarchy::level=2
xcf_save_layer[1b8c]: done: xcf_save_hierarchy
xcf_save[1c6c]: layer_props: PROP_END
xcf_save_layer[1c74]: done: save_layer_props
xcf_save_layer[1c74]: done: save_offset=1c7c
xcf_save_layer[1c78]: done: save_layer_mask_offset
xcf_save_layer[1c7c]: xcf_save_hierarchy
xcf_save[1c7c] hierarchy:: write width=96
xcf_save[1c80] hierarchy:: write height=80
xcf_save[1c84] hierarchy:: write bpp=4
xcf_save[1c88] hierarchy:: write nlevels=3
xcf_save[1c94] hierarchy::level=0
xcf_save[1cf0] hierarchy::level=1
xcf_save_layer[1cfc]: done: xcf_save_hierarchy
xcf_save[1d78] hierarchy:: write width=96
xcf_save[1d7c] hierarchy:: write height=80
xcf_save[1d80] hierarchy:: write bpp=1
xcf_save[1d84] hierarchy:: write nlevels=3
xcf_save[1d90] hierarchy::level=0
xcf_save[1dbc] hierarchy::level=1
xcf_save[1e89] hierarchy:: write width=96
xcf_save[1e8d] hierarchy:: write height=80
xcf_save[1e91] hierarchy:: write bpp=1
xcf_save[1e95] hierarchy:: write nlevels=3
xcf_save[1ea1] hierarchy::level=0
xcf_save[1ebd] hierarchy::level=1
push_undo: GimpImageUndo=44
push_undo: GimpLayerUndo=55
push_undo: GimpImageUndo=42
xcf_save[24a]: layer_props: PROP_END
xcf_save_layer[252]: done: save_layer_props
xcf_save_layer[252]: done: save_offset=25a
xcf_save_layer[256]: done: save_layer_mask_offset
xcf_save_layer[25a]: xcf_save_hierarchy
xcf_save[25a] hierarchy:: write width=4
xcf_save[25e] hierarchy:: write height=3
xcf_save[262] hierarchy:: write bpp=2
xcf_save[266] hierarchy:: write nlevels=2
xcf_save[26e] hierarchy::level=0
xcf_save_layer[282]: done: xcf_save_hierarchy
script-fu-Warning: LEGACY_XCF_FIELDS_CAPTURE_COMPLETE

batch command executed successfully
gimp_plug_in_manager_call_run_full
gimp_plug_in_get_proc_frame=0x55d56a181260:  set ignore_undos=0
Fontconfig error: No writable cache directories
Fontconfig error: No writable cache directories
Fontconfig error: No writable cache directories
Fontconfig error: No writable cache directories
Fontconfig error: No writable cache directories
Fontconfig error: No writable cache directories
Fontconfig error: No writable cache directories
Fontconfig error: No writable cache directories
Fontconfig error: No writable cache directories
Fontconfig error: No writable cache directories
Fontconfig error: No writable cache directories
Fontconfig error: No writable cache directories
Fontconfig error: No writable cache directories
Fontconfig error: No writable cache directories
Fontconfig error: No writable cache directories
Fontconfig error: No writable cache directories
Fontconfig error: No writable cache directories
Fontconfig error: No writable cache directories
Fontconfig error: No writable cache directories
Fontconfig error: No writable cache directories
Fontconfig error: No writable cache directories
Fontconfig error: No writable cache directories
Fontconfig error: No writable cache directories
Fontconfig error: No writable cache directories
Fontconfig error: No writable cache directories
Fontconfig error: No writable cache directories
Fontconfig error: No writable cache directories
Fontconfig error: No writable cache directories
Fontconfig error: No writable cache directories
Fontconfig error: No writable cache directories
Fontconfig error: No writable cache directories
Fontconfig error: No writable cache directories
Fontconfig error: No writable cache directories
Fontconfig error: No writable cache directories
Fontconfig error: No writable cache directories
Fontconfig error: No writable cache directories
Fontconfig error: No writable cache directories
Fontconfig error: No writable cache directories
Fontconfig error: No writable cache directories
Fontconfig error: No writable cache directories
