fefc8fa5190592780b5bd880226a99344268b07074b294431903583e9b5013c8  /workspace/shared/gimp-legacy-build/prefix/bin/gimp-2.8
  Installing layer-presets-path with default = ${gimp_dir}/layer-presets:${gimp_data_dir}/layer-presets
  Installing layer-presets-path-writable with default = ${gimp_dir}/layer-presets
GimpCoreConfig: Set properties_base to 62
  Installed set_property_handler
  Installed get_property_handler
Installed::N4GLib13GClassWrapperINS_11UseCStructsI15_GimpBaseConfig15_GimpCoreConfigEEE9WithClassE-> prop=layer-presets-path, id=62
  Kept set_property_handler
  Kept get_property_handler
Installed::N4GLib13GClassWrapperINS_11UseCStructsI15_GimpBaseConfig15_GimpCoreConfigEEE9WithClassE-> prop=layer-presets-path-writable, id=63
Install ConfigExtender.
set::readonly path to `${gimp_dir}/layer-presets:${gimp_data_dir}/layer-presets'
set::writable path to `${gimp_dir}/layer-presets'
Install ConfigExtender.
set::readonly path to `${gimp_dir}/layer-presets:${gimp_data_dir}/layer-presets'
set::writable path to `${gimp_dir}/layer-presets'

(gimp-2.8:504983): GLib-GObject-CRITICAL **: 05:45:55.681: g_value_set_object: assertion 'G_VALUE_HOLDS_OBJECT (value)' failed

(gimp-2.8:504983): GLib-GObject-CRITICAL **: 05:45:55.682: g_value_set_object: assertion 'G_VALUE_HOLDS_OBJECT (value)' failed
get::readonly path
get::readonly path
get::writable path
get::writable path

(gimp-2.8:504983): GLib-GObject-CRITICAL **: 05:45:55.683: g_object_set_is_valid_property: object class 'GeglConfig' has no property named 'cache-size'
GimpJsonResource: Set properties_base to 8
  Installed set_property_handler
  Installed get_property_handler
Installed::N4GLib13GClassWrapperINS_11UseCStructsI9_GimpData17_GimpJsonResourceEEE9WithClassE-> prop=root, id=8
Feature::entry_point: add restore/exit on initialize.
BucketFillBrush::register
GimpBucketFillBrushOptions: Set properties_base to 50
OptionsClass::class_init
  Installed set_property_handler
  Installed get_property_handler
Installed::N4GLib13GClassWrapperINS_11DerivedFromI17_GimpPaintOptionsEEE9WithClassE-> prop=rate, id=50
  Kept set_property_handler
  Kept get_property_handler
Installed::N4GLib13GClassWrapperINS_11DerivedFromI17_GimpPaintOptionsEEE9WithClassE-> prop=eraser-mode, id=51
gimp_perspective_guide_tool_register
gimp_perspective_guide_tool_register
GimpPerspectiveGuideOptions: Set properties_base to 25
PerspectiveGuide::OptionsClass::class_init
gimp_image_generator_tool_register
gimp_image_generator_tool_register
GimpImageGeneratorOptions: Set properties_base to 25
ImageGenerator::OptionsClass::class_init
unknown key 'colorize'
unknown key 'colorize'
unknown key 'colorize'
unknown key 'colorize'
unknown key 'colorize'
unknown key 'colorize'
unknown key 'colorize'
unknown key 'colorize'
unknown key 'colorize'
unknown key 'colorize'
unknown key 'colorize'
unknown key 'colorize'
unknown key 'colorize'
unknown key 'colorize'
unknown key 'colorize'
unknown key 'colorize'
unknown key 'colorize'
unknown key 'colorize'
unknown key 'colorize'
unknown key 'colorize'
unknown key 'colorize'
unknown key 'colorize'
unknown key 'colorize'
unknown key 'colorize'
unknown key 'colorize'
unknown key 'colorize'
unknown key 'colorize'
unknown key 'colorize'
unknown key 'colorize'
unknown key 'colorize'
unknown key 'colorize'
unknown key 'colorize'
unknown key 'colorize'
unknown key 'colorize'
unknown key 'colorize'
unknown key 'colorize'
unknown key 'colorize'
unknown key 'colorize'
unknown key 'colorize'
unknown key 'colorize'
unknown key 'colorize'
unknown key 'colorize'
unknown key 'colorize'
unknown key 'colorize'
unknown key 'colorize'
unknown key 'colorize'
unknown key 'colorize'
unknown key 'colorize'
unknown key 'colorize'
unknown key 'colorize'
unknown key 'colorize'
unknown key 'colorize'
unknown key 'colorize'
unknown key 'colorize'
unknown key 'colorize'
unknown key 'colorize'
unknown key 'colorize'
unknown key 'colorize'
unknown key 'colorize'
unknown key 'colorize'
unknown key 'colorize'
unknown key 'colorize'
unknown key 'colorize'
unknown key 'colorize'
unknown key 'colorize'
unknown key 'colorize'
unknown key 'colorize'
unknown key 'colorize'
unknown key 'colorize'
unknown key 'colorize'
unknown key 'colorize'
unknown key 'colorize'
unknown key 'colorize'
unknown key 'colorize'
unknown key 'colorize'
unknown key 'colorize'
unknown key 'colorize'
unknown key 'colorize'
unknown key 'colorize'
unknown key 'colorize'
unknown key 'colorize'
unknown key 'colorize'
unknown key 'colorize'
unknown key 'colorize'
unknown key 'colorize'
unknown key 'colorize'
unknown key 'colorize'
unknown key 'colorize'
unknown key 'colorize'
unknown key 'colorize'
unknown key 'snap_to_pixel'
unknown key 'colorize'
unknown key 'colorize'
unknown key 'colorize'
unknown key 'colorize'
unknown key 'colorize'
unknown key 'colorize'
unknown key 'colorize'
unknown key 'colorize'
unknown key 'colorize'
unknown key 'colorize'
unknown key 'colorize'
unknown key 'colorize'
unknown key 'colorize'
unknown key 'colorize'
unknown key 'colorize'
unknown key 'colorize'
unknown key 'colorize'
unknown key 'colorize'
unknown key 'colorize'
unknown key 'colorize'
unknown key 'colorize'
unknown key 'colorize'
Failed to read `/workspace/shared/gimp-legacy-build/prefix/share/gimp/2.0/mypaint-brushes/deevad/thin_watercolor.myb': fallback to v2.
invalid key 'colorize'
unknown key 'colorize'
unknown key 'colorize'
unknown key 'colorize'
unknown key 'colorize'
unknown key 'colorize'
unknown key 'colorize'
unknown key 'colorize'
unknown key 'colorize'
unknown key 'colorize'
unknown key 'colorize'
unknown key 'colorize'
unknown key 'colorize'
unknown key 'colorize'
unknown key 'colorize'
unknown key 'colorize'
unknown key 'colorize'
unknown key 'colorize'
unknown key 'colorize'
unknown key 'colorize'
unknown key 'colorize'
unknown key 'colorize'
unknown key 'colorize'
unknown key 'pressure_gain_log'
unknown key 'snap_to_pixel'
unknown key 'colorize'
unknown key 'pressure_gain_log'
unknown key 'snap_to_pixel'
unknown key 'colorize'
unknown key 'pressure_gain_log'
unknown key 'snap_to_pixel'
unknown key 'colorize'
unknown key 'pressure_gain_log'
unknown key 'snap_to_pixel'
unknown key 'colorize'
unknown key 'pressure_gain_log'
unknown key 'snap_to_pixel'
unknown key 'colorize'
unknown key 'pressure_gain_log'
unknown key 'snap_to_pixel'
unknown key 'colorize'
unknown key 'pressure_gain_log'
unknown key 'snap_to_pixel'
unknown key 'colorize'
unknown key 'pressure_gain_log'
unknown key 'snap_to_pixel'
unknown key 'colorize'
unknown key 'pressure_gain_log'
unknown key 'snap_to_pixel'
unknown key 'colorize'
unknown key 'pressure_gain_log'
unknown key 'snap_to_pixel'
unknown key 'colorize'
unknown key 'pressure_gain_log'
unknown key 'snap_to_pixel'
unknown key 'colorize'
unknown key 'pressure_gain_log'
unknown key 'snap_to_pixel'
unknown key 'colorize'
unknown key 'pressure_gain_log'
unknown key 'snap_to_pixel'
unknown key 'colorize'
unknown key 'pressure_gain_log'
unknown key 'snap_to_pixel'
unknown key 'colorize'
unknown key 'pressure_gain_log'
unknown key 'snap_to_pixel'
unknown key 'colorize'
unknown key 'pressure_gain_log'
unknown key 'snap_to_pixel'
unknown key 'colorize'
unknown key 'pressure_gain_log'
unknown key 'snap_to_pixel'
unknown key 'colorize'
unknown key 'pressure_gain_log'
unknown key 'snap_to_pixel'
unknown key 'colorize'
unknown key 'pressure_gain_log'
unknown key 'snap_to_pixel'
unknown key 'colorize'
unknown key 'pressure_gain_log'
unknown key 'snap_to_pixel'
unknown key 'colorize'
unknown key 'colorize'
unknown key 'colorize'
unknown key 'colorize'
unknown key 'colorize'
unknown key 'colorize'
unknown key 'colorize'
unknown key 'colorize'
unknown key 'colorize'
unknown key 'colorize'
unknown key 'snap_to_pixel'
unknown key 'colorize'
unknown key 'colorize'
unknown key 'colorize'
unknown key 'snap_to_pixel'
unknown key 'colorize'
unknown key 'colorize'
unknown key 'colorize'
unknown key 'colorize'
unknown key 'colorize'
unknown key 'colorize'
unknown key 'colorize'
unknown key 'colorize'
unknown key 'colorize'
unknown key 'colorize'
unknown key 'snap_to_pixel'
Failed to parse tag cache: No such file or directory
index=0
index=1
index=2
index=3
index=4

(gimp-2.8:504983): Gimp-Widgets-WARNING **: 05:45:56.091: gimp_prop_spin_scale_new: GimpImageGeneratorOptions has no property named 'rate'

(gimp-2.8:504983): Gtk-CRITICAL **: 05:45:56.091: gtk_box_pack: assertion 'GTK_IS_WIDGET (child)' failed

(gimp-2.8:504983): Gtk-CRITICAL **: 05:45:56.091: IA__gtk_widget_show: assertion 'GTK_IS_WIDGET (widget)' failed

(gimp-2.8:504983): LibGimpWidgets-WARNING **: 05:45:56.091: gimp_prop_check_button_new: GimpImageGeneratorOptions has no property named 'eraser-mode'

(gimp-2.8:504983): Gtk-CRITICAL **: 05:45:56.091: gtk_box_pack: assertion 'GTK_IS_WIDGET (child)' failed

(gimp-2.8:504983): Gtk-CRITICAL **: 05:45:56.091: IA__gtk_widget_show: assertion 'GTK_IS_WIDGET (widget)' failed

(gimp-2.8:504983): Gimp-Widgets-WARNING **: 05:45:56.094: gimp_prop_spin_scale_new: GimpImageGeneratorOptions has no property named 'rate'

(gimp-2.8:504983): Gtk-CRITICAL **: 05:45:56.094: gtk_box_pack: assertion 'GTK_IS_WIDGET (child)' failed

(gimp-2.8:504983): Gtk-CRITICAL **: 05:45:56.094: IA__gtk_widget_show: assertion 'GTK_IS_WIDGET (widget)' failed

(gimp-2.8:504983): LibGimpWidgets-WARNING **: 05:45:56.094: gimp_prop_check_button_new: GimpImageGeneratorOptions has no property named 'eraser-mode'

(gimp-2.8:504983): Gtk-CRITICAL **: 05:45:56.094: gtk_box_pack: assertion 'GTK_IS_WIDGET (child)' failed

(gimp-2.8:504983): Gtk-CRITICAL **: 05:45:56.094: IA__gtk_widget_show: assertion 'GTK_IS_WIDGET (widget)' failed

(gimp-2.8:504983): LibGimpWidgets-WARNING **: 05:45:56.117: gimp_prop_enum_combo_box_new: GimpTransformOptions has no property named 'preview-type'

(gimp-2.8:504983): Gtk-CRITICAL **: 05:45:56.117: gtk_box_pack: assertion 'GTK_IS_WIDGET (child)' failed

(gimp-2.8:504983): Gtk-CRITICAL **: 05:45:56.117: IA__gtk_widget_show: assertion 'GTK_IS_WIDGET (widget)' failed

(gimp-2.8:504983): Gtk-WARNING **: 05:45:56.117: Attempting to add a widget with type GtkVBox to a GimpFrame, but as a GtkBin subclass a GimpFrame can only contain one widget at a time; it already contains a widget of type GimpSpinScale

(gimp-2.8:504983): LibGimpWidgets-WARNING **: 05:45:56.118: gimp_prop_enum_combo_box_new: GimpTransformOptions has no property named 'preview-type'

(gimp-2.8:504983): Gtk-CRITICAL **: 05:45:56.118: gtk_box_pack: assertion 'GTK_IS_WIDGET (child)' failed

(gimp-2.8:504983): Gtk-CRITICAL **: 05:45:56.118: IA__gtk_widget_show: assertion 'GTK_IS_WIDGET (widget)' failed

(gimp-2.8:504983): Gtk-WARNING **: 05:45:56.118: Attempting to add a widget with type GtkVBox to a GimpFrame, but as a GtkBin subclass a GimpFrame can only contain one widget at a time; it already contains a widget of type GimpSpinScale

(gimp-2.8:504983): LibGimpWidgets-WARNING **: 05:45:56.120: gimp_prop_enum_combo_box_new: GimpTransformOptions has no property named 'preview-type'

(gimp-2.8:504983): Gtk-CRITICAL **: 05:45:56.120: gtk_box_pack: assertion 'GTK_IS_WIDGET (child)' failed

(gimp-2.8:504983): Gtk-CRITICAL **: 05:45:56.120: IA__gtk_widget_show: assertion 'GTK_IS_WIDGET (widget)' failed

(gimp-2.8:504983): Gtk-WARNING **: 05:45:56.120: Attempting to add a widget with type GtkVBox to a GimpFrame, but as a GtkBin subclass a GimpFrame can only contain one widget at a time; it already contains a widget of type GimpSpinScale

(gimp-2.8:504983): LibGimpWidgets-WARNING **: 05:45:56.121: gimp_prop_enum_combo_box_new: GimpTransformOptions has no property named 'preview-type'

(gimp-2.8:504983): Gtk-CRITICAL **: 05:45:56.122: gtk_box_pack: assertion 'GTK_IS_WIDGET (child)' failed

(gimp-2.8:504983): Gtk-CRITICAL **: 05:45:56.122: IA__gtk_widget_show: assertion 'GTK_IS_WIDGET (widget)' failed

(gimp-2.8:504983): Gtk-WARNING **: 05:45:56.122: Attempting to add a widget with type GtkVBox to a GimpFrame, but as a GtkBin subclass a GimpFrame can only contain one widget at a time; it already contains a widget of type GimpSpinScale
DynamicsDialogPrivate::new
index=0
index=2
index=4
no matching texture found for Missing paper: preserve reference
no matching texture found for Missing paper: preserve reference
no matching texture found for Missing paper: preserve reference
MYPAINTOPTIONSGUI::create...
BrushSettingGroup::NOT_FOUND::colorize
radius-logarithmic : type=double
radius-by-random : type=double
hardness : type=double
anti-aliasing : type=double
eraser : type=double
offset-by-random : type=double
elliptical-dab-angle : type=double
elliptical-dab-ratio : type=double
direction-filter : type=double
opaque : type=double
opaque-multiply : type=double
opaque-linearize : type=double
lock-alpha : type=double
dabs-per-basic-radius : type=double
dabs-per-actual-radius : type=double
dabs-per-second : type=double
use-gimp-brushmark : type=boolean
brushmark-specified : type=boolean
smudge : type=double
smudge-length : type=double
smudge-radius-log : type=double
speed1-slowness : type=double
speed2-slowness : type=double
speed1-gamma : type=double
speed2-gamma : type=double
offset-by-speed : type=double
offset-by-speed-slowness : type=double
slow-tracking : type=double
slow-tracking-per-dab : type=double
tracking-noise : type=double
stroke-threshold : type=double
stroke-duration-logarithmic : type=double
stroke-holdtime : type=double
non-incremental : type=boolean
stroke-opacity : type=double
change-color-h : type=double
change-color-l : type=double
change-color-hsl-s : type=double
change-color-v : type=double
change-color-hsv-s : type=double
restore-color : type=double
use-gimp-texture : type=boolean
texture-specified : type=boolean
texture-grain : type=double
texture-contrast : type=double
custom-input : type=double
custom-input-slowness : type=double

(gimp-2.8:504983): Gtk-CRITICAL **: 05:45:56.155: gtk_box_pack: assertion 'child->parent == NULL' failed

(gimp-2.8:504983): Gtk-CRITICAL **: 05:45:56.160: gtk_box_pack: assertion 'child->parent == NULL' failed
DynamicsDialogPrivate::new
DynamicsDialogPrivate::new
DynamicsDialogPrivate::new
DynamicsDialogPrivate::new

(gimp-2.8:504983): Gtk-CRITICAL **: 05:45:56.215: IA__gtk_table_attach: assertion 'GTK_IS_TABLE (table)' failed

(gimp-2.8:504983): Gtk-CRITICAL **: 05:45:56.215: IA__gtk_table_attach: assertion 'GTK_IS_TABLE (table)' failed
DynamicsDialogPrivate::new
DynamicsDialogPrivate::new
DynamicsDialogPrivate::new
DynamicsDialogPrivate::new
DynamicsDialogPrivate::new
DynamicsDialogPrivate::new
DynamicsDialogPrivate::new
get::readonly path
get::writable path
PresetFactory::load:: /workspace/shared/gimp-legacy-build/prefix/share/gimp/2.0/layer-presets/watercolor.json
PresetFactory::load:: /workspace/shared/gimp-legacy-build/prefix/share/gimp/2.0/layer-presets/new-anime-layer.json
PresetFactory::load:: /workspace/shared/gimp-legacy-build/prefix/share/gimp/2.0/layer-presets/test.json
PresetFactory::load:: /workspace/shared/gimp-legacy-build/prefix/share/gimp/2.0/layer-presets/crop-with-selection.json
PresetFactory::load:: /workspace/shared/gimp-legacy-build/prefix/share/gimp/2.0/layer-presets/new-cropped-layer.json
PresetFactory::load:: /workspace/shared/gimp-legacy-build/prefix/share/gimp/2.0/layer-presets/test2.json
PresetFactory::load:: /workspace/shared/gimp-legacy-build/prefix/share/gimp/2.0/layer-presets/duplicate-as-normal.json
PresetFactory::load:: /workspace/shared/gimp-legacy-build/prefix/share/gimp/2.0/layer-presets/duplicate-as-clone.json
PresetGuiFactory::on_restore::GimpDialogFactory=0x55d4f38bfa10
PresetGuiFactory::on_restore::end
gimp_plug_in_manager_call_run_full
gimp_plug_in_get_proc_frame=0x55d4f45b5830:  set ignore_undos=0

(gimp-2.8:504983): Gtk-WARNING **: 05:45:58.874: Unable to parse accelerator ']' for action 'tools-bucket-fill-brush'
PresetGuiFactory::dialog_entry_point: group=0x55d4f498f9c0
  Register: dialogs-layer-presets
PresetGuiFactory::dialog_entry_point: end
gimp_display_new:image=(nil)

(gimp-2.8:504983): Gtk-WARNING **: 05:45:58.907: Unable to parse accelerator ']' for action 'tools-bucket-fill-brush'
PresetGuiFactory::dialog_entry_point: group=0x55d4f4bc9b50
  Register: dialogs-layer-presets
PresetGuiFactory::dialog_entry_point: end

(gimp-2.8:504983): Gtk-CRITICAL **: 05:45:59.002: gtk_box_pack: assertion 'GTK_IS_WIDGET (child)' failed
Config: 0x55d4f394cbf0 for non-toolbar mode: show_docks=1, toolbar_window=(nil)
gimp_image_window_switch_active_shell:toolbar_window=0
gimp_image_window_switch_active_shell:active_shell=0

(gimp-2.8:504983): Gtk-CRITICAL **: 05:45:59.016: IA__gtk_toggle_button_set_active: assertion 'GTK_IS_TOGGLE_BUTTON (toggle_button)' failed
Attach new OverlayWidgetDecorator to docks.
dispose layer_view

(gimp-2.8:504983): GLib-GObject-CRITICAL **: 05:45:59.026: g_object_get_data: assertion 'G_IS_OBJECT (object)' failed
dispose toolbox

(gimp-2.8:504983): GLib-GObject-CRITICAL **: 05:45:59.026: g_object_get_data: assertion 'G_IS_OBJECT (object)' failed
dispose toolbar

(gimp-2.8:504983): GLib-GObject-CRITICAL **: 05:45:59.026: g_object_get_data: assertion 'G_IS_OBJECT (object)' failed
dispose fg/bg edit

(gimp-2.8:504983): GLib-GObject-CRITICAL **: 05:45:59.026: g_object_get_data: assertion 'G_IS_OBJECT (object)' failed
dispose toolbar

(gimp-2.8:504983): GLib-GObject-CRITICAL **: 05:45:59.026: g_object_get_data: assertion 'G_IS_OBJECT (object)' failed
dispose layer_view

(gimp-2.8:504983): GLib-GObject-CRITICAL **: 05:45:59.030: g_object_get_data: assertion 'G_IS_OBJECT (object)' failed
dispose toolbox

(gimp-2.8:504983): GLib-GObject-CRITICAL **: 05:45:59.030: g_object_get_data: assertion 'G_IS_OBJECT (object)' failed
dispose toolbar

(gimp-2.8:504983): GLib-GObject-CRITICAL **: 05:45:59.030: g_object_get_data: assertion 'G_IS_OBJECT (object)' failed
dispose fg/bg edit

(gimp-2.8:504983): GLib-GObject-CRITICAL **: 05:45:59.030: g_object_get_data: assertion 'G_IS_OBJECT (object)' failed
dispose toolbar

(gimp-2.8:504983): GLib-GObject-CRITICAL **: 05:45:59.030: g_object_get_data: assertion 'G_IS_OBJECT (object)' failed
gimp_display_new:displays=1, return 0x55d4f498fec0
gimp_plug_in_manager_call_run_full
gimp_plug_in_get_proc_frame=0x55d4f4aebad0:  set ignore_undos=0
dispose layer_view

(gimp-2.8:504983): GLib-GObject-CRITICAL **: 05:45:59.125: g_object_get_data: assertion 'G_IS_OBJECT (object)' failed
dispose toolbox

(gimp-2.8:504983): GLib-GObject-CRITICAL **: 05:45:59.125: g_object_get_data: assertion 'G_IS_OBJECT (object)' failed
dispose toolbar

(gimp-2.8:504983): GLib-GObject-CRITICAL **: 05:45:59.125: g_object_get_data: assertion 'G_IS_OBJECT (object)' failed
dispose fg/bg edit

(gimp-2.8:504983): GLib-GObject-CRITICAL **: 05:45:59.125: g_object_get_data: assertion 'G_IS_OBJECT (object)' failed
dispose toolbar

(gimp-2.8:504983): GLib-GObject-CRITICAL **: 05:45:59.125: g_object_get_data: assertion 'G_IS_OBJECT (object)' failed

(gimp-2.8:504983): Gtk-CRITICAL **: 05:45:59.135: IA__gtk_paint_flat_box: assertion 'style->depth == gdk_drawable_get_depth (window)' failed

(gimp-2.8:504983): Gtk-CRITICAL **: 05:45:59.138: IA__gtk_orientable_get_orientation: assertion 'GTK_IS_ORIENTABLE (orientable)' failed

(gimp-2.8:504983): Gtk-CRITICAL **: 05:45:59.138: IA__gtk_orientable_get_orientation: assertion 'GTK_IS_ORIENTABLE (orientable)' failed
gimp_dock_titlebar_update: orientation==vertical ==> 1

(gimp-2.8:504983): Gtk-CRITICAL **: 05:45:59.154: IA__gtk_orientable_get_orientation: assertion 'GTK_IS_ORIENTABLE (orientable)' failed

(gimp-2.8:504983): Gtk-CRITICAL **: 05:45:59.154: IA__gtk_orientable_get_orientation: assertion 'GTK_IS_ORIENTABLE (orientable)' failed
gimp_dock_titlebar_update: orientation==vertical ==> 1

(gimp-2.8:504983): Gtk-CRITICAL **: 05:45:59.155: IA__gtk_notebook_set_action_widget: assertion '!widget || widget->parent == NULL' failed
GimpCellRendererPopup: Set properties_base to 17
  Installed set_property_handler
  Installed get_property_handler
Installed::N4GLib13GClassWrapperINS_11UseCStructsI16_GtkCellRenderer22_GimpCellRendererPopupEEE9WithClassE-> prop=active, id=17
acive::setter
PopoverDecorator::PopoverDecorator

(gimp-2.8:504983): GLib-GObject-CRITICAL **: 05:45:59.167: ../../../gobject/gsignal.c:2436: signal 'scroll-event' is invalid for instance '0x55d4f51712b0' of type 'GimpCellRendererPopup'

(gimp-2.8:504983): GLib-GObject-CRITICAL **: 05:45:59.167: ../../../gobject/gsignal.c:2436: signal 'button-press-event' is invalid for instance '0x55d4f51712b0' of type 'GimpCellRendererPopup'

(gimp-2.8:504983): GLib-GObject-CRITICAL **: 05:45:59.167: ../../../gobject/gsignal.c:2436: signal 'clicked' is invalid for instance '0x55d4f51712b0' of type 'GimpCellRendererPopup'

(gimp-2.8:504983): Gtk-CRITICAL **: 05:45:59.189: IA__gtk_notebook_set_action_widget: assertion '!widget || widget->parent == NULL' failed
brushes: edit_button=55d4f532e670
patterns: edit_button=55d4f53ebcc0
gradients: edit_button=55d4f54cce50
dispose layer_view

(gimp-2.8:504983): GLib-GObject-CRITICAL **: 05:45:59.231: g_object_get_data: assertion 'G_IS_OBJECT (object)' failed
dispose toolbox

(gimp-2.8:504983): GLib-GObject-CRITICAL **: 05:45:59.231: g_object_get_data: assertion 'G_IS_OBJECT (object)' failed
dispose toolbar

(gimp-2.8:504983): GLib-GObject-CRITICAL **: 05:45:59.231: g_object_get_data: assertion 'G_IS_OBJECT (object)' failed
dispose fg/bg edit

(gimp-2.8:504983): GLib-GObject-CRITICAL **: 05:45:59.231: g_object_get_data: assertion 'G_IS_OBJECT (object)' failed
dispose toolbar

(gimp-2.8:504983): GLib-GObject-CRITICAL **: 05:45:59.231: g_object_get_data: assertion 'G_IS_OBJECT (object)' failed

(gimp-2.8:504983): Gtk-CRITICAL **: 05:45:59.233: IA__gtk_paint_flat_box: assertion 'style->depth == gdk_drawable_get_depth (window)' failed
batch command executed successfully
gimp_plug_in_manager_call_run_full
gimp_plug_in_get_proc_frame=0x55d4f511a320:  set ignore_undos=0
gimp_display_delete: execute gimp_image_window_destroy
tooloptions-gui:destroy
tooloptions-gui:destroy
DynamicsDialogPrivate::destroy
tooloptions-gui:destroy
tooloptions-gui:destroy
DynamicsDialogPrivate::destroy
tooloptions-gui:destroy
tooloptions-gui:destroy
DynamicsDialogPrivate::destroy
tooloptions-gui:destroy
tooloptions-gui:destroy
DynamicsDialogPrivate::destroy
tooloptions-gui:destroy
tooloptions-gui:destroy
DynamicsDialogPrivate::destroy
tooloptions-gui:destroy
tooloptions-gui:destroy
DynamicsDialogPrivate::destroy
tooloptions-gui:destroy
tooloptions-gui:destroy
DynamicsDialogPrivate::destroy
tooloptions-gui:destroy
tooloptions-gui:destroy
DynamicsDialogPrivate::destroy
tooloptions-gui:destroy
tooloptions-gui:destroy
DynamicsDialogPrivate::destroy
tooloptions-gui:destroy
tooloptions-gui:destroy
DynamicsDialogPrivate::destroy
tooloptions-gui:destroy
tooloptions-gui:destroy
DynamicsDialogPrivate::destroy
GimpMypaintCore(0x55d4f3856a40)::cleanup
GimpMypaintCore(0x55d4f3856a40)::destructor
GimpMypaintCore(0x55d4f3856a40)::cleanup
LEGACY_PROFILE_CAPTURE_EXIT=0
