  Installing layer-presets-path with default = ${gimp_dir}/layer-presets:${gimp_data_dir}/layer-presets
  Installing layer-presets-path-writable with default = ${gimp_dir}/layer-presets
GimpCoreConfig: Set properties_base to 62
  Installed set_property_handler
  Installed get_property_handler
Installed::N4GLib13GClassWrapperINS_11UseCStructsI15_GimpBaseConfig15_GimpCoreConfigEEE9WithClassE-> prop=layer-presets-path, id=62
  Kept set_property_handler
  Kept get_property_handler
Installed::N4GLib13GClassWrapperINS_11UseCStructsI15_GimpBaseConfig15_GimpCoreConfigEEE9WithClassE-> prop=layer-presets-path-writable, id=63
Install ConfigExtender.
set::readonly path to `${gimp_dir}/layer-presets:${gimp_data_dir}/layer-presets'
set::writable path to `${gimp_dir}/layer-presets'
Install ConfigExtender.
set::readonly path to `${gimp_dir}/layer-presets:${gimp_data_dir}/layer-presets'
set::writable path to `${gimp_dir}/layer-presets'

(gimp-2.8:9): GLib-GObject-CRITICAL **: 12:44:23.998: g_value_set_object: assertion 'G_VALUE_HOLDS_OBJECT (value)' failed

(gimp-2.8:9): GLib-GObject-CRITICAL **: 12:44:23.998: g_value_set_object: assertion 'G_VALUE_HOLDS_OBJECT (value)' failed
get::readonly path
get::readonly path
get::writable path
get::writable path

(gimp-2.8:9): GLib-GObject-CRITICAL **: 12:44:24.002: g_object_set_is_valid_property: object class 'GeglConfig' has no property named 'cache-size'
GimpJsonResource: Set properties_base to 8
  Installed set_property_handler
  Installed get_property_handler
Installed::N4GLib13GClassWrapperINS_11UseCStructsI9_GimpData17_GimpJsonResourceEEE9WithClassE-> prop=root, id=8
Feature::entry_point: add restore/exit on initialize.
Failed to parse tag cache: No such file or directory

(gimp-2.8:9): Gimp-Widgets-CRITICAL **: 12:44:24.010: gimp_dialog_factory_get_singleton: assertion 'gimp_toplevel_factory != NULL' failed
PresetGuiFactory::on_restore::GimpDialogFactory=(nil)

(gimp-2.8:9): Gimp-Widgets-CRITICAL **: 12:44:24.011: gimp_dialog_factory_register_entry: assertion 'GIMP_IS_DIALOG_FACTORY (factory)' failed
PresetGuiFactory::on_restore::end

(gimp-2.8:9): Gimp-Widgets-CRITICAL **: 12:44:24.011: gimp_action_factory_group_register: assertion 'GIMP_IS_ACTION_FACTORY (factory)' failed
gimp_plug_in_manager_call_run_full
gimp_plug_in_get_proc_frame=0x55ef615586f0:  set ignore_undos=0
gimp_plug_in_manager_call_run_full
gimp_plug_in_get_proc_frame=0x55ef616629d0:  set ignore_undos=0
gimp_plug_in_manager_call_run_full
gimp_plug_in_get_proc_frame=0x55ef6175ba20:  set ignore_undos=0
push_undo: GimpLayerUndo=55
gimp_plug_in_manager_call_run_full
gimp_plug_in_get_proc_frame=0x55ef6175ba20:  set ignore_undos=0
script-fu-Warning: GRAY_INPUT_LOADED=5x4 TYPE=3 BASE=1

gimp_plug_in_manager_call_run_full
gimp_plug_in_get_proc_frame=0x55ef6175ba20:  set ignore_undos=0
push_undo: GimpLayerUndo=55
gimp_plug_in_manager_call_run_full
gimp_plug_in_get_proc_frame=0x55ef6175ba20:  set ignore_undos=0
script-fu-Warning: GRAY_INPUT_LOADED=1x1 TYPE=3 BASE=1

gimp_plug_in_manager_call_run_full
gimp_plug_in_get_proc_frame=0x55ef6175ba20:  set ignore_undos=0
push_undo: GimpLayerUndo=55
gimp_plug_in_manager_call_run_full
gimp_plug_in_get_proc_frame=0x55ef6175ba20:  set ignore_undos=0
script-fu-Warning: GRAY_INPUT_LOADED=1x5 TYPE=3 BASE=1

gimp_plug_in_manager_call_run_full
gimp_plug_in_get_proc_frame=0x55ef6175ba20:  set ignore_undos=0
push_undo: GimpLayerUndo=55
gimp_plug_in_manager_call_run_full
gimp_plug_in_get_proc_frame=0x55ef6175ba20:  set ignore_undos=0
script-fu-Warning: GRAY_INPUT_LOADED=5x1 TYPE=3 BASE=1

gimp_plug_in_manager_call_run_full
gimp_plug_in_get_proc_frame=0x55ef6175ba20:  set ignore_undos=0
push_undo: GimpLayerUndo=55
gimp_plug_in_manager_call_run_full
gimp_plug_in_get_proc_frame=0x55ef6175ba20:  set ignore_undos=0
script-fu-Warning: GRAY_INPUT_LOADED=67x66 TYPE=3 BASE=1

gimp_plug_in_manager_call_run_full
gimp_plug_in_get_proc_frame=0x55ef6175ba20:  set ignore_undos=0
push_undo: GimpLayerUndo=55
gimp_plug_in_manager_call_run_full
gimp_plug_in_get_proc_frame=0x55ef6175ba20:  set ignore_undos=0
script-fu-Warning: GRAY_INPUT_LOADED=opaque TYPE=3 BASE=1

gimp_plug_in_manager_call_run_full
gimp_plug_in_get_proc_frame=0x55ef6175ba20:  set ignore_undos=0
push_undo: GimpLayerUndo=55
gimp_plug_in_manager_call_run_full
gimp_plug_in_get_proc_frame=0x55ef6175ba20:  set ignore_undos=0
script-fu-Warning: GRAY_INPUT_LOADED=lowalpha TYPE=3 BASE=1

gimp_plug_in_manager_call_run_full
gimp_plug_in_get_proc_frame=0x55ef6175ba20:  set ignore_undos=0
push_undo: GimpLayerUndo=55
gimp_plug_in_manager_call_run_full
gimp_plug_in_get_proc_frame=0x55ef6175ba20:  set ignore_undos=0
script-fu-Warning: GRAY_INPUT_LOADED=transparent TYPE=3 BASE=1

gimp_plug_in_manager_call_run_full
gimp_plug_in_get_proc_frame=0x55ef6175ba20:  set ignore_undos=0
push_undo: GimpLayerUndo=55
gimp_plug_in_manager_call_run_full
gimp_plug_in_get_proc_frame=0x55ef6175ba20:  set ignore_undos=0
script-fu-Warning: GRAY_INPUT_LOADED=noalpha TYPE=2 BASE=1

gimp_plug_in_manager_call_run_full
gimp_plug_in_get_proc_frame=0x55ef6175ba20:  set ignore_undos=0
push_undo: GimpLayerUndo=55
gimp_plug_in_manager_call_run_full
gimp_plug_in_get_proc_frame=0x55ef6175ba20:  set ignore_undos=0
push_undo: GimpDrawableUndo=47
gimp_plug_in_manager_call_run_full
gimp_plug_in_get_proc_frame=0x55ef6175ba20:  set ignore_undos=0
script-fu-Warning: GRAY_CASE_DONE=edge-5x4-m0-w1-a1.75

gimp_plug_in_manager_call_run_full
gimp_plug_in_get_proc_frame=0x55ef6175ba20:  set ignore_undos=0
push_undo: GimpLayerUndo=55
gimp_plug_in_manager_call_run_full
gimp_plug_in_get_proc_frame=0x55ef6175ba20:  set ignore_undos=0
push_undo: GimpDrawableUndo=47
gimp_plug_in_manager_call_run_full
gimp_plug_in_get_proc_frame=0x55ef6175ba20:  set ignore_undos=0
script-fu-Warning: GRAY_CASE_DONE=edge-5x4-m0-w2-a1.75

gimp_plug_in_manager_call_run_full
gimp_plug_in_get_proc_frame=0x55ef6175ba20:  set ignore_undos=0
push_undo: GimpLayerUndo=55
gimp_plug_in_manager_call_run_full
gimp_plug_in_get_proc_frame=0x55ef6175ba20:  set ignore_undos=0
push_undo: GimpDrawableUndo=47
gimp_plug_in_manager_call_run_full
gimp_plug_in_get_proc_frame=0x55ef6175ba20:  set ignore_undos=0
script-fu-Warning: GRAY_CASE_DONE=edge-5x4-m0-w3-a1.75

gimp_plug_in_manager_call_run_full
gimp_plug_in_get_proc_frame=0x55ef6175ba20:  set ignore_undos=0
push_undo: GimpLayerUndo=55
gimp_plug_in_manager_call_run_full
gimp_plug_in_get_proc_frame=0x55ef6175ba20:  set ignore_undos=0
push_undo: GimpDrawableUndo=47
gimp_plug_in_manager_call_run_full
gimp_plug_in_get_proc_frame=0x55ef6175ba20:  set ignore_undos=0
script-fu-Warning: GRAY_CASE_DONE=edge-5x4-m1-w1-a1.75

gimp_plug_in_manager_call_run_full
gimp_plug_in_get_proc_frame=0x55ef6175ba20:  set ignore_undos=0
push_undo: GimpLayerUndo=55
gimp_plug_in_manager_call_run_full
gimp_plug_in_get_proc_frame=0x55ef6175ba20:  set ignore_undos=0
push_undo: GimpDrawableUndo=47
gimp_plug_in_manager_call_run_full
gimp_plug_in_get_proc_frame=0x55ef6175ba20:  set ignore_undos=0
script-fu-Warning: GRAY_CASE_DONE=edge-5x4-m1-w2-a1.75

gimp_plug_in_manager_call_run_full
gimp_plug_in_get_proc_frame=0x55ef6175ba20:  set ignore_undos=0
push_undo: GimpLayerUndo=55
gimp_plug_in_manager_call_run_full
gimp_plug_in_get_proc_frame=0x55ef6175ba20:  set ignore_undos=0
push_undo: GimpDrawableUndo=47
gimp_plug_in_manager_call_run_full
gimp_plug_in_get_proc_frame=0x55ef6175ba20:  set ignore_undos=0
script-fu-Warning: GRAY_CASE_DONE=edge-5x4-m1-w3-a1.75

gimp_plug_in_manager_call_run_full
gimp_plug_in_get_proc_frame=0x55ef6175ba20:  set ignore_undos=0
push_undo: GimpLayerUndo=55
gimp_plug_in_manager_call_run_full
gimp_plug_in_get_proc_frame=0x55ef6175ba20:  set ignore_undos=0
push_undo: GimpDrawableUndo=47
gimp_plug_in_manager_call_run_full
gimp_plug_in_get_proc_frame=0x55ef6175ba20:  set ignore_undos=0
script-fu-Warning: GRAY_CASE_DONE=edge-5x4-m2-w1-a1.75

gimp_plug_in_manager_call_run_full
gimp_plug_in_get_proc_frame=0x55ef6175ba20:  set ignore_undos=0
push_undo: GimpLayerUndo=55
gimp_plug_in_manager_call_run_full
gimp_plug_in_get_proc_frame=0x55ef6175ba20:  set ignore_undos=0
push_undo: GimpDrawableUndo=47
gimp_plug_in_manager_call_run_full
gimp_plug_in_get_proc_frame=0x55ef6175ba20:  set ignore_undos=0
script-fu-Warning: GRAY_CASE_DONE=edge-5x4-m2-w2-a1.75

gimp_plug_in_manager_call_run_full
gimp_plug_in_get_proc_frame=0x55ef6175ba20:  set ignore_undos=0
push_undo: GimpLayerUndo=55
gimp_plug_in_manager_call_run_full
gimp_plug_in_get_proc_frame=0x55ef6175ba20:  set ignore_undos=0
push_undo: GimpDrawableUndo=47
gimp_plug_in_manager_call_run_full
gimp_plug_in_get_proc_frame=0x55ef6175ba20:  set ignore_undos=0
script-fu-Warning: GRAY_CASE_DONE=edge-5x4-m2-w3-a1.75

gimp_plug_in_manager_call_run_full
gimp_plug_in_get_proc_frame=0x55ef6175ba20:  set ignore_undos=0
push_undo: GimpLayerUndo=55
gimp_plug_in_manager_call_run_full
gimp_plug_in_get_proc_frame=0x55ef6175ba20:  set ignore_undos=0
push_undo: GimpDrawableUndo=47
gimp_plug_in_manager_call_run_full
gimp_plug_in_get_proc_frame=0x55ef6175ba20:  set ignore_undos=0
script-fu-Warning: GRAY_CASE_DONE=edge-5x4-m3-w1-a1.75

gimp_plug_in_manager_call_run_full
gimp_plug_in_get_proc_frame=0x55ef6175ba20:  set ignore_undos=0
push_undo: GimpLayerUndo=55
gimp_plug_in_manager_call_run_full
gimp_plug_in_get_proc_frame=0x55ef6175ba20:  set ignore_undos=0
push_undo: GimpDrawableUndo=47
gimp_plug_in_manager_call_run_full
gimp_plug_in_get_proc_frame=0x55ef6175ba20:  set ignore_undos=0
script-fu-Warning: GRAY_CASE_DONE=edge-5x4-m3-w2-a1.75

gimp_plug_in_manager_call_run_full
gimp_plug_in_get_proc_frame=0x55ef6175ba20:  set ignore_undos=0
push_undo: GimpLayerUndo=55
gimp_plug_in_manager_call_run_full
gimp_plug_in_get_proc_frame=0x55ef6175ba20:  set ignore_undos=0
push_undo: GimpDrawableUndo=47
gimp_plug_in_manager_call_run_full
gimp_plug_in_get_proc_frame=0x55ef6175ba20:  set ignore_undos=0
script-fu-Warning: GRAY_CASE_DONE=edge-5x4-m3-w3-a1.75

gimp_plug_in_manager_call_run_full
gimp_plug_in_get_proc_frame=0x55ef6175ba20:  set ignore_undos=0
push_undo: GimpLayerUndo=55
gimp_plug_in_manager_call_run_full
gimp_plug_in_get_proc_frame=0x55ef6175ba20:  set ignore_undos=0
push_undo: GimpDrawableUndo=47
gimp_plug_in_manager_call_run_full
gimp_plug_in_get_proc_frame=0x55ef6175ba20:  set ignore_undos=0
script-fu-Warning: GRAY_CASE_DONE=edge-5x4-m4-w1-a1.75

gimp_plug_in_manager_call_run_full
gimp_plug_in_get_proc_frame=0x55ef6175ba20:  set ignore_undos=0
push_undo: GimpLayerUndo=55
gimp_plug_in_manager_call_run_full
gimp_plug_in_get_proc_frame=0x55ef6175ba20:  set ignore_undos=0
push_undo: GimpDrawableUndo=47
gimp_plug_in_manager_call_run_full
gimp_plug_in_get_proc_frame=0x55ef6175ba20:  set ignore_undos=0
script-fu-Warning: GRAY_CASE_DONE=edge-5x4-m4-w2-a1.75

gimp_plug_in_manager_call_run_full
gimp_plug_in_get_proc_frame=0x55ef6175ba20:  set ignore_undos=0
push_undo: GimpLayerUndo=55
gimp_plug_in_manager_call_run_full
gimp_plug_in_get_proc_frame=0x55ef6175ba20:  set ignore_undos=0
push_undo: GimpDrawableUndo=47
gimp_plug_in_manager_call_run_full
gimp_plug_in_get_proc_frame=0x55ef6175ba20:  set ignore_undos=0
script-fu-Warning: GRAY_CASE_DONE=edge-5x4-m4-w3-a1.75

gimp_plug_in_manager_call_run_full
gimp_plug_in_get_proc_frame=0x55ef6175ba20:  set ignore_undos=0
push_undo: GimpLayerUndo=55
gimp_plug_in_manager_call_run_full
gimp_plug_in_get_proc_frame=0x55ef6175ba20:  set ignore_undos=0
push_undo: GimpDrawableUndo=47
gimp_plug_in_manager_call_run_full
gimp_plug_in_get_proc_frame=0x55ef6175ba20:  set ignore_undos=0
script-fu-Warning: GRAY_CASE_DONE=edge-5x4-m5-w1-a1.75

gimp_plug_in_manager_call_run_full
gimp_plug_in_get_proc_frame=0x55ef6175ba20:  set ignore_undos=0
push_undo: GimpLayerUndo=55
gimp_plug_in_manager_call_run_full
gimp_plug_in_get_proc_frame=0x55ef6175ba20:  set ignore_undos=0
push_undo: GimpDrawableUndo=47
gimp_plug_in_manager_call_run_full
gimp_plug_in_get_proc_frame=0x55ef6175ba20:  set ignore_undos=0
script-fu-Warning: GRAY_CASE_DONE=edge-5x4-m5-w2-a1.75

gimp_plug_in_manager_call_run_full
gimp_plug_in_get_proc_frame=0x55ef6175ba20:  set ignore_undos=0
push_undo: GimpLayerUndo=55
gimp_plug_in_manager_call_run_full
gimp_plug_in_get_proc_frame=0x55ef6175ba20:  set ignore_undos=0
push_undo: GimpDrawableUndo=47
gimp_plug_in_manager_call_run_full
gimp_plug_in_get_proc_frame=0x55ef6175ba20:  set ignore_undos=0
script-fu-Warning: GRAY_CASE_DONE=edge-5x4-m5-w3-a1.75

gimp_plug_in_manager_call_run_full
gimp_plug_in_get_proc_frame=0x55ef6175ba20:  set ignore_undos=0
push_undo: GimpLayerUndo=55
gimp_plug_in_manager_call_run_full
gimp_plug_in_get_proc_frame=0x55ef6175ba20:  set ignore_undos=0
push_undo: GimpDrawableUndo=47
gimp_plug_in_manager_call_run_full
gimp_plug_in_get_proc_frame=0x55ef6175ba20:  set ignore_undos=0
script-fu-Warning: GRAY_CASE_DONE=gauss-5x4-h25-v25-m0

gimp_plug_in_manager_call_run_full
gimp_plug_in_get_proc_frame=0x55ef6175ba20:  set ignore_undos=0
push_undo: GimpLayerUndo=55
gimp_plug_in_manager_call_run_full
gimp_plug_in_get_proc_frame=0x55ef6175ba20:  set ignore_undos=0
push_undo: GimpDrawableUndo=47
gimp_plug_in_manager_call_run_full
gimp_plug_in_get_proc_frame=0x55ef6175ba20:  set ignore_undos=0
script-fu-Warning: GRAY_CASE_DONE=gauss-5x4-h25-v25-m1

gimp_plug_in_manager_call_run_full
gimp_plug_in_get_proc_frame=0x55ef6175ba20:  set ignore_undos=0
push_undo: GimpLayerUndo=55
gimp_plug_in_manager_call_run_full
gimp_plug_in_get_proc_frame=0x55ef6175ba20:  set ignore_undos=0
push_undo: GimpDrawableUndo=47
gimp_plug_in_manager_call_run_full
gimp_plug_in_get_proc_frame=0x55ef6175ba20:  set ignore_undos=0
script-fu-Warning: GRAY_CASE_DONE=gauss-5x4-h2.5-v7.25-m0

gimp_plug_in_manager_call_run_full
gimp_plug_in_get_proc_frame=0x55ef6175ba20:  set ignore_undos=0
push_undo: GimpLayerUndo=55
gimp_plug_in_manager_call_run_full
gimp_plug_in_get_proc_frame=0x55ef6175ba20:  set ignore_undos=0
push_undo: GimpDrawableUndo=47
gimp_plug_in_manager_call_run_full
gimp_plug_in_get_proc_frame=0x55ef6175ba20:  set ignore_undos=0
script-fu-Warning: GRAY_CASE_DONE=gauss-5x4-h2.5-v7.25-m1

gimp_plug_in_manager_call_run_full
gimp_plug_in_get_proc_frame=0x55ef6175ba20:  set ignore_undos=0
push_undo: GimpLayerUndo=55
gimp_plug_in_manager_call_run_full
gimp_plug_in_get_proc_frame=0x55ef6175ba20:  set ignore_undos=0
push_undo: GimpDrawableUndo=47
gimp_plug_in_manager_call_run_full
gimp_plug_in_get_proc_frame=0x55ef6175ba20:  set ignore_undos=0
script-fu-Warning: GRAY_CASE_DONE=gauss-5x4-h0-v25-m0

gimp_plug_in_manager_call_run_full
gimp_plug_in_get_proc_frame=0x55ef6175ba20:  set ignore_undos=0
push_undo: GimpLayerUndo=55
gimp_plug_in_manager_call_run_full
gimp_plug_in_get_proc_frame=0x55ef6175ba20:  set ignore_undos=0
push_undo: GimpDrawableUndo=47
gimp_plug_in_manager_call_run_full
gimp_plug_in_get_proc_frame=0x55ef6175ba20:  set ignore_undos=0
script-fu-Warning: GRAY_CASE_DONE=gauss-5x4-h0-v25-m1

gimp_plug_in_manager_call_run_full
gimp_plug_in_get_proc_frame=0x55ef6175ba20:  set ignore_undos=0
push_undo: GimpLayerUndo=55
gimp_plug_in_manager_call_run_full
gimp_plug_in_get_proc_frame=0x55ef6175ba20:  set ignore_undos=0
push_undo: GimpDrawableUndo=47
gimp_plug_in_manager_call_run_full
gimp_plug_in_get_proc_frame=0x55ef6175ba20:  set ignore_undos=0
script-fu-Warning: GRAY_CASE_DONE=gauss-5x4-h1-v5-m0

gimp_plug_in_manager_call_run_full
gimp_plug_in_get_proc_frame=0x55ef6175ba20:  set ignore_undos=0
push_undo: GimpLayerUndo=55
gimp_plug_in_manager_call_run_full
gimp_plug_in_get_proc_frame=0x55ef6175ba20:  set ignore_undos=0
push_undo: GimpDrawableUndo=47
gimp_plug_in_manager_call_run_full
gimp_plug_in_get_proc_frame=0x55ef6175ba20:  set ignore_undos=0
script-fu-Warning: GRAY_CASE_DONE=gauss-5x4-h1-v5-m1

gimp_plug_in_manager_call_run_full
gimp_plug_in_get_proc_frame=0x55ef6175ba20:  set ignore_undos=0
push_undo: GimpLayerUndo=55
gimp_plug_in_manager_call_run_full
gimp_plug_in_get_proc_frame=0x55ef6175ba20:  set ignore_undos=0
push_undo: GimpDrawableUndo=47
gimp_plug_in_manager_call_run_full
gimp_plug_in_get_proc_frame=0x55ef6175ba20:  set ignore_undos=0
script-fu-Warning: GRAY_CASE_DONE=edge-1x1-m0-w1-a1.75

gimp_plug_in_manager_call_run_full
gimp_plug_in_get_proc_frame=0x55ef6175ba20:  set ignore_undos=0
push_undo: GimpLayerUndo=55
gimp_plug_in_manager_call_run_full
gimp_plug_in_get_proc_frame=0x55ef6175ba20:  set ignore_undos=0
push_undo: GimpDrawableUndo=47
gimp_plug_in_manager_call_run_full
gimp_plug_in_get_proc_frame=0x55ef6175ba20:  set ignore_undos=0
script-fu-Warning: GRAY_CASE_DONE=edge-1x1-m0-w2-a1.75

gimp_plug_in_manager_call_run_full
gimp_plug_in_get_proc_frame=0x55ef6175ba20:  set ignore_undos=0
push_undo: GimpLayerUndo=55
gimp_plug_in_manager_call_run_full
gimp_plug_in_get_proc_frame=0x55ef6175ba20:  set ignore_undos=0
push_undo: GimpDrawableUndo=47
gimp_plug_in_manager_call_run_full
gimp_plug_in_get_proc_frame=0x55ef6175ba20:  set ignore_undos=0
script-fu-Warning: GRAY_CASE_DONE=edge-1x1-m0-w3-a1.75

gimp_plug_in_manager_call_run_full
gimp_plug_in_get_proc_frame=0x55ef6175ba20:  set ignore_undos=0
push_undo: GimpLayerUndo=55
gimp_plug_in_manager_call_run_full
gimp_plug_in_get_proc_frame=0x55ef6175ba20:  set ignore_undos=0
push_undo: GimpDrawableUndo=47
gimp_plug_in_manager_call_run_full
gimp_plug_in_get_proc_frame=0x55ef6175ba20:  set ignore_undos=0
script-fu-Warning: GRAY_CASE_DONE=edge-1x1-m5-w1-a1.75

gimp_plug_in_manager_call_run_full
gimp_plug_in_get_proc_frame=0x55ef6175ba20:  set ignore_undos=0
push_undo: GimpLayerUndo=55
gimp_plug_in_manager_call_run_full
gimp_plug_in_get_proc_frame=0x55ef6175ba20:  set ignore_undos=0
push_undo: GimpDrawableUndo=47
gimp_plug_in_manager_call_run_full
gimp_plug_in_get_proc_frame=0x55ef6175ba20:  set ignore_undos=0
script-fu-Warning: GRAY_CASE_DONE=edge-1x1-m5-w2-a1.75

gimp_plug_in_manager_call_run_full
gimp_plug_in_get_proc_frame=0x55ef6175ba20:  set ignore_undos=0
push_undo: GimpLayerUndo=55
gimp_plug_in_manager_call_run_full
gimp_plug_in_get_proc_frame=0x55ef6175ba20:  set ignore_undos=0
push_undo: GimpDrawableUndo=47
gimp_plug_in_manager_call_run_full
gimp_plug_in_get_proc_frame=0x55ef6175ba20:  set ignore_undos=0
script-fu-Warning: GRAY_CASE_DONE=edge-1x1-m5-w3-a1.75

gimp_plug_in_manager_call_run_full
gimp_plug_in_get_proc_frame=0x55ef6175ba20:  set ignore_undos=0
push_undo: GimpLayerUndo=55
gimp_plug_in_manager_call_run_full
gimp_plug_in_get_proc_frame=0x55ef6175ba20:  set ignore_undos=0
push_undo: GimpDrawableUndo=47
gimp_plug_in_manager_call_run_full
gimp_plug_in_get_proc_frame=0x55ef6175ba20:  set ignore_undos=0
script-fu-Warning: GRAY_CASE_DONE=gauss-1x1-h25-v25-m0

gimp_plug_in_manager_call_run_full
gimp_plug_in_get_proc_frame=0x55ef6175ba20:  set ignore_undos=0
push_undo: GimpLayerUndo=55
gimp_plug_in_manager_call_run_full
gimp_plug_in_get_proc_frame=0x55ef6175ba20:  set ignore_undos=0
push_undo: GimpDrawableUndo=47
gimp_plug_in_manager_call_run_full
gimp_plug_in_get_proc_frame=0x55ef6175ba20:  set ignore_undos=0
script-fu-Warning: GRAY_CASE_DONE=gauss-1x1-h25-v25-m1

gimp_plug_in_manager_call_run_full
gimp_plug_in_get_proc_frame=0x55ef6175ba20:  set ignore_undos=0
push_undo: GimpLayerUndo=55
gimp_plug_in_manager_call_run_full
gimp_plug_in_get_proc_frame=0x55ef6175ba20:  set ignore_undos=0
push_undo: GimpDrawableUndo=47
gimp_plug_in_manager_call_run_full
gimp_plug_in_get_proc_frame=0x55ef6175ba20:  set ignore_undos=0
script-fu-Warning: GRAY_CASE_DONE=gauss-1x1-h0.25-v0.75-m0

gimp_plug_in_manager_call_run_full
gimp_plug_in_get_proc_frame=0x55ef6175ba20:  set ignore_undos=0
push_undo: GimpLayerUndo=55
gimp_plug_in_manager_call_run_full
gimp_plug_in_get_proc_frame=0x55ef6175ba20:  set ignore_undos=0
push_undo: GimpDrawableUndo=47
gimp_plug_in_manager_call_run_full
gimp_plug_in_get_proc_frame=0x55ef6175ba20:  set ignore_undos=0
script-fu-Warning: GRAY_CASE_DONE=gauss-1x1-h0.25-v0.75-m1

gimp_plug_in_manager_call_run_full
gimp_plug_in_get_proc_frame=0x55ef6175ba20:  set ignore_undos=0
push_undo: GimpLayerUndo=55
gimp_plug_in_manager_call_run_full
gimp_plug_in_get_proc_frame=0x55ef6175ba20:  set ignore_undos=0
push_undo: GimpDrawableUndo=47
gimp_plug_in_manager_call_run_full
gimp_plug_in_get_proc_frame=0x55ef6175ba20:  set ignore_undos=0
script-fu-Warning: GRAY_CASE_DONE=edge-1x5-m0-w1-a1.75

gimp_plug_in_manager_call_run_full
gimp_plug_in_get_proc_frame=0x55ef6175ba20:  set ignore_undos=0
push_undo: GimpLayerUndo=55
gimp_plug_in_manager_call_run_full
gimp_plug_in_get_proc_frame=0x55ef6175ba20:  set ignore_undos=0
push_undo: GimpDrawableUndo=47
gimp_plug_in_manager_call_run_full
gimp_plug_in_get_proc_frame=0x55ef6175ba20:  set ignore_undos=0
script-fu-Warning: GRAY_CASE_DONE=edge-1x5-m0-w2-a1.75

gimp_plug_in_manager_call_run_full
gimp_plug_in_get_proc_frame=0x55ef6175ba20:  set ignore_undos=0
push_undo: GimpLayerUndo=55
gimp_plug_in_manager_call_run_full
gimp_plug_in_get_proc_frame=0x55ef6175ba20:  set ignore_undos=0
push_undo: GimpDrawableUndo=47
gimp_plug_in_manager_call_run_full
gimp_plug_in_get_proc_frame=0x55ef6175ba20:  set ignore_undos=0
script-fu-Warning: GRAY_CASE_DONE=edge-1x5-m0-w3-a1.75

gimp_plug_in_manager_call_run_full
gimp_plug_in_get_proc_frame=0x55ef6175ba20:  set ignore_undos=0
push_undo: GimpLayerUndo=55
gimp_plug_in_manager_call_run_full
gimp_plug_in_get_proc_frame=0x55ef6175ba20:  set ignore_undos=0
push_undo: GimpDrawableUndo=47
gimp_plug_in_manager_call_run_full
gimp_plug_in_get_proc_frame=0x55ef6175ba20:  set ignore_undos=0
script-fu-Warning: GRAY_CASE_DONE=edge-1x5-m5-w1-a1.75

gimp_plug_in_manager_call_run_full
gimp_plug_in_get_proc_frame=0x55ef6175ba20:  set ignore_undos=0
push_undo: GimpLayerUndo=55
gimp_plug_in_manager_call_run_full
gimp_plug_in_get_proc_frame=0x55ef6175ba20:  set ignore_undos=0
push_undo: GimpDrawableUndo=47
gimp_plug_in_manager_call_run_full
gimp_plug_in_get_proc_frame=0x55ef6175ba20:  set ignore_undos=0
script-fu-Warning: GRAY_CASE_DONE=edge-1x5-m5-w2-a1.75

gimp_plug_in_manager_call_run_full
gimp_plug_in_get_proc_frame=0x55ef6175ba20:  set ignore_undos=0
push_undo: GimpLayerUndo=55
gimp_plug_in_manager_call_run_full
gimp_plug_in_get_proc_frame=0x55ef6175ba20:  set ignore_undos=0
push_undo: GimpDrawableUndo=47
gimp_plug_in_manager_call_run_full
gimp_plug_in_get_proc_frame=0x55ef6175ba20:  set ignore_undos=0
script-fu-Warning: GRAY_CASE_DONE=edge-1x5-m5-w3-a1.75

gimp_plug_in_manager_call_run_full
gimp_plug_in_get_proc_frame=0x55ef6175ba20:  set ignore_undos=0
push_undo: GimpLayerUndo=55
gimp_plug_in_manager_call_run_full
gimp_plug_in_get_proc_frame=0x55ef6175ba20:  set ignore_undos=0
push_undo: GimpDrawableUndo=47
gimp_plug_in_manager_call_run_full
gimp_plug_in_get_proc_frame=0x55ef6175ba20:  set ignore_undos=0
script-fu-Warning: GRAY_CASE_DONE=gauss-1x5-h25-v25-m0

gimp_plug_in_manager_call_run_full
gimp_plug_in_get_proc_frame=0x55ef6175ba20:  set ignore_undos=0
push_undo: GimpLayerUndo=55
gimp_plug_in_manager_call_run_full
gimp_plug_in_get_proc_frame=0x55ef6175ba20:  set ignore_undos=0
push_undo: GimpDrawableUndo=47
gimp_plug_in_manager_call_run_full
gimp_plug_in_get_proc_frame=0x55ef6175ba20:  set ignore_undos=0
script-fu-Warning: GRAY_CASE_DONE=gauss-1x5-h25-v25-m1

gimp_plug_in_manager_call_run_full
gimp_plug_in_get_proc_frame=0x55ef6175ba20:  set ignore_undos=0
push_undo: GimpLayerUndo=55
gimp_plug_in_manager_call_run_full
gimp_plug_in_get_proc_frame=0x55ef6175ba20:  set ignore_undos=0
push_undo: GimpDrawableUndo=47
gimp_plug_in_manager_call_run_full
gimp_plug_in_get_proc_frame=0x55ef6175ba20:  set ignore_undos=0
script-fu-Warning: GRAY_CASE_DONE=gauss-1x5-h0.25-v0.75-m0

gimp_plug_in_manager_call_run_full
gimp_plug_in_get_proc_frame=0x55ef6175ba20:  set ignore_undos=0
push_undo: GimpLayerUndo=55
gimp_plug_in_manager_call_run_full
gimp_plug_in_get_proc_frame=0x55ef6175ba20:  set ignore_undos=0
push_undo: GimpDrawableUndo=47
gimp_plug_in_manager_call_run_full
gimp_plug_in_get_proc_frame=0x55ef6175ba20:  set ignore_undos=0
script-fu-Warning: GRAY_CASE_DONE=gauss-1x5-h0.25-v0.75-m1

gimp_plug_in_manager_call_run_full
gimp_plug_in_get_proc_frame=0x55ef6175ba20:  set ignore_undos=0
push_undo: GimpLayerUndo=55
gimp_plug_in_manager_call_run_full
gimp_plug_in_get_proc_frame=0x55ef6175ba20:  set ignore_undos=0
push_undo: GimpDrawableUndo=47
gimp_plug_in_manager_call_run_full
gimp_plug_in_get_proc_frame=0x55ef6175ba20:  set ignore_undos=0
script-fu-Warning: GRAY_CASE_DONE=edge-5x1-m0-w1-a1.75

gimp_plug_in_manager_call_run_full
gimp_plug_in_get_proc_frame=0x55ef6175ba20:  set ignore_undos=0
push_undo: GimpLayerUndo=55
gimp_plug_in_manager_call_run_full
gimp_plug_in_get_proc_frame=0x55ef6175ba20:  set ignore_undos=0
push_undo: GimpDrawableUndo=47
gimp_plug_in_manager_call_run_full
gimp_plug_in_get_proc_frame=0x55ef6175ba20:  set ignore_undos=0
script-fu-Warning: GRAY_CASE_DONE=edge-5x1-m0-w2-a1.75

gimp_plug_in_manager_call_run_full
gimp_plug_in_get_proc_frame=0x55ef6175ba20:  set ignore_undos=0
push_undo: GimpLayerUndo=55
gimp_plug_in_manager_call_run_full
gimp_plug_in_get_proc_frame=0x55ef6175ba20:  set ignore_undos=0
push_undo: GimpDrawableUndo=47
gimp_plug_in_manager_call_run_full
gimp_plug_in_get_proc_frame=0x55ef6175ba20:  set ignore_undos=0
script-fu-Warning: GRAY_CASE_DONE=edge-5x1-m0-w3-a1.75

gimp_plug_in_manager_call_run_full
gimp_plug_in_get_proc_frame=0x55ef6175ba20:  set ignore_undos=0
push_undo: GimpLayerUndo=55
gimp_plug_in_manager_call_run_full
gimp_plug_in_get_proc_frame=0x55ef6175ba20:  set ignore_undos=0
push_undo: GimpDrawableUndo=47
gimp_plug_in_manager_call_run_full
gimp_plug_in_get_proc_frame=0x55ef6175ba20:  set ignore_undos=0
script-fu-Warning: GRAY_CASE_DONE=edge-5x1-m5-w1-a1.75

gimp_plug_in_manager_call_run_full
gimp_plug_in_get_proc_frame=0x55ef6175ba20:  set ignore_undos=0
push_undo: GimpLayerUndo=55
gimp_plug_in_manager_call_run_full
gimp_plug_in_get_proc_frame=0x55ef6175ba20:  set ignore_undos=0
push_undo: GimpDrawableUndo=47
gimp_plug_in_manager_call_run_full
gimp_plug_in_get_proc_frame=0x55ef6175ba20:  set ignore_undos=0
script-fu-Warning: GRAY_CASE_DONE=edge-5x1-m5-w2-a1.75

gimp_plug_in_manager_call_run_full
gimp_plug_in_get_proc_frame=0x55ef6175ba20:  set ignore_undos=0
push_undo: GimpLayerUndo=55
gimp_plug_in_manager_call_run_full
gimp_plug_in_get_proc_frame=0x55ef6175ba20:  set ignore_undos=0
push_undo: GimpDrawableUndo=47
gimp_plug_in_manager_call_run_full
gimp_plug_in_get_proc_frame=0x55ef6175ba20:  set ignore_undos=0
script-fu-Warning: GRAY_CASE_DONE=edge-5x1-m5-w3-a1.75

gimp_plug_in_manager_call_run_full
gimp_plug_in_get_proc_frame=0x55ef6175ba20:  set ignore_undos=0
push_undo: GimpLayerUndo=55
gimp_plug_in_manager_call_run_full
gimp_plug_in_get_proc_frame=0x55ef6175ba20:  set ignore_undos=0
push_undo: GimpDrawableUndo=47
gimp_plug_in_manager_call_run_full
gimp_plug_in_get_proc_frame=0x55ef6175ba20:  set ignore_undos=0
script-fu-Warning: GRAY_CASE_DONE=gauss-5x1-h25-v25-m0

gimp_plug_in_manager_call_run_full
gimp_plug_in_get_proc_frame=0x55ef6175ba20:  set ignore_undos=0
push_undo: GimpLayerUndo=55
gimp_plug_in_manager_call_run_full
gimp_plug_in_get_proc_frame=0x55ef6175ba20:  set ignore_undos=0
push_undo: GimpDrawableUndo=47
gimp_plug_in_manager_call_run_full
gimp_plug_in_get_proc_frame=0x55ef6175ba20:  set ignore_undos=0
script-fu-Warning: GRAY_CASE_DONE=gauss-5x1-h25-v25-m1

gimp_plug_in_manager_call_run_full
gimp_plug_in_get_proc_frame=0x55ef6175ba20:  set ignore_undos=0
push_undo: GimpLayerUndo=55
gimp_plug_in_manager_call_run_full
gimp_plug_in_get_proc_frame=0x55ef6175ba20:  set ignore_undos=0
push_undo: GimpDrawableUndo=47
gimp_plug_in_manager_call_run_full
gimp_plug_in_get_proc_frame=0x55ef6175ba20:  set ignore_undos=0
script-fu-Warning: GRAY_CASE_DONE=gauss-5x1-h0.25-v0.75-m0

gimp_plug_in_manager_call_run_full
gimp_plug_in_get_proc_frame=0x55ef6175ba20:  set ignore_undos=0
push_undo: GimpLayerUndo=55
gimp_plug_in_manager_call_run_full
gimp_plug_in_get_proc_frame=0x55ef6175ba20:  set ignore_undos=0
push_undo: GimpDrawableUndo=47
gimp_plug_in_manager_call_run_full
gimp_plug_in_get_proc_frame=0x55ef6175ba20:  set ignore_undos=0
script-fu-Warning: GRAY_CASE_DONE=gauss-5x1-h0.25-v0.75-m1

gimp_plug_in_manager_call_run_full
gimp_plug_in_get_proc_frame=0x55ef6175ba20:  set ignore_undos=0
push_undo: GimpLayerUndo=55
gimp_plug_in_manager_call_run_full
gimp_plug_in_get_proc_frame=0x55ef6175ba20:  set ignore_undos=0
push_undo: GimpDrawableUndo=47
gimp_plug_in_manager_call_run_full
gimp_plug_in_get_proc_frame=0x55ef6175ba20:  set ignore_undos=0
script-fu-Warning: GRAY_CASE_DONE=edge-67x66-m0-w1-a2

gimp_plug_in_manager_call_run_full
gimp_plug_in_get_proc_frame=0x55ef6175ba20:  set ignore_undos=0
push_undo: GimpLayerUndo=55
gimp_plug_in_manager_call_run_full
gimp_plug_in_get_proc_frame=0x55ef6175ba20:  set ignore_undos=0
push_undo: GimpDrawableUndo=47
gimp_plug_in_manager_call_run_full
gimp_plug_in_get_proc_frame=0x55ef6175ba20:  set ignore_undos=0
script-fu-Warning: GRAY_CASE_DONE=edge-67x66-m0-w3-a2

gimp_plug_in_manager_call_run_full
gimp_plug_in_get_proc_frame=0x55ef6175ba20:  set ignore_undos=0
push_undo: GimpLayerUndo=55
gimp_plug_in_manager_call_run_full
gimp_plug_in_get_proc_frame=0x55ef6175ba20:  set ignore_undos=0
push_undo: GimpDrawableUndo=47
gimp_plug_in_manager_call_run_full
gimp_plug_in_get_proc_frame=0x55ef6175ba20:  set ignore_undos=0
script-fu-Warning: GRAY_CASE_DONE=edge-67x66-m5-w1-a2

gimp_plug_in_manager_call_run_full
gimp_plug_in_get_proc_frame=0x55ef6175ba20:  set ignore_undos=0
push_undo: GimpLayerUndo=55
gimp_plug_in_manager_call_run_full
gimp_plug_in_get_proc_frame=0x55ef6175ba20:  set ignore_undos=0
push_undo: GimpDrawableUndo=47
gimp_plug_in_manager_call_run_full
gimp_plug_in_get_proc_frame=0x55ef6175ba20:  set ignore_undos=0
script-fu-Warning: GRAY_CASE_DONE=edge-67x66-m5-w3-a2

gimp_plug_in_manager_call_run_full
gimp_plug_in_get_proc_frame=0x55ef6175ba20:  set ignore_undos=0
push_undo: GimpLayerUndo=55
gimp_plug_in_manager_call_run_full
gimp_plug_in_get_proc_frame=0x55ef6175ba20:  set ignore_undos=0
push_undo: GimpDrawableUndo=47
gimp_plug_in_manager_call_run_full
gimp_plug_in_get_proc_frame=0x55ef6175ba20:  set ignore_undos=0
script-fu-Warning: GRAY_CASE_DONE=gauss-67x66-h2.5-v7.25-m0

gimp_plug_in_manager_call_run_full
gimp_plug_in_get_proc_frame=0x55ef6175ba20:  set ignore_undos=0
push_undo: GimpLayerUndo=55
gimp_plug_in_manager_call_run_full
gimp_plug_in_get_proc_frame=0x55ef6175ba20:  set ignore_undos=0
push_undo: GimpDrawableUndo=47
gimp_plug_in_manager_call_run_full
gimp_plug_in_get_proc_frame=0x55ef6175ba20:  set ignore_undos=0
script-fu-Warning: GRAY_CASE_DONE=gauss-67x66-h2.5-v7.25-m1

gimp_plug_in_manager_call_run_full
gimp_plug_in_get_proc_frame=0x55ef6175ba20:  set ignore_undos=0
push_undo: GimpLayerUndo=55
gimp_plug_in_manager_call_run_full
gimp_plug_in_get_proc_frame=0x55ef6175ba20:  set ignore_undos=0
push_undo: GimpDrawableUndo=47
gimp_plug_in_manager_call_run_full
gimp_plug_in_get_proc_frame=0x55ef6175ba20:  set ignore_undos=0
script-fu-Warning: GRAY_CASE_DONE=edge-opaque-m0-w2-a2

gimp_plug_in_manager_call_run_full
gimp_plug_in_get_proc_frame=0x55ef6175ba20:  set ignore_undos=0
push_undo: GimpLayerUndo=55
gimp_plug_in_manager_call_run_full
gimp_plug_in_get_proc_frame=0x55ef6175ba20:  set ignore_undos=0
push_undo: GimpDrawableUndo=47
gimp_plug_in_manager_call_run_full
gimp_plug_in_get_proc_frame=0x55ef6175ba20:  set ignore_undos=0
script-fu-Warning: GRAY_CASE_DONE=gauss-opaque-h25-v25-m0

gimp_plug_in_manager_call_run_full
gimp_plug_in_get_proc_frame=0x55ef6175ba20:  set ignore_undos=0
push_undo: GimpLayerUndo=55
gimp_plug_in_manager_call_run_full
gimp_plug_in_get_proc_frame=0x55ef6175ba20:  set ignore_undos=0
push_undo: GimpDrawableUndo=47
gimp_plug_in_manager_call_run_full
gimp_plug_in_get_proc_frame=0x55ef6175ba20:  set ignore_undos=0
script-fu-Warning: GRAY_CASE_DONE=gauss-opaque-h25-v25-m1

gimp_plug_in_manager_call_run_full
gimp_plug_in_get_proc_frame=0x55ef6175ba20:  set ignore_undos=0
push_undo: GimpLayerUndo=55
gimp_plug_in_manager_call_run_full
gimp_plug_in_get_proc_frame=0x55ef6175ba20:  set ignore_undos=0
push_undo: GimpDrawableUndo=47
gimp_plug_in_manager_call_run_full
gimp_plug_in_get_proc_frame=0x55ef6175ba20:  set ignore_undos=0
script-fu-Warning: GRAY_CASE_DONE=gauss-opaque-h2-v2-m0

gimp_plug_in_manager_call_run_full
gimp_plug_in_get_proc_frame=0x55ef6175ba20:  set ignore_undos=0
push_undo: GimpLayerUndo=55
gimp_plug_in_manager_call_run_full
gimp_plug_in_get_proc_frame=0x55ef6175ba20:  set ignore_undos=0
push_undo: GimpDrawableUndo=47
gimp_plug_in_manager_call_run_full
gimp_plug_in_get_proc_frame=0x55ef6175ba20:  set ignore_undos=0
script-fu-Warning: GRAY_CASE_DONE=gauss-opaque-h2-v2-m1

gimp_plug_in_manager_call_run_full
gimp_plug_in_get_proc_frame=0x55ef6175ba20:  set ignore_undos=0
push_undo: GimpLayerUndo=55
gimp_plug_in_manager_call_run_full
gimp_plug_in_get_proc_frame=0x55ef6175ba20:  set ignore_undos=0
push_undo: GimpDrawableUndo=47
gimp_plug_in_manager_call_run_full
gimp_plug_in_get_proc_frame=0x55ef6175ba20:  set ignore_undos=0
script-fu-Warning: GRAY_CASE_DONE=edge-lowalpha-m0-w2-a2

gimp_plug_in_manager_call_run_full
gimp_plug_in_get_proc_frame=0x55ef6175ba20:  set ignore_undos=0
push_undo: GimpLayerUndo=55
gimp_plug_in_manager_call_run_full
gimp_plug_in_get_proc_frame=0x55ef6175ba20:  set ignore_undos=0
push_undo: GimpDrawableUndo=47
gimp_plug_in_manager_call_run_full
gimp_plug_in_get_proc_frame=0x55ef6175ba20:  set ignore_undos=0
script-fu-Warning: GRAY_CASE_DONE=gauss-lowalpha-h25-v25-m0

gimp_plug_in_manager_call_run_full
gimp_plug_in_get_proc_frame=0x55ef6175ba20:  set ignore_undos=0
push_undo: GimpLayerUndo=55
gimp_plug_in_manager_call_run_full
gimp_plug_in_get_proc_frame=0x55ef6175ba20:  set ignore_undos=0
push_undo: GimpDrawableUndo=47
gimp_plug_in_manager_call_run_full
gimp_plug_in_get_proc_frame=0x55ef6175ba20:  set ignore_undos=0
script-fu-Warning: GRAY_CASE_DONE=gauss-lowalpha-h25-v25-m1

gimp_plug_in_manager_call_run_full
gimp_plug_in_get_proc_frame=0x55ef6175ba20:  set ignore_undos=0
push_undo: GimpLayerUndo=55
gimp_plug_in_manager_call_run_full
gimp_plug_in_get_proc_frame=0x55ef6175ba20:  set ignore_undos=0
push_undo: GimpDrawableUndo=47
gimp_plug_in_manager_call_run_full
gimp_plug_in_get_proc_frame=0x55ef6175ba20:  set ignore_undos=0
script-fu-Warning: GRAY_CASE_DONE=edge-transparent-m0-w2-a2

gimp_plug_in_manager_call_run_full
gimp_plug_in_get_proc_frame=0x55ef6175ba20:  set ignore_undos=0
push_undo: GimpLayerUndo=55
gimp_plug_in_manager_call_run_full
gimp_plug_in_get_proc_frame=0x55ef6175ba20:  set ignore_undos=0
push_undo: GimpDrawableUndo=47
gimp_plug_in_manager_call_run_full
gimp_plug_in_get_proc_frame=0x55ef6175ba20:  set ignore_undos=0
script-fu-Warning: GRAY_CASE_DONE=gauss-transparent-h25-v25-m0

gimp_plug_in_manager_call_run_full
gimp_plug_in_get_proc_frame=0x55ef6175ba20:  set ignore_undos=0
push_undo: GimpLayerUndo=55
gimp_plug_in_manager_call_run_full
gimp_plug_in_get_proc_frame=0x55ef6175ba20:  set ignore_undos=0
push_undo: GimpDrawableUndo=47
gimp_plug_in_manager_call_run_full
gimp_plug_in_get_proc_frame=0x55ef6175ba20:  set ignore_undos=0
script-fu-Warning: GRAY_CASE_DONE=gauss-transparent-h25-v25-m1

gimp_plug_in_manager_call_run_full
gimp_plug_in_get_proc_frame=0x55ef6175ba20:  set ignore_undos=0
push_undo: GimpLayerUndo=55
gimp_plug_in_manager_call_run_full
gimp_plug_in_get_proc_frame=0x55ef6175ba20:  set ignore_undos=0
push_undo: GimpDrawableUndo=47
gimp_plug_in_manager_call_run_full
gimp_plug_in_get_proc_frame=0x55ef6175ba20:  set ignore_undos=0
script-fu-Warning: GRAY_CASE_DONE=edge-noalpha-m0-w2-a2

gimp_plug_in_manager_call_run_full
gimp_plug_in_get_proc_frame=0x55ef6175ba20:  set ignore_undos=0
push_undo: GimpLayerUndo=55
gimp_plug_in_manager_call_run_full
gimp_plug_in_get_proc_frame=0x55ef6175ba20:  set ignore_undos=0
push_undo: GimpDrawableUndo=47
gimp_plug_in_manager_call_run_full
gimp_plug_in_get_proc_frame=0x55ef6175ba20:  set ignore_undos=0
script-fu-Warning: GRAY_CASE_DONE=edge-noalpha-m5-w2-a2

gimp_plug_in_manager_call_run_full
gimp_plug_in_get_proc_frame=0x55ef6175ba20:  set ignore_undos=0
push_undo: GimpLayerUndo=55
gimp_plug_in_manager_call_run_full
gimp_plug_in_get_proc_frame=0x55ef6175ba20:  set ignore_undos=0
push_undo: GimpDrawableUndo=47
gimp_plug_in_manager_call_run_full
gimp_plug_in_get_proc_frame=0x55ef6175ba20:  set ignore_undos=0
script-fu-Warning: GRAY_CASE_DONE=gauss-noalpha-h25-v25-m0

gimp_plug_in_manager_call_run_full
gimp_plug_in_get_proc_frame=0x55ef6175ba20:  set ignore_undos=0
push_undo: GimpLayerUndo=55
gimp_plug_in_manager_call_run_full
gimp_plug_in_get_proc_frame=0x55ef6175ba20:  set ignore_undos=0
push_undo: GimpDrawableUndo=47
gimp_plug_in_manager_call_run_full
gimp_plug_in_get_proc_frame=0x55ef6175ba20:  set ignore_undos=0
script-fu-Warning: GRAY_CASE_DONE=gauss-noalpha-h25-v25-m1

batch command executed successfully
gimp_plug_in_manager_call_run_full
gimp_plug_in_get_proc_frame=0x55ef616629d0:  set ignore_undos=0
gimp_plug_in_manager_call_run_full
gimp_plug_in_get_proc_frame=0x55ef6175ba20:  set ignore_undos=0
push_undo: GimpLayerUndo=55
push_undo: GimpImageUndo=44
script-fu-Warning: INDEXED_PROBE=plug-in-edge TYPE=4 BASE=2

gimp_plug_in_manager_call_run_full
gimp_plug_in_get_proc_frame=0x55ef6175ba20:  set ignore_undos=0
batch command experienced an execution error:
Error: (/workspace/scratch/5b5281e79681/gimp-painter/migration/fixtures/legacy-gray-filter/plug-in-edge-indexed.scm : 5) Procedure execution of plug-in-edge failed 

gimp_plug_in_manager_call_run_full
gimp_plug_in_get_proc_frame=0x55ef616629d0:  set ignore_undos=0
gimp_plug_in_manager_call_run_full
gimp_plug_in_get_proc_frame=0x55ef61783070:  set ignore_undos=0
push_undo: GimpLayerUndo=55
push_undo: GimpImageUndo=44
script-fu-Warning: INDEXED_PROBE=plug-in-gauss TYPE=4 BASE=2

gimp_plug_in_manager_call_run_full
gimp_plug_in_get_proc_frame=0x55ef61783070:  set ignore_undos=0
GIMP-Error: Calling error for procedure 'plug-in-gauss':
Cannot operate on indexed color images.

batch command experienced an execution error:
Error: (/workspace/scratch/5b5281e79681/gimp-painter/migration/fixtures/legacy-gray-filter/plug-in-gauss-indexed.scm : 5) Procedure execution of plug-in-gauss failed: Cannot operate on indexed color images. 

gimp_plug_in_manager_call_run_full
gimp_plug_in_get_proc_frame=0x55ef616629d0:  set ignore_undos=0
