  Installing layer-presets-path with default = ${gimp_dir}/layer-presets:${gimp_data_dir}/layer-presets
  Installing layer-presets-path-writable with default = ${gimp_dir}/layer-presets
GimpCoreConfig: Set properties_base to 62
  Installed set_property_handler
  Installed get_property_handler
Installed::N4GLib13GClassWrapperINS_11UseCStructsI15_GimpBaseConfig15_GimpCoreConfigEEE9WithClassE-> prop=layer-presets-path, id=62
  Kept set_property_handler
  Kept get_property_handler
Installed::N4GLib13GClassWrapperINS_11UseCStructsI15_GimpBaseConfig15_GimpCoreConfigEEE9WithClassE-> prop=layer-presets-path-writable, id=63
Install ConfigExtender.
set::readonly path to `${gimp_dir}/layer-presets:${gimp_data_dir}/layer-presets'
set::writable path to `${gimp_dir}/layer-presets'
Install ConfigExtender.
set::readonly path to `${gimp_dir}/layer-presets:${gimp_data_dir}/layer-presets'
set::writable path to `${gimp_dir}/layer-presets'

(gimp-2.8:10): GLib-GObject-CRITICAL **: 08:27:20.682: g_value_set_object: assertion 'G_VALUE_HOLDS_OBJECT (value)' failed

(gimp-2.8:10): GLib-GObject-CRITICAL **: 08:27:20.682: g_value_set_object: assertion 'G_VALUE_HOLDS_OBJECT (value)' failed
get::readonly path
get::readonly path
get::writable path
get::writable path

(gimp-2.8:10): GLib-GObject-CRITICAL **: 08:27:20.688: g_object_set_is_valid_property: object class 'GeglConfig' has no property named 'cache-size'
GimpJsonResource: Set properties_base to 8
  Installed set_property_handler
  Installed get_property_handler
Installed::N4GLib13GClassWrapperINS_11UseCStructsI9_GimpData17_GimpJsonResourceEEE9WithClassE-> prop=root, id=8
Feature::entry_point: add restore/exit on initialize.
unknown key 'colorize'
unknown key 'colorize'
unknown key 'colorize'
unknown key 'colorize'
unknown key 'colorize'
unknown key 'colorize'
unknown key 'colorize'
unknown key 'colorize'
unknown key 'colorize'
unknown key 'colorize'
unknown key 'colorize'
unknown key 'colorize'
unknown key 'colorize'
unknown key 'colorize'
unknown key 'colorize'
unknown key 'colorize'
unknown key 'colorize'
unknown key 'colorize'
unknown key 'colorize'
unknown key 'colorize'
unknown key 'colorize'
unknown key 'colorize'
unknown key 'colorize'
unknown key 'colorize'
unknown key 'colorize'
unknown key 'colorize'
unknown key 'colorize'
unknown key 'colorize'
unknown key 'colorize'
unknown key 'colorize'
unknown key 'colorize'
unknown key 'colorize'
unknown key 'colorize'
unknown key 'colorize'
unknown key 'colorize'
unknown key 'colorize'
unknown key 'colorize'
unknown key 'colorize'
unknown key 'colorize'
unknown key 'colorize'
unknown key 'colorize'
unknown key 'colorize'
unknown key 'colorize'
unknown key 'colorize'
unknown key 'colorize'
unknown key 'colorize'
unknown key 'colorize'
unknown key 'colorize'
unknown key 'colorize'
unknown key 'colorize'
unknown key 'colorize'
unknown key 'colorize'
unknown key 'colorize'
unknown key 'colorize'
unknown key 'colorize'
unknown key 'colorize'
unknown key 'colorize'
unknown key 'colorize'
unknown key 'colorize'
unknown key 'colorize'
unknown key 'colorize'
unknown key 'colorize'
unknown key 'colorize'
unknown key 'colorize'
unknown key 'colorize'
unknown key 'colorize'
unknown key 'colorize'
unknown key 'colorize'
unknown key 'colorize'
unknown key 'colorize'
unknown key 'colorize'
unknown key 'colorize'
unknown key 'colorize'
unknown key 'colorize'
unknown key 'colorize'
unknown key 'colorize'
unknown key 'colorize'
unknown key 'colorize'
unknown key 'colorize'
unknown key 'colorize'
unknown key 'colorize'
unknown key 'colorize'
unknown key 'colorize'
unknown key 'colorize'
unknown key 'colorize'
unknown key 'colorize'
unknown key 'colorize'
unknown key 'colorize'
unknown key 'colorize'
unknown key 'colorize'
unknown key 'snap_to_pixel'
unknown key 'colorize'
unknown key 'colorize'
unknown key 'colorize'
unknown key 'colorize'
unknown key 'colorize'
unknown key 'colorize'
unknown key 'colorize'
unknown key 'colorize'
unknown key 'colorize'
unknown key 'colorize'
unknown key 'colorize'
unknown key 'colorize'
unknown key 'colorize'
unknown key 'colorize'
unknown key 'colorize'
unknown key 'colorize'
unknown key 'colorize'
unknown key 'colorize'
unknown key 'colorize'
unknown key 'colorize'
unknown key 'colorize'
unknown key 'colorize'
Failed to read `/workspace/shared/gimp-legacy-build/prefix/share/gimp/2.0/mypaint-brushes/deevad/thin_watercolor.myb': fallback to v2.
invalid key 'colorize'
unknown key 'colorize'
unknown key 'colorize'
unknown key 'colorize'
unknown key 'colorize'
unknown key 'colorize'
unknown key 'colorize'
unknown key 'colorize'
unknown key 'colorize'
unknown key 'colorize'
unknown key 'colorize'
unknown key 'colorize'
unknown key 'colorize'
unknown key 'colorize'
unknown key 'colorize'
unknown key 'colorize'
unknown key 'colorize'
unknown key 'colorize'
unknown key 'colorize'
unknown key 'colorize'
unknown key 'colorize'
unknown key 'colorize'
unknown key 'colorize'
unknown key 'pressure_gain_log'
unknown key 'snap_to_pixel'
unknown key 'colorize'
unknown key 'pressure_gain_log'
unknown key 'snap_to_pixel'
unknown key 'colorize'
unknown key 'pressure_gain_log'
unknown key 'snap_to_pixel'
unknown key 'colorize'
unknown key 'pressure_gain_log'
unknown key 'snap_to_pixel'
unknown key 'colorize'
unknown key 'pressure_gain_log'
unknown key 'snap_to_pixel'
unknown key 'colorize'
unknown key 'pressure_gain_log'
unknown key 'snap_to_pixel'
unknown key 'colorize'
unknown key 'pressure_gain_log'
unknown key 'snap_to_pixel'
unknown key 'colorize'
unknown key 'pressure_gain_log'
unknown key 'snap_to_pixel'
unknown key 'colorize'
unknown key 'pressure_gain_log'
unknown key 'snap_to_pixel'
unknown key 'colorize'
unknown key 'pressure_gain_log'
unknown key 'snap_to_pixel'
unknown key 'colorize'
unknown key 'pressure_gain_log'
unknown key 'snap_to_pixel'
unknown key 'colorize'
unknown key 'pressure_gain_log'
unknown key 'snap_to_pixel'
unknown key 'colorize'
unknown key 'pressure_gain_log'
unknown key 'snap_to_pixel'
unknown key 'colorize'
unknown key 'pressure_gain_log'
unknown key 'snap_to_pixel'
unknown key 'colorize'
unknown key 'pressure_gain_log'
unknown key 'snap_to_pixel'
unknown key 'colorize'
unknown key 'pressure_gain_log'
unknown key 'snap_to_pixel'
unknown key 'colorize'
unknown key 'pressure_gain_log'
unknown key 'snap_to_pixel'
unknown key 'colorize'
unknown key 'pressure_gain_log'
unknown key 'snap_to_pixel'
unknown key 'colorize'
unknown key 'pressure_gain_log'
unknown key 'snap_to_pixel'
unknown key 'colorize'
unknown key 'pressure_gain_log'
unknown key 'snap_to_pixel'
unknown key 'colorize'
unknown key 'colorize'
unknown key 'colorize'
unknown key 'colorize'
unknown key 'colorize'
unknown key 'colorize'
unknown key 'colorize'
unknown key 'colorize'
unknown key 'colorize'
unknown key 'colorize'
unknown key 'snap_to_pixel'
unknown key 'colorize'
unknown key 'colorize'
unknown key 'colorize'
unknown key 'snap_to_pixel'
unknown key 'colorize'
unknown key 'colorize'
unknown key 'colorize'
unknown key 'colorize'
unknown key 'colorize'
unknown key 'colorize'
unknown key 'colorize'
unknown key 'colorize'
unknown key 'colorize'
unknown key 'colorize'
unknown key 'snap_to_pixel'
get::readonly path
get::writable path
PresetFactory::load:: /workspace/shared/gimp-legacy-build/prefix/share/gimp/2.0/layer-presets/watercolor.json
PresetFactory::load:: /workspace/shared/gimp-legacy-build/prefix/share/gimp/2.0/layer-presets/new-anime-layer.json
PresetFactory::load:: /workspace/shared/gimp-legacy-build/prefix/share/gimp/2.0/layer-presets/test.json
PresetFactory::load:: /workspace/shared/gimp-legacy-build/prefix/share/gimp/2.0/layer-presets/crop-with-selection.json
PresetFactory::load:: /workspace/shared/gimp-legacy-build/prefix/share/gimp/2.0/layer-presets/new-cropped-layer.json
PresetFactory::load:: /workspace/shared/gimp-legacy-build/prefix/share/gimp/2.0/layer-presets/test2.json
PresetFactory::load:: /workspace/shared/gimp-legacy-build/prefix/share/gimp/2.0/layer-presets/duplicate-as-normal.json
PresetFactory::load:: /workspace/shared/gimp-legacy-build/prefix/share/gimp/2.0/layer-presets/duplicate-as-clone.json

(gimp-2.8:10): Gimp-Widgets-CRITICAL **: 08:27:21.556: gimp_dialog_factory_get_singleton: assertion 'gimp_toplevel_factory != NULL' failed
PresetGuiFactory::on_restore::GimpDialogFactory=(nil)

(gimp-2.8:10): Gimp-Widgets-CRITICAL **: 08:27:21.556: gimp_dialog_factory_register_entry: assertion 'GIMP_IS_DIALOG_FACTORY (factory)' failed
PresetGuiFactory::on_restore::end

(gimp-2.8:10): Gimp-Widgets-CRITICAL **: 08:27:21.556: gimp_action_factory_group_register: assertion 'GIMP_IS_ACTION_FACTORY (factory)' failed
gimp_plug_in_manager_call_run_full
gimp_plug_in_get_proc_frame=0x563afb478c50:  set ignore_undos=0
gimp_plug_in_manager_call_run_full
gimp_plug_in_get_proc_frame=0x563afb492bd0:  set ignore_undos=0
xcf_load[177]: image: PROP_END
xcf_load_layer
xcf_load_props: PROP_FILTER_SPEC
create instance type=563afb6822f0
FilterLayer::class_init
GimpFilterLayer: Set properties_base to 18
FilterLayer::iface_init<GimpPickableInterface>
FilterLayer::FilterLayer
new_instance::group=0x563afa2c6280
xcf_load[23b] filter_name=plug-in-edge
xcf_load_filter_specs
xcf_load[24c] value_type=2
0:XCF_FILTER_INT32
xcf_load[258] value_type=1
1:XCF_FILTER_UNSUPPORTED
xcf_load[260] value_type=10
2:XCF_FILTER_DRAWABLE
xcf_load[268] value_type=5
3:XCF_FILTER_FLOAT
xcf_load[274] value_type=2
4:XCF_FILTER_INT32
xcf_load[280] value_type=2
5:XCF_FILTER_INT32
xcf_load[28c] value_type=0
6:XCF_FILTER_END
FilterLayer::filter_reset

(script-fu:24): LibGimpBase-WARNING **: 08:27:26.379: script-fu: gimp_wire_read(): error

(script-fu:23): LibGimpBase-WARNING **: 08:27:26.383: script-fu: gimp_wire_read(): error
