  Installing layer-presets-path with default = ${gimp_dir}/layer-presets:${gimp_data_dir}/layer-presets
  Installing layer-presets-path-writable with default = ${gimp_dir}/layer-presets
GimpCoreConfig: Set properties_base to 62
  Installed set_property_handler
  Installed get_property_handler
Installed::N4GLib13GClassWrapperINS_11UseCStructsI15_GimpBaseConfig15_GimpCoreConfigEEE9WithClassE-> prop=layer-presets-path, id=62
  Kept set_property_handler
  Kept get_property_handler
Installed::N4GLib13GClassWrapperINS_11UseCStructsI15_GimpBaseConfig15_GimpCoreConfigEEE9WithClassE-> prop=layer-presets-path-writable, id=63
Install ConfigExtender.
set::readonly path to `${gimp_dir}/layer-presets:${gimp_data_dir}/layer-presets'
set::writable path to `${gimp_dir}/layer-presets'
Install ConfigExtender.
set::readonly path to `${gimp_dir}/layer-presets:${gimp_data_dir}/layer-presets'
set::writable path to `${gimp_dir}/layer-presets'

(gimp-2.8:7): GLib-GObject-CRITICAL **: 08:16:38.788: g_value_set_object: assertion 'G_VALUE_HOLDS_OBJECT (value)' failed

(gimp-2.8:7): GLib-GObject-CRITICAL **: 08:16:38.788: g_value_set_object: assertion 'G_VALUE_HOLDS_OBJECT (value)' failed
get::readonly path
get::readonly path
get::writable path
get::writable path

(gimp-2.8:7): GLib-GObject-CRITICAL **: 08:16:38.790: g_object_set_is_valid_property: object class 'GeglConfig' has no property named 'cache-size'
GimpJsonResource: Set properties_base to 8
  Installed set_property_handler
  Installed get_property_handler
Installed::N4GLib13GClassWrapperINS_11UseCStructsI9_GimpData17_GimpJsonResourceEEE9WithClassE-> prop=root, id=8
Feature::entry_point: add restore/exit on initialize.
unknown key 'colorize'
unknown key 'colorize'
unknown key 'colorize'
unknown key 'colorize'
unknown key 'colorize'
unknown key 'colorize'
unknown key 'colorize'
unknown key 'colorize'
unknown key 'colorize'
unknown key 'colorize'
unknown key 'colorize'
unknown key 'colorize'
unknown key 'colorize'
unknown key 'colorize'
unknown key 'colorize'
unknown key 'colorize'
unknown key 'colorize'
unknown key 'colorize'
unknown key 'colorize'
unknown key 'colorize'
unknown key 'colorize'
unknown key 'colorize'
unknown key 'colorize'
unknown key 'colorize'
unknown key 'colorize'
unknown key 'colorize'
unknown key 'colorize'
unknown key 'colorize'
unknown key 'colorize'
unknown key 'colorize'
unknown key 'colorize'
unknown key 'colorize'
unknown key 'colorize'
unknown key 'colorize'
unknown key 'colorize'
unknown key 'colorize'
unknown key 'colorize'
unknown key 'colorize'
unknown key 'colorize'
unknown key 'colorize'
unknown key 'colorize'
unknown key 'colorize'
unknown key 'colorize'
unknown key 'colorize'
unknown key 'colorize'
unknown key 'colorize'
unknown key 'colorize'
unknown key 'colorize'
unknown key 'colorize'
unknown key 'colorize'
unknown key 'colorize'
unknown key 'colorize'
unknown key 'colorize'
unknown key 'colorize'
unknown key 'colorize'
unknown key 'colorize'
unknown key 'colorize'
unknown key 'colorize'
unknown key 'colorize'
unknown key 'colorize'
unknown key 'colorize'
unknown key 'colorize'
unknown key 'colorize'
unknown key 'colorize'
unknown key 'colorize'
unknown key 'colorize'
unknown key 'colorize'
unknown key 'colorize'
unknown key 'colorize'
unknown key 'colorize'
unknown key 'colorize'
unknown key 'colorize'
unknown key 'colorize'
unknown key 'colorize'
unknown key 'colorize'
unknown key 'colorize'
unknown key 'colorize'
unknown key 'colorize'
unknown key 'colorize'
unknown key 'colorize'
unknown key 'colorize'
unknown key 'colorize'
unknown key 'colorize'
unknown key 'colorize'
unknown key 'colorize'
unknown key 'colorize'
unknown key 'colorize'
unknown key 'colorize'
unknown key 'colorize'
unknown key 'colorize'
unknown key 'snap_to_pixel'
unknown key 'colorize'
unknown key 'colorize'
unknown key 'colorize'
unknown key 'colorize'
unknown key 'colorize'
unknown key 'colorize'
unknown key 'colorize'
unknown key 'colorize'
unknown key 'colorize'
unknown key 'colorize'
unknown key 'colorize'
unknown key 'colorize'
unknown key 'colorize'
unknown key 'colorize'
unknown key 'colorize'
unknown key 'colorize'
unknown key 'colorize'
unknown key 'colorize'
unknown key 'colorize'
unknown key 'colorize'
unknown key 'colorize'
unknown key 'colorize'
Failed to read `/workspace/shared/gimp-legacy-build/prefix/share/gimp/2.0/mypaint-brushes/deevad/thin_watercolor.myb': fallback to v2.
invalid key 'colorize'
unknown key 'colorize'
unknown key 'colorize'
unknown key 'colorize'
unknown key 'colorize'
unknown key 'colorize'
unknown key 'colorize'
unknown key 'colorize'
unknown key 'colorize'
unknown key 'colorize'
unknown key 'colorize'
unknown key 'colorize'
unknown key 'colorize'
unknown key 'colorize'
unknown key 'colorize'
unknown key 'colorize'
unknown key 'colorize'
unknown key 'colorize'
unknown key 'colorize'
unknown key 'colorize'
unknown key 'colorize'
unknown key 'colorize'
unknown key 'colorize'
unknown key 'pressure_gain_log'
unknown key 'snap_to_pixel'
unknown key 'colorize'
unknown key 'pressure_gain_log'
unknown key 'snap_to_pixel'
unknown key 'colorize'
unknown key 'pressure_gain_log'
unknown key 'snap_to_pixel'
unknown key 'colorize'
unknown key 'pressure_gain_log'
unknown key 'snap_to_pixel'
unknown key 'colorize'
unknown key 'pressure_gain_log'
unknown key 'snap_to_pixel'
unknown key 'colorize'
unknown key 'pressure_gain_log'
unknown key 'snap_to_pixel'
unknown key 'colorize'
unknown key 'pressure_gain_log'
unknown key 'snap_to_pixel'
unknown key 'colorize'
unknown key 'pressure_gain_log'
unknown key 'snap_to_pixel'
unknown key 'colorize'
unknown key 'pressure_gain_log'
unknown key 'snap_to_pixel'
unknown key 'colorize'
unknown key 'pressure_gain_log'
unknown key 'snap_to_pixel'
unknown key 'colorize'
unknown key 'pressure_gain_log'
unknown key 'snap_to_pixel'
unknown key 'colorize'
unknown key 'pressure_gain_log'
unknown key 'snap_to_pixel'
unknown key 'colorize'
unknown key 'pressure_gain_log'
unknown key 'snap_to_pixel'
unknown key 'colorize'
unknown key 'pressure_gain_log'
unknown key 'snap_to_pixel'
unknown key 'colorize'
unknown key 'pressure_gain_log'
unknown key 'snap_to_pixel'
unknown key 'colorize'
unknown key 'pressure_gain_log'
unknown key 'snap_to_pixel'
unknown key 'colorize'
unknown key 'pressure_gain_log'
unknown key 'snap_to_pixel'
unknown key 'colorize'
unknown key 'pressure_gain_log'
unknown key 'snap_to_pixel'
unknown key 'colorize'
unknown key 'pressure_gain_log'
unknown key 'snap_to_pixel'
unknown key 'colorize'
unknown key 'pressure_gain_log'
unknown key 'snap_to_pixel'
unknown key 'colorize'
unknown key 'colorize'
unknown key 'colorize'
unknown key 'colorize'
unknown key 'colorize'
unknown key 'colorize'
unknown key 'colorize'
unknown key 'colorize'
unknown key 'colorize'
unknown key 'colorize'
unknown key 'snap_to_pixel'
unknown key 'colorize'
unknown key 'colorize'
unknown key 'colorize'
unknown key 'snap_to_pixel'
unknown key 'colorize'
unknown key 'colorize'
unknown key 'colorize'
unknown key 'colorize'
unknown key 'colorize'
unknown key 'colorize'
unknown key 'colorize'
unknown key 'colorize'
unknown key 'colorize'
unknown key 'colorize'
unknown key 'snap_to_pixel'
get::readonly path
get::writable path
PresetFactory::load:: /workspace/shared/gimp-legacy-build/prefix/share/gimp/2.0/layer-presets/watercolor.json
PresetFactory::load:: /workspace/shared/gimp-legacy-build/prefix/share/gimp/2.0/layer-presets/new-anime-layer.json
PresetFactory::load:: /workspace/shared/gimp-legacy-build/prefix/share/gimp/2.0/layer-presets/test.json
PresetFactory::load:: /workspace/shared/gimp-legacy-build/prefix/share/gimp/2.0/layer-presets/crop-with-selection.json
PresetFactory::load:: /workspace/shared/gimp-legacy-build/prefix/share/gimp/2.0/layer-presets/new-cropped-layer.json
PresetFactory::load:: /workspace/shared/gimp-legacy-build/prefix/share/gimp/2.0/layer-presets/test2.json
PresetFactory::load:: /workspace/shared/gimp-legacy-build/prefix/share/gimp/2.0/layer-presets/duplicate-as-normal.json
PresetFactory::load:: /workspace/shared/gimp-legacy-build/prefix/share/gimp/2.0/layer-presets/duplicate-as-clone.json

(gimp-2.8:7): Gimp-Widgets-CRITICAL **: 08:16:39.099: gimp_dialog_factory_get_singleton: assertion 'gimp_toplevel_factory != NULL' failed
PresetGuiFactory::on_restore::GimpDialogFactory=(nil)

(gimp-2.8:7): Gimp-Widgets-CRITICAL **: 08:16:39.099: gimp_dialog_factory_register_entry: assertion 'GIMP_IS_DIALOG_FACTORY (factory)' failed
PresetGuiFactory::on_restore::end

(gimp-2.8:7): Gimp-Widgets-CRITICAL **: 08:16:39.099: gimp_action_factory_group_register: assertion 'GIMP_IS_ACTION_FACTORY (factory)' failed
gimp_plug_in_manager_call_run_full
gimp_plug_in_get_proc_frame=0x56331eb03ba0:  set ignore_undos=0
gimp_plug_in_manager_call_run_full
gimp_plug_in_get_proc_frame=0x56331ead7d40:  set ignore_undos=0
push_undo: GimpLayerUndo=55
push_undo: GimpLayerUndo=55
push_undo: GimpItemPropUndo=51
push_undo: GimpLayerUndo=55
push_undo: GimpItemPropUndo=52
push_undo: GimpPaintCoreUndo=77
push_undo: GimpDrawableUndo=47
push_undo: GimpLayerMaskUndo=65
push_undo: GimpChannelUndo=69
push_undo: GimpItemPropUndo=53
push_undo: GimpImageUndo=42
push_undo: GimpMaskUndo=49
xcf_save[24d]: layer_props: PROP_END
xcf_save_layer[255]: done: save_layer_props
xcf_save_layer[255]: done: save_offset=25d
xcf_save_layer[259]: done: save_layer_mask_offset
xcf_save_layer[25d]: xcf_save_hierarchy
xcf_save[25d] hierarchy:: write width=80
xcf_save[261] hierarchy:: write height=64
xcf_save[265] hierarchy:: write bpp=4
xcf_save[269] hierarchy:: write nlevels=3
xcf_save[275] hierarchy::level=0
xcf_save[289] hierarchy::level=1
xcf_save_layer[295]: done: xcf_save_hierarchy
xcf_save[34c]: layer_props: PROP_END
xcf_save_layer[354]: done: save_layer_props
xcf_save_layer[354]: done: save_offset=35c
xcf_save_layer[358]: done: save_layer_mask_offset
xcf_save_layer[35c]: xcf_save_hierarchy
xcf_save[35c] hierarchy:: write width=80
xcf_save[360] hierarchy:: write height=64
xcf_save[364] hierarchy:: write bpp=4
xcf_save[368] hierarchy:: write nlevels=3
xcf_save[374] hierarchy::level=0
xcf_save[976] hierarchy::level=1
xcf_save_layer[982]: done: xcf_save_hierarchy
xcf_save[a01] hierarchy:: write width=80
xcf_save[a05] hierarchy:: write height=64
xcf_save[a09] hierarchy:: write bpp=1
xcf_save[a0d] hierarchy:: write nlevels=3
xcf_save[a19] hierarchy::level=0
xcf_save[a35] hierarchy::level=1
xcf_save[ae4]: layer_props: PROP_END
xcf_save_layer[aec]: done: save_layer_props
xcf_save_layer[aec]: done: save_offset=af4
xcf_save_layer[af0]: done: save_layer_mask_offset
xcf_save_layer[af4]: xcf_save_hierarchy
xcf_save[af4] hierarchy:: write width=96
xcf_save[af8] hierarchy:: write height=80
xcf_save[afc] hierarchy:: write bpp=4
xcf_save[b00] hierarchy:: write nlevels=3
xcf_save[b0c] hierarchy::level=0
xcf_save[b68] hierarchy::level=1
xcf_save_layer[b74]: done: xcf_save_hierarchy
xcf_save[bf7] hierarchy:: write width=96
xcf_save[bfb] hierarchy:: write height=80
xcf_save[bff] hierarchy:: write bpp=1
xcf_save[c03] hierarchy:: write nlevels=3
xcf_save[c0f] hierarchy::level=0
xcf_save[c2b] hierarchy::level=1
xcf_save[cb9] hierarchy:: write width=96
xcf_save[cbd] hierarchy:: write height=80
xcf_save[cc1] hierarchy:: write bpp=1
xcf_save[cc5] hierarchy:: write nlevels=3
xcf_save[cd1] hierarchy::level=0
xcf_save[d47] hierarchy::level=1
push_undo: GimpLayerUndo=56
push_undo: GimpLayerUndo=56
push_undo: GimpLayerUndo=55
gimp_plug_in_manager_call_run_full
gimp_plug_in_get_proc_frame=0x56331eacf290:  set ignore_undos=0
xcf_load[177]: image: PROP_END
xcf_load_layer
xcf_load[24d]: layer_props: PROP_END
xcf_load_layer[255]: done: load_layer_props
xcf_load_layer[255]: before: gimp_text_layer_xcf_load_hack
xcf_load_layer[255]: read: hierarchy_offset  =25d
xcf_load_layer[259]: read: layer_mask_offset  =0
xcf_load_layer
xcf_load[34c]: layer_props: PROP_END
xcf_load_layer[354]: done: load_layer_props
xcf_load_layer[354]: before: gimp_text_layer_xcf_load_hack
xcf_load_layer[354]: read: hierarchy_offset  =35c
xcf_load_layer[358]: read: layer_mask_offset  =982
xcf_load_layer[35c]: read: load_hierarchy
xcf_load[35c] hierarchy:: read width=80
xcf_load[360] hierarchy:: read height=64
xcf_load[364] hierarchy:: read bpp=4
tile_manager: width=80, height=64, bpp=4
xcf_load[368] hierarchy:: read offset=884
xcf_load[374] hierarchy:: xcf_load_levelxcf_load[388] hierarchy:: done: xcf_load_levelxcf_load[a01] hierarchy:: read width=80
xcf_load[a05] hierarchy:: read height=64
xcf_load[a09] hierarchy:: read bpp=1
tile_manager: width=80, height=64, bpp=1
xcf_load[a0d] hierarchy:: read offset=2585
xcf_load[a19] hierarchy:: xcf_load_levelxcf_load[a2d] hierarchy:: done: xcf_load_levelxcf_load_layer
xcf_load[ae4]: layer_props: PROP_END
xcf_load_layer[aec]: done: load_layer_props
xcf_load_layer[aec]: before: gimp_text_layer_xcf_load_hack
xcf_load_layer[aec]: read: hierarchy_offset  =af4
xcf_load_layer[af0]: read: layer_mask_offset  =0
xcf_load_layer[af4]: read: load_hierarchy
xcf_load[af4] hierarchy:: read width=96
xcf_load[af8] hierarchy:: read height=80
xcf_load[afc] hierarchy:: read bpp=4
tile_manager: width=96, height=80, bpp=4
xcf_load[b00] hierarchy:: read offset=2828
xcf_load[b0c] hierarchy:: xcf_load_levelxcf_load[b28] hierarchy:: done: xcf_load_levelxcf_load[bf7] hierarchy:: read width=96
xcf_load[bfb] hierarchy:: read height=80
xcf_load[bff] hierarchy:: read bpp=1
tile_manager: width=96, height=80, bpp=1
xcf_load[c03] hierarchy:: read offset=3087
xcf_load[c0f] hierarchy:: xcf_load_levelxcf_load[c1b] hierarchy:: done: xcf_load_levelxcf_load[cb9] hierarchy:: read width=96
xcf_load[cbd] hierarchy:: read height=80
xcf_load[cc1] hierarchy:: read bpp=1
tile_manager: width=96, height=80, bpp=1
xcf_load[cc5] hierarchy:: read offset=3281
xcf_load[cd1] hierarchy:: xcf_load_levelxcf_load[ced] hierarchy:: done: xcf_load_levelscript-fu-Warning: LEGACY_REOPEN_OPACITY=74.90196078

push_undo: GimpLayerUndo=56
push_undo: GimpLayerUndo=56
push_undo: GimpLayerUndo=55
gimp_plug_in_manager_call_run_full
gimp_plug_in_get_proc_frame=0x56331eacf290:  set ignore_undos=0
script-fu-Warning: LEGACY_ORDINARY_CAPTURE_COMPLETE

batch command executed successfully
gimp_plug_in_manager_call_run_full
gimp_plug_in_get_proc_frame=0x56331ead7d40:  set ignore_undos=0
