GimpPerspectiveGuide: Set properties_base to 1
  Installed set_property_handler
  Installed get_property_handler
Installed::N4GLib13GClassWrapperINS_11UseCStructsI8_GObject21_GimpPerspectiveGuideEEE9WithClassE-> prop=id, id=1
  Kept set_property_handler
  Kept get_property_handler
Installed::N4GLib13GClassWrapperINS_11UseCStructsI8_GObject21_GimpPerspectiveGuideEEE9WithClassE-> prop=angle, id=2
PROPERTY initial 0 0
ADD 0 0 1
ADD 1 1 2
ADD 2 2 3
ADD 3 -1 3
POINT 0 1 1 2
POINT 1 1 11 12
POINT 2 1 21 22
MOVE 1
POINT 1 1 30 40
REMOVE 1
POINT 0 1 1 2
POINT 1 1 21 22
PROPERTY angle-set 1 1
