
(process:1533): GLib-GObject-CRITICAL **: 22:48:45.785: g_value_set_object: assertion 'G_VALUE_HOLDS_OBJECT (value)' failed

(process:1533): GLib-GObject-CRITICAL **: 22:48:45.785: g_value_set_object: assertion 'G_VALUE_HOLDS_OBJECT (value)' failed
Failed to parse tag cache: No such file or directory
GIMP-Error: Plug-in "pagecurl"
attempted to install procedure "plug-in-pagecurl" with invalid return-value name "Curl Layer".
This is not allowed.

GIMP-Error: Plug-in "pagecurl"
(/workspace/shared/gimp-legacy-build/prefix/lib/gimp/2.0/plug-ins/pagecurl)
attempted to register the menu item "<Image>/Filters/Distorts" for the procedure "plug-in-pagecurl".
It has however not installed that procedure.  This is not allowed.

GIMP-Error: Could not open '/home/agent/.gimp-painter-2.8/pluginrc' for writing: No such file or directory

PATH_POINTS 19 23 17 0.7 -> 49 17 0.7
PATH_POINTS 19 23 40 0.7 -> 49 40 0.7
PATH_POINTS 19 23 17 0.7 -> 49 17 0.7
PATH_POINTS 19 23 40 0.7 -> 49 40 0.7
PATH_POINTS 19 23 17 0.7 -> 49 17 0.7
PATH_POINTS 19 23 40 0.7 -> 49 40 0.7
PATH_POINTS 19 23 17 0.7 -> 49 17 0.7
PATH_POINTS 19 23 40 0.7 -> 49 40 0.7
PATH_POINTS 19 23 17 0.7 -> 49 17 0.7
PATH_POINTS 19 23 40 0.7 -> 49 40 0.7
PATH_POINTS 19 23 17 0.7 -> 49 17 0.7
PATH_POINTS 19 23 40 0.7 -> 49 40 0.7
PATH_POINTS 19 23 17 0.7 -> 49 17 0.7
PATH_POINTS 19 23 40 0.7 -> 49 40 0.7
PATH_POINTS 19 23 17 0.7 -> 49 17 0.7
PATH_POINTS 19 23 40 0.7 -> 49 40 0.7
PATH_POINTS 19 23 17 0.7 -> 49 17 0.7
PATH_POINTS 19 23 40 0.7 -> 49 40 0.7
PATH_POINTS 19 23 17 0.7 -> 49 17 0.7
PATH_POINTS 19 23 40 0.7 -> 49 40 0.7
PATH_POINTS 19 23 17 0.7 -> 49 17 0.7
PATH_POINTS 19 23 40 0.7 -> 49 40 0.7
PATH_POINTS 19 23 17 0.7 -> 49 17 0.7
PATH_POINTS 19 23 40 0.7 -> 49 40 0.7
PATH_POINTS 19 23 17 0.7 -> 49 17 0.7
PATH_POINTS 19 23 40 0.7 -> 49 40 0.7
PATH_POINTS 19 23 17 0.7 -> 49 17 0.7
PATH_POINTS 19 23 40 0.7 -> 49 40 0.7
PATH_POINTS 19 23 17 0.7 -> 49 17 0.7
PATH_POINTS 19 23 40 0.7 -> 49 40 0.7
PATH_POINTS 19 23 17 0.7 -> 49 17 0.7
PATH_POINTS 19 23 40 0.7 -> 49 40 0.7
PATH_POINTS 19 23 17 0.7 -> 49 17 0.7
PATH_POINTS 19 23 40 0.7 -> 49 40 0.7
PATH_POINTS 19 23 17 0.7 -> 49 17 0.7
PATH_POINTS 19 23 40 0.7 -> 49 40 0.7
PATH_POINTS 19 23 17 0.7 -> 49 17 0.7
PATH_POINTS 19 23 40 0.7 -> 49 40 0.7
PATH_POINTS 19 23 17 0.7 -> 49 17 0.7
PATH_POINTS 19 23 40 0.7 -> 49 40 0.7
PATH_POINTS 19 23 17 0.7 -> 49 17 0.7
PATH_POINTS 19 23 40 0.7 -> 49 40 0.7
PATH_POINTS 19 23 17 0.7 -> 49 17 0.7
PATH_POINTS 19 23 40 0.7 -> 49 40 0.7
PATH_POINTS 19 23 17 0.7 -> 49 17 0.7
PATH_POINTS 19 23 40 0.7 -> 49 40 0.7
PATH_POINTS 19 23 17 0.7 -> 49 17 0.7
PATH_POINTS 19 23 40 0.7 -> 49 40 0.7
PATH_POINTS 19 23 17 0.7 -> 49 17 0.7
PATH_POINTS 19 23 40 0.7 -> 49 40 0.7
PATH_POINTS 19 23 17 0.7 -> 49 17 0.7
PATH_POINTS 19 23 40 0.7 -> 49 40 0.7
PATH_POINTS 19 23 17 0.7 -> 49 17 0.7
PATH_POINTS 19 23 40 0.7 -> 49 40 0.7
PATH_POINTS 19 23 17 0.7 -> 49 17 0.7
PATH_POINTS 19 23 40 0.7 -> 49 40 0.7
PATH_POINTS 19 23 17 0.7 -> 49 17 0.7
PATH_POINTS 19 23 40 0.7 -> 49 40 0.7
PATH_POINTS 19 23 17 0.7 -> 49 17 0.7
PATH_POINTS 19 23 40 0.7 -> 49 40 0.7
PATH_POINTS 19 23 17 0.7 -> 49 17 0.7
PATH_POINTS 19 23 40 0.7 -> 49 40 0.7
PATH_POINTS 19 23 17 0.7 -> 49 17 0.7
PATH_POINTS 19 23 40 0.7 -> 49 40 0.7
PATH_POINTS 19 23 17 0.7 -> 49 17 0.7
PATH_POINTS 19 23 40 0.7 -> 49 40 0.7
PATH_POINTS 19 23 17 0.7 -> 49 17 0.7
PATH_POINTS 19 23 40 0.7 -> 49 40 0.7
PATH_POINTS 19 23 17 0.7 -> 49 17 0.7
PATH_POINTS 19 23 40 0.7 -> 49 40 0.7
PATH_POINTS 19 23 17 0.7 -> 49 17 0.7
PATH_POINTS 19 23 40 0.7 -> 49 40 0.7
PATH_POINTS 19 23 17 0.7 -> 49 17 0.7
PATH_POINTS 19 23 40 0.7 -> 49 40 0.7
PATH_POINTS 19 23 17 0.7 -> 49 17 0.7
PATH_POINTS 19 23 40 0.7 -> 49 40 0.7
PATH_POINTS 19 23 17 0.7 -> 49 17 0.7
PATH_POINTS 19 23 40 0.7 -> 49 40 0.7
PATH_POINTS 19 23 17 0.7 -> 49 17 0.7
PATH_POINTS 19 23 40 0.7 -> 49 40 0.7
PATH_POINTS 19 23 17 0.7 -> 49 17 0.7
PATH_POINTS 19 23 40 0.7 -> 49 40 0.7
PATH_POINTS 19 23 17 0.7 -> 49 17 0.7
PATH_POINTS 19 23 40 0.7 -> 49 40 0.7
PATH_POINTS 19 23 17 0.7 -> 49 17 0.7
PATH_POINTS 19 23 40 0.7 -> 49 40 0.7
PATH_POINTS 19 23 17 0.7 -> 49 17 0.7
PATH_POINTS 19 23 40 0.7 -> 49 40 0.7
PATH_POINTS 19 23 17 0.7 -> 49 17 0.7
PATH_POINTS 19 23 40 0.7 -> 49 40 0.7
PATH_POINTS 19 23 17 0.7 -> 49 17 0.7
PATH_POINTS 19 23 40 0.7 -> 49 40 0.7
PATH_POINTS 19 23 17 0.7 -> 49 17 0.7
PATH_POINTS 19 23 40 0.7 -> 49 40 0.7
PATH_POINTS 19 23 17 0.7 -> 49 17 0.7
PATH_POINTS 19 23 40 0.7 -> 49 40 0.7

(script-fu:1719): LibGimpBase-WARNING **: 22:48:48.337: script-fu: gimp_wire_read(): error
