
(process:7): GLib-GObject-CRITICAL **: 09:38:54.837: g_value_set_object: assertion 'G_VALUE_HOLDS_OBJECT (value)' failed

(process:7): GLib-GObject-CRITICAL **: 09:38:54.837: g_value_set_object: assertion 'G_VALUE_HOLDS_OBJECT (value)' failed
gimp_plug_in_manager_call_run_full
gimp_plug_in_get_proc_frame=0x560d10425650:  set ignore_undos=0
create clone instance type=560d10475400
CloneLayer::class_init
GimpCloneLayer: Set properties_base to 18
CloneLayer::iface_init<GimpPickableInterface>
new_instance::cloned=0x560d10308f40[layer=0x560d10308f40]
UNDO_STATE case=no-mask step=baseline source_wh=16,16 source_xy=5,7 clone_wh=16,16 clone_xy=32,30 mask=0 undo_depth=0 redo_depth=0 group_count=0
push_undo: GimpDrawableModUndo=48
resize
push_undo: GimpDrawableModUndo=48
UNDO_STATE case=no-mask step=resized source_wh=20,18 source_xy=7,10 clone_wh=20,18 clone_xy=34,33 mask=0 undo_depth=1 redo_depth=0 group_count=0
UNDO_NODE case=no-mask step=resized stack=undo path=0 gtype=GimpUndoStack undo_type=22 item=- children=2
UNDO_NODE case=no-mask step=resized stack=undo path=0/0 gtype=GimpDrawableModUndo undo_type=48 item=clone children=0 saved_wh=16,16 saved_xy=32,30 copy_tiles=0 image_type=1
UNDO_NODE case=no-mask step=resized stack=undo path=0/1 gtype=GimpDrawableModUndo undo_type=48 item=source children=0 saved_wh=16,16 saved_xy=5,7 copy_tiles=0 image_type=1
resize
push_undo: GimpDrawableModUndo=48
resize
push_undo: GimpDrawableModUndo=48
UNDO_ACTION case=no-mask step=undo1 returned=1
UNDO_STATE case=no-mask step=undo1 source_wh=16,16 source_xy=5,7 clone_wh=16,16 clone_xy=30,27 mask=0 undo_depth=2 redo_depth=1 group_count=0
UNDO_NODE case=no-mask step=undo1 stack=undo path=0 gtype=GimpDrawableModUndo undo_type=48 item=clone children=0 saved_wh=20,18 saved_xy=32,30 copy_tiles=0 image_type=1
UNDO_NODE case=no-mask step=undo1 stack=redo path=0 gtype=GimpUndoStack undo_type=22 item=- children=2
UNDO_NODE case=no-mask step=undo1 stack=redo path=0/0 gtype=GimpDrawableModUndo undo_type=48 item=source children=0 saved_wh=20,18 saved_xy=7,10 copy_tiles=0 image_type=1
UNDO_NODE case=no-mask step=undo1 stack=redo path=0/1 gtype=GimpDrawableModUndo undo_type=48 item=clone children=0 saved_wh=20,18 saved_xy=34,33 copy_tiles=0 image_type=1
resize
push_undo: GimpDrawableModUndo=48
UNDO_ACTION case=no-mask step=redo1 returned=1
UNDO_STATE case=no-mask step=redo1 source_wh=20,18 source_xy=7,10 clone_wh=20,18 clone_xy=34,33 mask=0 undo_depth=4 redo_depth=0 group_count=0
UNDO_NODE case=no-mask step=redo1 stack=undo path=0 gtype=GimpUndoStack undo_type=22 item=- children=2
UNDO_NODE case=no-mask step=redo1 stack=undo path=0/0 gtype=GimpDrawableModUndo undo_type=48 item=clone children=0 saved_wh=20,18 saved_xy=32,30 copy_tiles=0 image_type=1
UNDO_NODE case=no-mask step=redo1 stack=undo path=0/1 gtype=GimpDrawableModUndo undo_type=48 item=source children=0 saved_wh=16,16 saved_xy=5,7 copy_tiles=0 image_type=1
resize
push_undo: GimpDrawableModUndo=48
UNDO_ACTION case=no-mask step=undo2 returned=1
UNDO_STATE case=no-mask step=undo2 source_wh=16,16 source_xy=5,7 clone_wh=16,16 clone_xy=30,27 mask=0 undo_depth=4 redo_depth=1 group_count=0
UNDO_NODE case=no-mask step=undo2 stack=undo path=0 gtype=GimpDrawableModUndo undo_type=48 item=clone children=0 saved_wh=20,18 saved_xy=32,30 copy_tiles=0 image_type=1
UNDO_NODE case=no-mask step=undo2 stack=redo path=0 gtype=GimpUndoStack undo_type=22 item=- children=2
UNDO_NODE case=no-mask step=undo2 stack=redo path=0/0 gtype=GimpDrawableModUndo undo_type=48 item=source children=0 saved_wh=20,18 saved_xy=7,10 copy_tiles=0 image_type=1
UNDO_NODE case=no-mask step=undo2 stack=redo path=0/1 gtype=GimpDrawableModUndo undo_type=48 item=clone children=0 saved_wh=20,18 saved_xy=34,33 copy_tiles=0 image_type=1
resize
push_undo: GimpDrawableModUndo=48
UNDO_ACTION case=no-mask step=redo2 returned=1
UNDO_STATE case=no-mask step=redo2 source_wh=20,18 source_xy=7,10 clone_wh=20,18 clone_xy=34,33 mask=0 undo_depth=6 redo_depth=0 group_count=0
UNDO_NODE case=no-mask step=redo2 stack=undo path=0 gtype=GimpUndoStack undo_type=22 item=- children=2
UNDO_NODE case=no-mask step=redo2 stack=undo path=0/0 gtype=GimpDrawableModUndo undo_type=48 item=clone children=0 saved_wh=20,18 saved_xy=32,30 copy_tiles=0 image_type=1
UNDO_NODE case=no-mask step=redo2 stack=undo path=0/1 gtype=GimpDrawableModUndo undo_type=48 item=source children=0 saved_wh=16,16 saved_xy=5,7 copy_tiles=0 image_type=1
CLONE_RESIZE_UNDO_CASE_COMPLETE case=no-mask
create clone instance type=560d10475400
new_instance::cloned=0x560d1047c540[layer=0x560d1047c540]
UNDO_STATE case=white-mask step=baseline source_wh=16,16 source_xy=5,7 clone_wh=16,16 clone_xy=32,30 mask=1 mask_wh=16,16 mask_xy=32,30 undo_depth=0 redo_depth=0 group_count=0
push_undo: GimpDrawableModUndo=48
resize
push_undo: GimpDrawableModUndo=48

(process:7): Gimp-Core-CRITICAL **: 09:38:55.190: gimp_item_resize: assertion 'GIMP_IS_CONTEXT (context)' failed
UNDO_STATE case=white-mask step=resized source_wh=20,18 source_xy=7,10 clone_wh=20,18 clone_xy=34,33 mask=1 mask_wh=16,16 mask_xy=32,30 undo_depth=1 redo_depth=0 group_count=0
UNDO_NODE case=white-mask step=resized stack=undo path=0 gtype=GimpUndoStack undo_type=22 item=- children=2
UNDO_NODE case=white-mask step=resized stack=undo path=0/0 gtype=GimpDrawableModUndo undo_type=48 item=clone children=0 saved_wh=16,16 saved_xy=32,30 copy_tiles=0 image_type=1
UNDO_NODE case=white-mask step=resized stack=undo path=0/1 gtype=GimpDrawableModUndo undo_type=48 item=source children=0 saved_wh=16,16 saved_xy=5,7 copy_tiles=0 image_type=1
resize
push_undo: GimpDrawableModUndo=48

(process:7): Gimp-Core-CRITICAL **: 09:38:55.190: gimp_item_resize: assertion 'GIMP_IS_CONTEXT (context)' failed
resize
push_undo: GimpDrawableModUndo=48

(process:7): Gimp-Core-CRITICAL **: 09:38:55.190: gimp_item_resize: assertion 'GIMP_IS_CONTEXT (context)' failed
UNDO_ACTION case=white-mask step=undo1 returned=1
UNDO_STATE case=white-mask step=undo1 source_wh=16,16 source_xy=5,7 clone_wh=16,16 clone_xy=30,27 mask=1 mask_wh=16,16 mask_xy=32,30 undo_depth=2 redo_depth=1 group_count=0
UNDO_NODE case=white-mask step=undo1 stack=undo path=0 gtype=GimpDrawableModUndo undo_type=48 item=clone children=0 saved_wh=20,18 saved_xy=32,30 copy_tiles=0 image_type=1
UNDO_NODE case=white-mask step=undo1 stack=redo path=0 gtype=GimpUndoStack undo_type=22 item=- children=2
UNDO_NODE case=white-mask step=undo1 stack=redo path=0/0 gtype=GimpDrawableModUndo undo_type=48 item=source children=0 saved_wh=20,18 saved_xy=7,10 copy_tiles=0 image_type=1
UNDO_NODE case=white-mask step=undo1 stack=redo path=0/1 gtype=GimpDrawableModUndo undo_type=48 item=clone children=0 saved_wh=20,18 saved_xy=34,33 copy_tiles=0 image_type=1
resize
push_undo: GimpDrawableModUndo=48

(process:7): Gimp-Core-CRITICAL **: 09:38:55.190: gimp_item_resize: assertion 'GIMP_IS_CONTEXT (context)' failed
UNDO_ACTION case=white-mask step=redo1 returned=1
UNDO_STATE case=white-mask step=redo1 source_wh=20,18 source_xy=7,10 clone_wh=20,18 clone_xy=34,33 mask=1 mask_wh=16,16 mask_xy=32,30 undo_depth=4 redo_depth=0 group_count=0
UNDO_NODE case=white-mask step=redo1 stack=undo path=0 gtype=GimpUndoStack undo_type=22 item=- children=2
UNDO_NODE case=white-mask step=redo1 stack=undo path=0/0 gtype=GimpDrawableModUndo undo_type=48 item=clone children=0 saved_wh=20,18 saved_xy=32,30 copy_tiles=0 image_type=1
UNDO_NODE case=white-mask step=redo1 stack=undo path=0/1 gtype=GimpDrawableModUndo undo_type=48 item=source children=0 saved_wh=16,16 saved_xy=5,7 copy_tiles=0 image_type=1
resize
push_undo: GimpDrawableModUndo=48

(process:7): Gimp-Core-CRITICAL **: 09:38:55.191: gimp_item_resize: assertion 'GIMP_IS_CONTEXT (context)' failed
UNDO_ACTION case=white-mask step=undo2 returned=1
UNDO_STATE case=white-mask step=undo2 source_wh=16,16 source_xy=5,7 clone_wh=16,16 clone_xy=30,27 mask=1 mask_wh=16,16 mask_xy=32,30 undo_depth=4 redo_depth=1 group_count=0
UNDO_NODE case=white-mask step=undo2 stack=undo path=0 gtype=GimpDrawableModUndo undo_type=48 item=clone children=0 saved_wh=20,18 saved_xy=32,30 copy_tiles=0 image_type=1
UNDO_NODE case=white-mask step=undo2 stack=redo path=0 gtype=GimpUndoStack undo_type=22 item=- children=2
UNDO_NODE case=white-mask step=undo2 stack=redo path=0/0 gtype=GimpDrawableModUndo undo_type=48 item=source children=0 saved_wh=20,18 saved_xy=7,10 copy_tiles=0 image_type=1
UNDO_NODE case=white-mask step=undo2 stack=redo path=0/1 gtype=GimpDrawableModUndo undo_type=48 item=clone children=0 saved_wh=20,18 saved_xy=34,33 copy_tiles=0 image_type=1
resize
push_undo: GimpDrawableModUndo=48

(process:7): Gimp-Core-CRITICAL **: 09:38:55.191: gimp_item_resize: assertion 'GIMP_IS_CONTEXT (context)' failed
UNDO_ACTION case=white-mask step=redo2 returned=1
UNDO_STATE case=white-mask step=redo2 source_wh=20,18 source_xy=7,10 clone_wh=20,18 clone_xy=34,33 mask=1 mask_wh=16,16 mask_xy=32,30 undo_depth=6 redo_depth=0 group_count=0
UNDO_NODE case=white-mask step=redo2 stack=undo path=0 gtype=GimpUndoStack undo_type=22 item=- children=2
UNDO_NODE case=white-mask step=redo2 stack=undo path=0/0 gtype=GimpDrawableModUndo undo_type=48 item=clone children=0 saved_wh=20,18 saved_xy=32,30 copy_tiles=0 image_type=1
UNDO_NODE case=white-mask step=redo2 stack=undo path=0/1 gtype=GimpDrawableModUndo undo_type=48 item=source children=0 saved_wh=16,16 saved_xy=5,7 copy_tiles=0 image_type=1
CLONE_RESIZE_UNDO_CASE_COMPLETE case=white-mask
CLONE_RESIZE_UNDO_CAPTURE_COMPLETE

(script-fu:30): LibGimpBase-WARNING **: 09:38:55.193: script-fu: gimp_wire_read(): error
