  Installing layer-presets-path with default = ${gimp_dir}/layer-presets:${gimp_data_dir}/layer-presets
  Installing layer-presets-path-writable with default = ${gimp_dir}/layer-presets
GimpCoreConfig: Set properties_base to 62
  Installed set_property_handler
  Installed get_property_handler
Installed::N4GLib13GClassWrapperINS_11UseCStructsI15_GimpBaseConfig15_GimpCoreConfigEEE9WithClassE-> prop=layer-presets-path, id=62
  Kept set_property_handler
  Kept get_property_handler
Installed::N4GLib13GClassWrapperINS_11UseCStructsI15_GimpBaseConfig15_GimpCoreConfigEEE9WithClassE-> prop=layer-presets-path-writable, id=63
Install ConfigExtender.
set::readonly path to `${gimp_dir}/layer-presets:${gimp_data_dir}/layer-presets'
set::writable path to `${gimp_dir}/layer-presets'
Install ConfigExtender.
set::readonly path to `${gimp_dir}/layer-presets:${gimp_data_dir}/layer-presets'
set::writable path to `${gimp_dir}/layer-presets'

(gimp-2.8:8): GLib-GObject-CRITICAL **: 09:47:26.926: g_value_set_object: assertion 'G_VALUE_HOLDS_OBJECT (value)' failed

(gimp-2.8:8): GLib-GObject-CRITICAL **: 09:47:26.926: g_value_set_object: assertion 'G_VALUE_HOLDS_OBJECT (value)' failed
get::readonly path
get::readonly path
get::writable path
get::writable path

(gimp-2.8:8): GLib-GObject-CRITICAL **: 09:47:26.928: g_object_set_is_valid_property: object class 'GeglConfig' has no property named 'cache-size'
GimpJsonResource: Set properties_base to 8
  Installed set_property_handler
  Installed get_property_handler
Installed::N4GLib13GClassWrapperINS_11UseCStructsI9_GimpData17_GimpJsonResourceEEE9WithClassE-> prop=root, id=8
Feature::entry_point: add restore/exit on initialize.

(gimp-2.8:8): Gimp-Widgets-CRITICAL **: 09:47:26.939: gimp_dialog_factory_get_singleton: assertion 'gimp_toplevel_factory != NULL' failed
PresetGuiFactory::on_restore::GimpDialogFactory=(nil)

(gimp-2.8:8): Gimp-Widgets-CRITICAL **: 09:47:26.939: gimp_dialog_factory_register_entry: assertion 'GIMP_IS_DIALOG_FACTORY (factory)' failed
PresetGuiFactory::on_restore::end

(gimp-2.8:8): Gimp-Widgets-CRITICAL **: 09:47:26.939: gimp_action_factory_group_register: assertion 'GIMP_IS_ACTION_FACTORY (factory)' failed
gimp_plug_in_manager_call_run_full
gimp_plug_in_get_proc_frame=0x556c8bd08090:  set ignore_undos=0
gimp_plug_in_manager_call_run_full
gimp_plug_in_get_proc_frame=0x556c8bd27ad0:  set ignore_undos=0
gimp_plug_in_manager_call_run_full
gimp_plug_in_get_proc_frame=0x556c8bf32e90:  set ignore_undos=0
push_undo: GimpLayerUndo=55
gimp_plug_in_manager_call_run_full
gimp_plug_in_get_proc_frame=0x556c8bf32e90:  set ignore_undos=0
script-fu-Warning: GAUSS_INPUT_LOADED=input-1x1.rgba

gimp_plug_in_manager_call_run_full
gimp_plug_in_get_proc_frame=0x556c8bf32e90:  set ignore_undos=0
push_undo: GimpLayerUndo=55
gimp_plug_in_manager_call_run_full
gimp_plug_in_get_proc_frame=0x556c8bf32e90:  set ignore_undos=0
script-fu-Warning: GAUSS_INPUT_LOADED=input-1x5.rgba

gimp_plug_in_manager_call_run_full
gimp_plug_in_get_proc_frame=0x556c8bf32e90:  set ignore_undos=0
push_undo: GimpLayerUndo=55
gimp_plug_in_manager_call_run_full
gimp_plug_in_get_proc_frame=0x556c8bf32e90:  set ignore_undos=0
script-fu-Warning: GAUSS_INPUT_LOADED=input-5x1.rgba

gimp_plug_in_manager_call_run_full
gimp_plug_in_get_proc_frame=0x556c8bf32e90:  set ignore_undos=0
push_undo: GimpLayerUndo=55
gimp_plug_in_manager_call_run_full
gimp_plug_in_get_proc_frame=0x556c8bf32e90:  set ignore_undos=0
script-fu-Warning: GAUSS_INPUT_LOADED=input-5x4.rgba

gimp_plug_in_manager_call_run_full
gimp_plug_in_get_proc_frame=0x556c8bf32e90:  set ignore_undos=0
push_undo: GimpLayerUndo=55
gimp_plug_in_manager_call_run_full
gimp_plug_in_get_proc_frame=0x556c8bf32e90:  set ignore_undos=0
script-fu-Warning: GAUSS_INPUT_LOADED=input-67x66.rgba

gimp_plug_in_manager_call_run_full
gimp_plug_in_get_proc_frame=0x556c8bf32e90:  set ignore_undos=0
push_undo: GimpLayerUndo=55
gimp_plug_in_manager_call_run_full
gimp_plug_in_get_proc_frame=0x556c8bf32e90:  set ignore_undos=0
script-fu-Warning: GAUSS_INPUT_LOADED=input-constant.rgba

gimp_plug_in_manager_call_run_full
gimp_plug_in_get_proc_frame=0x556c8bf32e90:  set ignore_undos=0
push_undo: GimpLayerUndo=55
gimp_plug_in_manager_call_run_full
gimp_plug_in_get_proc_frame=0x556c8bf32e90:  set ignore_undos=0
script-fu-Warning: GAUSS_INPUT_LOADED=input-lowalpha.rgba

gimp_plug_in_manager_call_run_full
gimp_plug_in_get_proc_frame=0x556c8bf32e90:  set ignore_undos=0
push_undo: GimpLayerUndo=55
gimp_plug_in_manager_call_run_full
gimp_plug_in_get_proc_frame=0x556c8bf32e90:  set ignore_undos=0
script-fu-Warning: GAUSS_INPUT_LOADED=input-opaque.rgba

gimp_plug_in_manager_call_run_full
gimp_plug_in_get_proc_frame=0x556c8bf32e90:  set ignore_undos=0
push_undo: GimpLayerUndo=55
gimp_plug_in_manager_call_run_full
gimp_plug_in_get_proc_frame=0x556c8bf32e90:  set ignore_undos=0
script-fu-Warning: GAUSS_INPUT_LOADED=input-transparent.rgba

gimp_plug_in_manager_call_run_full
gimp_plug_in_get_proc_frame=0x556c8bf32e90:  set ignore_undos=0
push_undo: GimpLayerUndo=55
gimp_plug_in_manager_call_run_full
gimp_plug_in_get_proc_frame=0x556c8bf32e90:  set ignore_undos=0
push_undo: GimpDrawableUndo=47
gimp_plug_in_manager_call_run_full
gimp_plug_in_get_proc_frame=0x556c8bf32e90:  set ignore_undos=0
script-fu-Warning: GAUSS_CASE_DONE=gauss-5x4-h25-v25-m0

gimp_plug_in_manager_call_run_full
gimp_plug_in_get_proc_frame=0x556c8bf32e90:  set ignore_undos=0
push_undo: GimpLayerUndo=55
gimp_plug_in_manager_call_run_full
gimp_plug_in_get_proc_frame=0x556c8bf32e90:  set ignore_undos=0
push_undo: GimpDrawableUndo=47
gimp_plug_in_manager_call_run_full
gimp_plug_in_get_proc_frame=0x556c8bf32e90:  set ignore_undos=0
script-fu-Warning: GAUSS_CASE_DONE=gauss-5x4-h25-v25-m1

gimp_plug_in_manager_call_run_full
gimp_plug_in_get_proc_frame=0x556c8bf32e90:  set ignore_undos=0
push_undo: GimpLayerUndo=55
gimp_plug_in_manager_call_run_full
gimp_plug_in_get_proc_frame=0x556c8bf32e90:  set ignore_undos=0
push_undo: GimpDrawableUndo=47
gimp_plug_in_manager_call_run_full
gimp_plug_in_get_proc_frame=0x556c8bf32e90:  set ignore_undos=0
script-fu-Warning: GAUSS_CASE_DONE=gauss-5x4-h2-v2-m0

gimp_plug_in_manager_call_run_full
gimp_plug_in_get_proc_frame=0x556c8bf32e90:  set ignore_undos=0
push_undo: GimpLayerUndo=55
gimp_plug_in_manager_call_run_full
gimp_plug_in_get_proc_frame=0x556c8bf32e90:  set ignore_undos=0
push_undo: GimpDrawableUndo=47
gimp_plug_in_manager_call_run_full
gimp_plug_in_get_proc_frame=0x556c8bf32e90:  set ignore_undos=0
script-fu-Warning: GAUSS_CASE_DONE=gauss-5x4-h2-v2-m1

gimp_plug_in_manager_call_run_full
gimp_plug_in_get_proc_frame=0x556c8bf32e90:  set ignore_undos=0
push_undo: GimpLayerUndo=55
gimp_plug_in_manager_call_run_full
gimp_plug_in_get_proc_frame=0x556c8bf32e90:  set ignore_undos=0
push_undo: GimpDrawableUndo=47
gimp_plug_in_manager_call_run_full
gimp_plug_in_get_proc_frame=0x556c8bf32e90:  set ignore_undos=0
script-fu-Warning: GAUSS_CASE_DONE=gauss-5x4-h2.5-v7.25-m0

gimp_plug_in_manager_call_run_full
gimp_plug_in_get_proc_frame=0x556c8bf32e90:  set ignore_undos=0
push_undo: GimpLayerUndo=55
gimp_plug_in_manager_call_run_full
gimp_plug_in_get_proc_frame=0x556c8bf32e90:  set ignore_undos=0
push_undo: GimpDrawableUndo=47
gimp_plug_in_manager_call_run_full
gimp_plug_in_get_proc_frame=0x556c8bf32e90:  set ignore_undos=0
script-fu-Warning: GAUSS_CASE_DONE=gauss-5x4-h2.5-v7.25-m1

gimp_plug_in_manager_call_run_full
gimp_plug_in_get_proc_frame=0x556c8bf32e90:  set ignore_undos=0
push_undo: GimpLayerUndo=55
gimp_plug_in_manager_call_run_full
gimp_plug_in_get_proc_frame=0x556c8bf32e90:  set ignore_undos=0
push_undo: GimpDrawableUndo=47
gimp_plug_in_manager_call_run_full
gimp_plug_in_get_proc_frame=0x556c8bf32e90:  set ignore_undos=0
script-fu-Warning: GAUSS_CASE_DONE=gauss-5x4-h0-v25-m0

gimp_plug_in_manager_call_run_full
gimp_plug_in_get_proc_frame=0x556c8bf32e90:  set ignore_undos=0
push_undo: GimpLayerUndo=55
gimp_plug_in_manager_call_run_full
gimp_plug_in_get_proc_frame=0x556c8bf32e90:  set ignore_undos=0
push_undo: GimpDrawableUndo=47
gimp_plug_in_manager_call_run_full
gimp_plug_in_get_proc_frame=0x556c8bf32e90:  set ignore_undos=0
script-fu-Warning: GAUSS_CASE_DONE=gauss-5x4-h0-v25-m1

gimp_plug_in_manager_call_run_full
gimp_plug_in_get_proc_frame=0x556c8bf32e90:  set ignore_undos=0
push_undo: GimpLayerUndo=55
gimp_plug_in_manager_call_run_full
gimp_plug_in_get_proc_frame=0x556c8bf32e90:  set ignore_undos=0
push_undo: GimpDrawableUndo=47
gimp_plug_in_manager_call_run_full
gimp_plug_in_get_proc_frame=0x556c8bf32e90:  set ignore_undos=0
script-fu-Warning: GAUSS_CASE_DONE=gauss-5x4-h25-v0-m0

gimp_plug_in_manager_call_run_full
gimp_plug_in_get_proc_frame=0x556c8bf32e90:  set ignore_undos=0
push_undo: GimpLayerUndo=55
gimp_plug_in_manager_call_run_full
gimp_plug_in_get_proc_frame=0x556c8bf32e90:  set ignore_undos=0
push_undo: GimpDrawableUndo=47
gimp_plug_in_manager_call_run_full
gimp_plug_in_get_proc_frame=0x556c8bf32e90:  set ignore_undos=0
script-fu-Warning: GAUSS_CASE_DONE=gauss-5x4-h25-v0-m1

gimp_plug_in_manager_call_run_full
gimp_plug_in_get_proc_frame=0x556c8bf32e90:  set ignore_undos=0
push_undo: GimpLayerUndo=55
gimp_plug_in_manager_call_run_full
gimp_plug_in_get_proc_frame=0x556c8bf32e90:  set ignore_undos=0
push_undo: GimpDrawableUndo=47
gimp_plug_in_manager_call_run_full
gimp_plug_in_get_proc_frame=0x556c8bf32e90:  set ignore_undos=0
script-fu-Warning: GAUSS_CASE_DONE=gauss-5x4-h0.25-v0.75-m0

gimp_plug_in_manager_call_run_full
gimp_plug_in_get_proc_frame=0x556c8bf32e90:  set ignore_undos=0
push_undo: GimpLayerUndo=55
gimp_plug_in_manager_call_run_full
gimp_plug_in_get_proc_frame=0x556c8bf32e90:  set ignore_undos=0
push_undo: GimpDrawableUndo=47
gimp_plug_in_manager_call_run_full
gimp_plug_in_get_proc_frame=0x556c8bf32e90:  set ignore_undos=0
script-fu-Warning: GAUSS_CASE_DONE=gauss-5x4-h0.25-v0.75-m1

gimp_plug_in_manager_call_run_full
gimp_plug_in_get_proc_frame=0x556c8bf32e90:  set ignore_undos=0
push_undo: GimpLayerUndo=55
gimp_plug_in_manager_call_run_full
gimp_plug_in_get_proc_frame=0x556c8bf32e90:  set ignore_undos=0
push_undo: GimpDrawableUndo=47
gimp_plug_in_manager_call_run_full
gimp_plug_in_get_proc_frame=0x556c8bf32e90:  set ignore_undos=0
script-fu-Warning: GAUSS_CASE_DONE=gauss-5x4-h1-v5-m0

gimp_plug_in_manager_call_run_full
gimp_plug_in_get_proc_frame=0x556c8bf32e90:  set ignore_undos=0
push_undo: GimpLayerUndo=55
gimp_plug_in_manager_call_run_full
gimp_plug_in_get_proc_frame=0x556c8bf32e90:  set ignore_undos=0
push_undo: GimpDrawableUndo=47
gimp_plug_in_manager_call_run_full
gimp_plug_in_get_proc_frame=0x556c8bf32e90:  set ignore_undos=0
script-fu-Warning: GAUSS_CASE_DONE=gauss-5x4-h1-v5-m1

gimp_plug_in_manager_call_run_full
gimp_plug_in_get_proc_frame=0x556c8bf32e90:  set ignore_undos=0
push_undo: GimpLayerUndo=55
gimp_plug_in_manager_call_run_full
gimp_plug_in_get_proc_frame=0x556c8bf32e90:  set ignore_undos=0
push_undo: GimpDrawableUndo=47
gimp_plug_in_manager_call_run_full
gimp_plug_in_get_proc_frame=0x556c8bf32e90:  set ignore_undos=0
script-fu-Warning: GAUSS_CASE_DONE=gauss-5x4-h2-v3-m0

gimp_plug_in_manager_call_run_full
gimp_plug_in_get_proc_frame=0x556c8bf32e90:  set ignore_undos=0
push_undo: GimpLayerUndo=55
gimp_plug_in_manager_call_run_full
gimp_plug_in_get_proc_frame=0x556c8bf32e90:  set ignore_undos=0
push_undo: GimpDrawableUndo=47
gimp_plug_in_manager_call_run_full
gimp_plug_in_get_proc_frame=0x556c8bf32e90:  set ignore_undos=0
script-fu-Warning: GAUSS_CASE_DONE=gauss-5x4-h2-v3-m1

gimp_plug_in_manager_call_run_full
gimp_plug_in_get_proc_frame=0x556c8bf32e90:  set ignore_undos=0
push_undo: GimpLayerUndo=55
gimp_plug_in_manager_call_run_full
gimp_plug_in_get_proc_frame=0x556c8bf32e90:  set ignore_undos=0
push_undo: GimpDrawableUndo=47
gimp_plug_in_manager_call_run_full
gimp_plug_in_get_proc_frame=0x556c8bf32e90:  set ignore_undos=0
script-fu-Warning: GAUSS_CASE_DONE=gauss-1x1-h25-v25-m0

gimp_plug_in_manager_call_run_full
gimp_plug_in_get_proc_frame=0x556c8bf32e90:  set ignore_undos=0
push_undo: GimpLayerUndo=55
gimp_plug_in_manager_call_run_full
gimp_plug_in_get_proc_frame=0x556c8bf32e90:  set ignore_undos=0
push_undo: GimpDrawableUndo=47
gimp_plug_in_manager_call_run_full
gimp_plug_in_get_proc_frame=0x556c8bf32e90:  set ignore_undos=0
script-fu-Warning: GAUSS_CASE_DONE=gauss-1x1-h25-v25-m1

gimp_plug_in_manager_call_run_full
gimp_plug_in_get_proc_frame=0x556c8bf32e90:  set ignore_undos=0
push_undo: GimpLayerUndo=55
gimp_plug_in_manager_call_run_full
gimp_plug_in_get_proc_frame=0x556c8bf32e90:  set ignore_undos=0
push_undo: GimpDrawableUndo=47
gimp_plug_in_manager_call_run_full
gimp_plug_in_get_proc_frame=0x556c8bf32e90:  set ignore_undos=0
script-fu-Warning: GAUSS_CASE_DONE=gauss-1x1-h2-v2-m0

gimp_plug_in_manager_call_run_full
gimp_plug_in_get_proc_frame=0x556c8bf32e90:  set ignore_undos=0
push_undo: GimpLayerUndo=55
gimp_plug_in_manager_call_run_full
gimp_plug_in_get_proc_frame=0x556c8bf32e90:  set ignore_undos=0
push_undo: GimpDrawableUndo=47
gimp_plug_in_manager_call_run_full
gimp_plug_in_get_proc_frame=0x556c8bf32e90:  set ignore_undos=0
script-fu-Warning: GAUSS_CASE_DONE=gauss-1x1-h2-v2-m1

gimp_plug_in_manager_call_run_full
gimp_plug_in_get_proc_frame=0x556c8bf32e90:  set ignore_undos=0
push_undo: GimpLayerUndo=55
gimp_plug_in_manager_call_run_full
gimp_plug_in_get_proc_frame=0x556c8bf32e90:  set ignore_undos=0
push_undo: GimpDrawableUndo=47
gimp_plug_in_manager_call_run_full
gimp_plug_in_get_proc_frame=0x556c8bf32e90:  set ignore_undos=0
script-fu-Warning: GAUSS_CASE_DONE=gauss-1x1-h2.5-v7.25-m0

gimp_plug_in_manager_call_run_full
gimp_plug_in_get_proc_frame=0x556c8bf32e90:  set ignore_undos=0
push_undo: GimpLayerUndo=55
gimp_plug_in_manager_call_run_full
gimp_plug_in_get_proc_frame=0x556c8bf32e90:  set ignore_undos=0
push_undo: GimpDrawableUndo=47
gimp_plug_in_manager_call_run_full
gimp_plug_in_get_proc_frame=0x556c8bf32e90:  set ignore_undos=0
script-fu-Warning: GAUSS_CASE_DONE=gauss-1x1-h2.5-v7.25-m1

gimp_plug_in_manager_call_run_full
gimp_plug_in_get_proc_frame=0x556c8bf32e90:  set ignore_undos=0
push_undo: GimpLayerUndo=55
gimp_plug_in_manager_call_run_full
gimp_plug_in_get_proc_frame=0x556c8bf32e90:  set ignore_undos=0
push_undo: GimpDrawableUndo=47
gimp_plug_in_manager_call_run_full
gimp_plug_in_get_proc_frame=0x556c8bf32e90:  set ignore_undos=0
script-fu-Warning: GAUSS_CASE_DONE=gauss-1x1-h0-v25-m0

gimp_plug_in_manager_call_run_full
gimp_plug_in_get_proc_frame=0x556c8bf32e90:  set ignore_undos=0
push_undo: GimpLayerUndo=55
gimp_plug_in_manager_call_run_full
gimp_plug_in_get_proc_frame=0x556c8bf32e90:  set ignore_undos=0
push_undo: GimpDrawableUndo=47
gimp_plug_in_manager_call_run_full
gimp_plug_in_get_proc_frame=0x556c8bf32e90:  set ignore_undos=0
script-fu-Warning: GAUSS_CASE_DONE=gauss-1x1-h0-v25-m1

gimp_plug_in_manager_call_run_full
gimp_plug_in_get_proc_frame=0x556c8bf32e90:  set ignore_undos=0
push_undo: GimpLayerUndo=55
gimp_plug_in_manager_call_run_full
gimp_plug_in_get_proc_frame=0x556c8bf32e90:  set ignore_undos=0
push_undo: GimpDrawableUndo=47
gimp_plug_in_manager_call_run_full
gimp_plug_in_get_proc_frame=0x556c8bf32e90:  set ignore_undos=0
script-fu-Warning: GAUSS_CASE_DONE=gauss-1x1-h25-v0-m0

gimp_plug_in_manager_call_run_full
gimp_plug_in_get_proc_frame=0x556c8bf32e90:  set ignore_undos=0
push_undo: GimpLayerUndo=55
gimp_plug_in_manager_call_run_full
gimp_plug_in_get_proc_frame=0x556c8bf32e90:  set ignore_undos=0
push_undo: GimpDrawableUndo=47
gimp_plug_in_manager_call_run_full
gimp_plug_in_get_proc_frame=0x556c8bf32e90:  set ignore_undos=0
script-fu-Warning: GAUSS_CASE_DONE=gauss-1x1-h25-v0-m1

gimp_plug_in_manager_call_run_full
gimp_plug_in_get_proc_frame=0x556c8bf32e90:  set ignore_undos=0
push_undo: GimpLayerUndo=55
gimp_plug_in_manager_call_run_full
gimp_plug_in_get_proc_frame=0x556c8bf32e90:  set ignore_undos=0
push_undo: GimpDrawableUndo=47
gimp_plug_in_manager_call_run_full
gimp_plug_in_get_proc_frame=0x556c8bf32e90:  set ignore_undos=0
script-fu-Warning: GAUSS_CASE_DONE=gauss-1x1-h0.25-v0.75-m0

gimp_plug_in_manager_call_run_full
gimp_plug_in_get_proc_frame=0x556c8bf32e90:  set ignore_undos=0
push_undo: GimpLayerUndo=55
gimp_plug_in_manager_call_run_full
gimp_plug_in_get_proc_frame=0x556c8bf32e90:  set ignore_undos=0
push_undo: GimpDrawableUndo=47
gimp_plug_in_manager_call_run_full
gimp_plug_in_get_proc_frame=0x556c8bf32e90:  set ignore_undos=0
script-fu-Warning: GAUSS_CASE_DONE=gauss-1x1-h0.25-v0.75-m1

gimp_plug_in_manager_call_run_full
gimp_plug_in_get_proc_frame=0x556c8bf32e90:  set ignore_undos=0
push_undo: GimpLayerUndo=55
gimp_plug_in_manager_call_run_full
gimp_plug_in_get_proc_frame=0x556c8bf32e90:  set ignore_undos=0
push_undo: GimpDrawableUndo=47
gimp_plug_in_manager_call_run_full
gimp_plug_in_get_proc_frame=0x556c8bf32e90:  set ignore_undos=0
script-fu-Warning: GAUSS_CASE_DONE=gauss-1x1-h1-v5-m0

gimp_plug_in_manager_call_run_full
gimp_plug_in_get_proc_frame=0x556c8bf32e90:  set ignore_undos=0
push_undo: GimpLayerUndo=55
gimp_plug_in_manager_call_run_full
gimp_plug_in_get_proc_frame=0x556c8bf32e90:  set ignore_undos=0
push_undo: GimpDrawableUndo=47
gimp_plug_in_manager_call_run_full
gimp_plug_in_get_proc_frame=0x556c8bf32e90:  set ignore_undos=0
script-fu-Warning: GAUSS_CASE_DONE=gauss-1x1-h1-v5-m1

gimp_plug_in_manager_call_run_full
gimp_plug_in_get_proc_frame=0x556c8bf32e90:  set ignore_undos=0
push_undo: GimpLayerUndo=55
gimp_plug_in_manager_call_run_full
gimp_plug_in_get_proc_frame=0x556c8bf32e90:  set ignore_undos=0
push_undo: GimpDrawableUndo=47
gimp_plug_in_manager_call_run_full
gimp_plug_in_get_proc_frame=0x556c8bf32e90:  set ignore_undos=0
script-fu-Warning: GAUSS_CASE_DONE=gauss-1x1-h2-v3-m0

gimp_plug_in_manager_call_run_full
gimp_plug_in_get_proc_frame=0x556c8bf32e90:  set ignore_undos=0
push_undo: GimpLayerUndo=55
gimp_plug_in_manager_call_run_full
gimp_plug_in_get_proc_frame=0x556c8bf32e90:  set ignore_undos=0
push_undo: GimpDrawableUndo=47
gimp_plug_in_manager_call_run_full
gimp_plug_in_get_proc_frame=0x556c8bf32e90:  set ignore_undos=0
script-fu-Warning: GAUSS_CASE_DONE=gauss-1x1-h2-v3-m1

gimp_plug_in_manager_call_run_full
gimp_plug_in_get_proc_frame=0x556c8bf32e90:  set ignore_undos=0
push_undo: GimpLayerUndo=55
gimp_plug_in_manager_call_run_full
gimp_plug_in_get_proc_frame=0x556c8bf32e90:  set ignore_undos=0
push_undo: GimpDrawableUndo=47
gimp_plug_in_manager_call_run_full
gimp_plug_in_get_proc_frame=0x556c8bf32e90:  set ignore_undos=0
script-fu-Warning: GAUSS_CASE_DONE=gauss-1x5-h25-v25-m0

gimp_plug_in_manager_call_run_full
gimp_plug_in_get_proc_frame=0x556c8bf32e90:  set ignore_undos=0
push_undo: GimpLayerUndo=55
gimp_plug_in_manager_call_run_full
gimp_plug_in_get_proc_frame=0x556c8bf32e90:  set ignore_undos=0
push_undo: GimpDrawableUndo=47
gimp_plug_in_manager_call_run_full
gimp_plug_in_get_proc_frame=0x556c8bf32e90:  set ignore_undos=0
script-fu-Warning: GAUSS_CASE_DONE=gauss-1x5-h25-v25-m1

gimp_plug_in_manager_call_run_full
gimp_plug_in_get_proc_frame=0x556c8bf32e90:  set ignore_undos=0
push_undo: GimpLayerUndo=55
gimp_plug_in_manager_call_run_full
gimp_plug_in_get_proc_frame=0x556c8bf32e90:  set ignore_undos=0
push_undo: GimpDrawableUndo=47
gimp_plug_in_manager_call_run_full
gimp_plug_in_get_proc_frame=0x556c8bf32e90:  set ignore_undos=0
script-fu-Warning: GAUSS_CASE_DONE=gauss-1x5-h2-v2-m0

gimp_plug_in_manager_call_run_full
gimp_plug_in_get_proc_frame=0x556c8bf32e90:  set ignore_undos=0
push_undo: GimpLayerUndo=55
gimp_plug_in_manager_call_run_full
gimp_plug_in_get_proc_frame=0x556c8bf32e90:  set ignore_undos=0
push_undo: GimpDrawableUndo=47
gimp_plug_in_manager_call_run_full
gimp_plug_in_get_proc_frame=0x556c8bf32e90:  set ignore_undos=0
script-fu-Warning: GAUSS_CASE_DONE=gauss-1x5-h2-v2-m1

gimp_plug_in_manager_call_run_full
gimp_plug_in_get_proc_frame=0x556c8bf32e90:  set ignore_undos=0
push_undo: GimpLayerUndo=55
gimp_plug_in_manager_call_run_full
gimp_plug_in_get_proc_frame=0x556c8bf32e90:  set ignore_undos=0
push_undo: GimpDrawableUndo=47
gimp_plug_in_manager_call_run_full
gimp_plug_in_get_proc_frame=0x556c8bf32e90:  set ignore_undos=0
script-fu-Warning: GAUSS_CASE_DONE=gauss-1x5-h2.5-v7.25-m0

gimp_plug_in_manager_call_run_full
gimp_plug_in_get_proc_frame=0x556c8bf32e90:  set ignore_undos=0
push_undo: GimpLayerUndo=55
gimp_plug_in_manager_call_run_full
gimp_plug_in_get_proc_frame=0x556c8bf32e90:  set ignore_undos=0
push_undo: GimpDrawableUndo=47
gimp_plug_in_manager_call_run_full
gimp_plug_in_get_proc_frame=0x556c8bf32e90:  set ignore_undos=0
script-fu-Warning: GAUSS_CASE_DONE=gauss-1x5-h2.5-v7.25-m1

gimp_plug_in_manager_call_run_full
gimp_plug_in_get_proc_frame=0x556c8bf32e90:  set ignore_undos=0
push_undo: GimpLayerUndo=55
gimp_plug_in_manager_call_run_full
gimp_plug_in_get_proc_frame=0x556c8bf32e90:  set ignore_undos=0
push_undo: GimpDrawableUndo=47
gimp_plug_in_manager_call_run_full
gimp_plug_in_get_proc_frame=0x556c8bf32e90:  set ignore_undos=0
script-fu-Warning: GAUSS_CASE_DONE=gauss-1x5-h0-v25-m0

gimp_plug_in_manager_call_run_full
gimp_plug_in_get_proc_frame=0x556c8bf32e90:  set ignore_undos=0
push_undo: GimpLayerUndo=55
gimp_plug_in_manager_call_run_full
gimp_plug_in_get_proc_frame=0x556c8bf32e90:  set ignore_undos=0
push_undo: GimpDrawableUndo=47
gimp_plug_in_manager_call_run_full
gimp_plug_in_get_proc_frame=0x556c8bf32e90:  set ignore_undos=0
script-fu-Warning: GAUSS_CASE_DONE=gauss-1x5-h0-v25-m1

gimp_plug_in_manager_call_run_full
gimp_plug_in_get_proc_frame=0x556c8bf32e90:  set ignore_undos=0
push_undo: GimpLayerUndo=55
gimp_plug_in_manager_call_run_full
gimp_plug_in_get_proc_frame=0x556c8bf32e90:  set ignore_undos=0
push_undo: GimpDrawableUndo=47
gimp_plug_in_manager_call_run_full
gimp_plug_in_get_proc_frame=0x556c8bf32e90:  set ignore_undos=0
script-fu-Warning: GAUSS_CASE_DONE=gauss-1x5-h25-v0-m0

gimp_plug_in_manager_call_run_full
gimp_plug_in_get_proc_frame=0x556c8bf32e90:  set ignore_undos=0
push_undo: GimpLayerUndo=55
gimp_plug_in_manager_call_run_full
gimp_plug_in_get_proc_frame=0x556c8bf32e90:  set ignore_undos=0
push_undo: GimpDrawableUndo=47
gimp_plug_in_manager_call_run_full
gimp_plug_in_get_proc_frame=0x556c8bf32e90:  set ignore_undos=0
script-fu-Warning: GAUSS_CASE_DONE=gauss-1x5-h25-v0-m1

gimp_plug_in_manager_call_run_full
gimp_plug_in_get_proc_frame=0x556c8bf32e90:  set ignore_undos=0
push_undo: GimpLayerUndo=55
gimp_plug_in_manager_call_run_full
gimp_plug_in_get_proc_frame=0x556c8bf32e90:  set ignore_undos=0
push_undo: GimpDrawableUndo=47
gimp_plug_in_manager_call_run_full
gimp_plug_in_get_proc_frame=0x556c8bf32e90:  set ignore_undos=0
script-fu-Warning: GAUSS_CASE_DONE=gauss-1x5-h0.25-v0.75-m0

gimp_plug_in_manager_call_run_full
gimp_plug_in_get_proc_frame=0x556c8bf32e90:  set ignore_undos=0
push_undo: GimpLayerUndo=55
gimp_plug_in_manager_call_run_full
gimp_plug_in_get_proc_frame=0x556c8bf32e90:  set ignore_undos=0
push_undo: GimpDrawableUndo=47
gimp_plug_in_manager_call_run_full
gimp_plug_in_get_proc_frame=0x556c8bf32e90:  set ignore_undos=0
script-fu-Warning: GAUSS_CASE_DONE=gauss-1x5-h0.25-v0.75-m1

gimp_plug_in_manager_call_run_full
gimp_plug_in_get_proc_frame=0x556c8bf32e90:  set ignore_undos=0
push_undo: GimpLayerUndo=55
gimp_plug_in_manager_call_run_full
gimp_plug_in_get_proc_frame=0x556c8bf32e90:  set ignore_undos=0
push_undo: GimpDrawableUndo=47
gimp_plug_in_manager_call_run_full
gimp_plug_in_get_proc_frame=0x556c8bf32e90:  set ignore_undos=0
script-fu-Warning: GAUSS_CASE_DONE=gauss-1x5-h1-v5-m0

gimp_plug_in_manager_call_run_full
gimp_plug_in_get_proc_frame=0x556c8bf32e90:  set ignore_undos=0
push_undo: GimpLayerUndo=55
gimp_plug_in_manager_call_run_full
gimp_plug_in_get_proc_frame=0x556c8bf32e90:  set ignore_undos=0
push_undo: GimpDrawableUndo=47
gimp_plug_in_manager_call_run_full
gimp_plug_in_get_proc_frame=0x556c8bf32e90:  set ignore_undos=0
script-fu-Warning: GAUSS_CASE_DONE=gauss-1x5-h1-v5-m1

gimp_plug_in_manager_call_run_full
gimp_plug_in_get_proc_frame=0x556c8bf32e90:  set ignore_undos=0
push_undo: GimpLayerUndo=55
gimp_plug_in_manager_call_run_full
gimp_plug_in_get_proc_frame=0x556c8bf32e90:  set ignore_undos=0
push_undo: GimpDrawableUndo=47
gimp_plug_in_manager_call_run_full
gimp_plug_in_get_proc_frame=0x556c8bf32e90:  set ignore_undos=0
script-fu-Warning: GAUSS_CASE_DONE=gauss-1x5-h2-v3-m0

gimp_plug_in_manager_call_run_full
gimp_plug_in_get_proc_frame=0x556c8bf32e90:  set ignore_undos=0
push_undo: GimpLayerUndo=55
gimp_plug_in_manager_call_run_full
gimp_plug_in_get_proc_frame=0x556c8bf32e90:  set ignore_undos=0
push_undo: GimpDrawableUndo=47
gimp_plug_in_manager_call_run_full
gimp_plug_in_get_proc_frame=0x556c8bf32e90:  set ignore_undos=0
script-fu-Warning: GAUSS_CASE_DONE=gauss-1x5-h2-v3-m1

gimp_plug_in_manager_call_run_full
gimp_plug_in_get_proc_frame=0x556c8bf32e90:  set ignore_undos=0
push_undo: GimpLayerUndo=55
gimp_plug_in_manager_call_run_full
gimp_plug_in_get_proc_frame=0x556c8bf32e90:  set ignore_undos=0
push_undo: GimpDrawableUndo=47
gimp_plug_in_manager_call_run_full
gimp_plug_in_get_proc_frame=0x556c8bf32e90:  set ignore_undos=0
script-fu-Warning: GAUSS_CASE_DONE=gauss-5x1-h25-v25-m0

gimp_plug_in_manager_call_run_full
gimp_plug_in_get_proc_frame=0x556c8bf32e90:  set ignore_undos=0
push_undo: GimpLayerUndo=55
gimp_plug_in_manager_call_run_full
gimp_plug_in_get_proc_frame=0x556c8bf32e90:  set ignore_undos=0
push_undo: GimpDrawableUndo=47
gimp_plug_in_manager_call_run_full
gimp_plug_in_get_proc_frame=0x556c8bf32e90:  set ignore_undos=0
script-fu-Warning: GAUSS_CASE_DONE=gauss-5x1-h25-v25-m1

gimp_plug_in_manager_call_run_full
gimp_plug_in_get_proc_frame=0x556c8bf32e90:  set ignore_undos=0
push_undo: GimpLayerUndo=55
gimp_plug_in_manager_call_run_full
gimp_plug_in_get_proc_frame=0x556c8bf32e90:  set ignore_undos=0
push_undo: GimpDrawableUndo=47
gimp_plug_in_manager_call_run_full
gimp_plug_in_get_proc_frame=0x556c8bf32e90:  set ignore_undos=0
script-fu-Warning: GAUSS_CASE_DONE=gauss-5x1-h2-v2-m0

gimp_plug_in_manager_call_run_full
gimp_plug_in_get_proc_frame=0x556c8bf32e90:  set ignore_undos=0
push_undo: GimpLayerUndo=55
gimp_plug_in_manager_call_run_full
gimp_plug_in_get_proc_frame=0x556c8bf32e90:  set ignore_undos=0
push_undo: GimpDrawableUndo=47
gimp_plug_in_manager_call_run_full
gimp_plug_in_get_proc_frame=0x556c8bf32e90:  set ignore_undos=0
script-fu-Warning: GAUSS_CASE_DONE=gauss-5x1-h2-v2-m1

gimp_plug_in_manager_call_run_full
gimp_plug_in_get_proc_frame=0x556c8bf32e90:  set ignore_undos=0
push_undo: GimpLayerUndo=55
gimp_plug_in_manager_call_run_full
gimp_plug_in_get_proc_frame=0x556c8bf32e90:  set ignore_undos=0
push_undo: GimpDrawableUndo=47
gimp_plug_in_manager_call_run_full
gimp_plug_in_get_proc_frame=0x556c8bf32e90:  set ignore_undos=0
script-fu-Warning: GAUSS_CASE_DONE=gauss-5x1-h2.5-v7.25-m0

gimp_plug_in_manager_call_run_full
gimp_plug_in_get_proc_frame=0x556c8bf32e90:  set ignore_undos=0
push_undo: GimpLayerUndo=55
gimp_plug_in_manager_call_run_full
gimp_plug_in_get_proc_frame=0x556c8bf32e90:  set ignore_undos=0
push_undo: GimpDrawableUndo=47
gimp_plug_in_manager_call_run_full
gimp_plug_in_get_proc_frame=0x556c8bf32e90:  set ignore_undos=0
script-fu-Warning: GAUSS_CASE_DONE=gauss-5x1-h2.5-v7.25-m1

gimp_plug_in_manager_call_run_full
gimp_plug_in_get_proc_frame=0x556c8bf32e90:  set ignore_undos=0
push_undo: GimpLayerUndo=55
gimp_plug_in_manager_call_run_full
gimp_plug_in_get_proc_frame=0x556c8bf32e90:  set ignore_undos=0
push_undo: GimpDrawableUndo=47
gimp_plug_in_manager_call_run_full
gimp_plug_in_get_proc_frame=0x556c8bf32e90:  set ignore_undos=0
script-fu-Warning: GAUSS_CASE_DONE=gauss-5x1-h0-v25-m0

gimp_plug_in_manager_call_run_full
gimp_plug_in_get_proc_frame=0x556c8bf32e90:  set ignore_undos=0
push_undo: GimpLayerUndo=55
gimp_plug_in_manager_call_run_full
gimp_plug_in_get_proc_frame=0x556c8bf32e90:  set ignore_undos=0
push_undo: GimpDrawableUndo=47
gimp_plug_in_manager_call_run_full
gimp_plug_in_get_proc_frame=0x556c8bf32e90:  set ignore_undos=0
script-fu-Warning: GAUSS_CASE_DONE=gauss-5x1-h0-v25-m1

gimp_plug_in_manager_call_run_full
gimp_plug_in_get_proc_frame=0x556c8bf32e90:  set ignore_undos=0
push_undo: GimpLayerUndo=55
gimp_plug_in_manager_call_run_full
gimp_plug_in_get_proc_frame=0x556c8bf32e90:  set ignore_undos=0
push_undo: GimpDrawableUndo=47
gimp_plug_in_manager_call_run_full
gimp_plug_in_get_proc_frame=0x556c8bf32e90:  set ignore_undos=0
script-fu-Warning: GAUSS_CASE_DONE=gauss-5x1-h25-v0-m0

gimp_plug_in_manager_call_run_full
gimp_plug_in_get_proc_frame=0x556c8bf32e90:  set ignore_undos=0
push_undo: GimpLayerUndo=55
gimp_plug_in_manager_call_run_full
gimp_plug_in_get_proc_frame=0x556c8bf32e90:  set ignore_undos=0
push_undo: GimpDrawableUndo=47
gimp_plug_in_manager_call_run_full
gimp_plug_in_get_proc_frame=0x556c8bf32e90:  set ignore_undos=0
script-fu-Warning: GAUSS_CASE_DONE=gauss-5x1-h25-v0-m1

gimp_plug_in_manager_call_run_full
gimp_plug_in_get_proc_frame=0x556c8bf32e90:  set ignore_undos=0
push_undo: GimpLayerUndo=55
gimp_plug_in_manager_call_run_full
gimp_plug_in_get_proc_frame=0x556c8bf32e90:  set ignore_undos=0
push_undo: GimpDrawableUndo=47
gimp_plug_in_manager_call_run_full
gimp_plug_in_get_proc_frame=0x556c8bf32e90:  set ignore_undos=0
script-fu-Warning: GAUSS_CASE_DONE=gauss-5x1-h0.25-v0.75-m0

gimp_plug_in_manager_call_run_full
gimp_plug_in_get_proc_frame=0x556c8bf32e90:  set ignore_undos=0
push_undo: GimpLayerUndo=55
gimp_plug_in_manager_call_run_full
gimp_plug_in_get_proc_frame=0x556c8bf32e90:  set ignore_undos=0
push_undo: GimpDrawableUndo=47
gimp_plug_in_manager_call_run_full
gimp_plug_in_get_proc_frame=0x556c8bf32e90:  set ignore_undos=0
script-fu-Warning: GAUSS_CASE_DONE=gauss-5x1-h0.25-v0.75-m1

gimp_plug_in_manager_call_run_full
gimp_plug_in_get_proc_frame=0x556c8bf32e90:  set ignore_undos=0
push_undo: GimpLayerUndo=55
gimp_plug_in_manager_call_run_full
gimp_plug_in_get_proc_frame=0x556c8bf32e90:  set ignore_undos=0
push_undo: GimpDrawableUndo=47
gimp_plug_in_manager_call_run_full
gimp_plug_in_get_proc_frame=0x556c8bf32e90:  set ignore_undos=0
script-fu-Warning: GAUSS_CASE_DONE=gauss-5x1-h1-v5-m0

gimp_plug_in_manager_call_run_full
gimp_plug_in_get_proc_frame=0x556c8bf32e90:  set ignore_undos=0
push_undo: GimpLayerUndo=55
gimp_plug_in_manager_call_run_full
gimp_plug_in_get_proc_frame=0x556c8bf32e90:  set ignore_undos=0
push_undo: GimpDrawableUndo=47
gimp_plug_in_manager_call_run_full
gimp_plug_in_get_proc_frame=0x556c8bf32e90:  set ignore_undos=0
script-fu-Warning: GAUSS_CASE_DONE=gauss-5x1-h1-v5-m1

gimp_plug_in_manager_call_run_full
gimp_plug_in_get_proc_frame=0x556c8bf32e90:  set ignore_undos=0
push_undo: GimpLayerUndo=55
gimp_plug_in_manager_call_run_full
gimp_plug_in_get_proc_frame=0x556c8bf32e90:  set ignore_undos=0
push_undo: GimpDrawableUndo=47
gimp_plug_in_manager_call_run_full
gimp_plug_in_get_proc_frame=0x556c8bf32e90:  set ignore_undos=0
script-fu-Warning: GAUSS_CASE_DONE=gauss-5x1-h2-v3-m0

gimp_plug_in_manager_call_run_full
gimp_plug_in_get_proc_frame=0x556c8bf32e90:  set ignore_undos=0
push_undo: GimpLayerUndo=55
gimp_plug_in_manager_call_run_full
gimp_plug_in_get_proc_frame=0x556c8bf32e90:  set ignore_undos=0
push_undo: GimpDrawableUndo=47
gimp_plug_in_manager_call_run_full
gimp_plug_in_get_proc_frame=0x556c8bf32e90:  set ignore_undos=0
script-fu-Warning: GAUSS_CASE_DONE=gauss-5x1-h2-v3-m1

gimp_plug_in_manager_call_run_full
gimp_plug_in_get_proc_frame=0x556c8bf32e90:  set ignore_undos=0
push_undo: GimpLayerUndo=55
gimp_plug_in_manager_call_run_full
gimp_plug_in_get_proc_frame=0x556c8bf32e90:  set ignore_undos=0
push_undo: GimpDrawableUndo=47
gimp_plug_in_manager_call_run_full
gimp_plug_in_get_proc_frame=0x556c8bf32e90:  set ignore_undos=0
script-fu-Warning: GAUSS_CASE_DONE=gauss-67x66-h25-v25-m0

gimp_plug_in_manager_call_run_full
gimp_plug_in_get_proc_frame=0x556c8bf32e90:  set ignore_undos=0
push_undo: GimpLayerUndo=55
gimp_plug_in_manager_call_run_full
gimp_plug_in_get_proc_frame=0x556c8bf32e90:  set ignore_undos=0
push_undo: GimpDrawableUndo=47
gimp_plug_in_manager_call_run_full
gimp_plug_in_get_proc_frame=0x556c8bf32e90:  set ignore_undos=0
script-fu-Warning: GAUSS_CASE_DONE=gauss-67x66-h25-v25-m1

gimp_plug_in_manager_call_run_full
gimp_plug_in_get_proc_frame=0x556c8bf32e90:  set ignore_undos=0
push_undo: GimpLayerUndo=55
gimp_plug_in_manager_call_run_full
gimp_plug_in_get_proc_frame=0x556c8bf32e90:  set ignore_undos=0
push_undo: GimpDrawableUndo=47
gimp_plug_in_manager_call_run_full
gimp_plug_in_get_proc_frame=0x556c8bf32e90:  set ignore_undos=0
script-fu-Warning: GAUSS_CASE_DONE=gauss-67x66-h2-v2-m0

gimp_plug_in_manager_call_run_full
gimp_plug_in_get_proc_frame=0x556c8bf32e90:  set ignore_undos=0
push_undo: GimpLayerUndo=55
gimp_plug_in_manager_call_run_full
gimp_plug_in_get_proc_frame=0x556c8bf32e90:  set ignore_undos=0
push_undo: GimpDrawableUndo=47
gimp_plug_in_manager_call_run_full
gimp_plug_in_get_proc_frame=0x556c8bf32e90:  set ignore_undos=0
script-fu-Warning: GAUSS_CASE_DONE=gauss-67x66-h2-v2-m1

gimp_plug_in_manager_call_run_full
gimp_plug_in_get_proc_frame=0x556c8bf32e90:  set ignore_undos=0
push_undo: GimpLayerUndo=55
gimp_plug_in_manager_call_run_full
gimp_plug_in_get_proc_frame=0x556c8bf32e90:  set ignore_undos=0
push_undo: GimpDrawableUndo=47
gimp_plug_in_manager_call_run_full
gimp_plug_in_get_proc_frame=0x556c8bf32e90:  set ignore_undos=0
script-fu-Warning: GAUSS_CASE_DONE=gauss-67x66-h2.5-v7.25-m0

gimp_plug_in_manager_call_run_full
gimp_plug_in_get_proc_frame=0x556c8bf32e90:  set ignore_undos=0
push_undo: GimpLayerUndo=55
gimp_plug_in_manager_call_run_full
gimp_plug_in_get_proc_frame=0x556c8bf32e90:  set ignore_undos=0
push_undo: GimpDrawableUndo=47
gimp_plug_in_manager_call_run_full
gimp_plug_in_get_proc_frame=0x556c8bf32e90:  set ignore_undos=0
script-fu-Warning: GAUSS_CASE_DONE=gauss-67x66-h2.5-v7.25-m1

gimp_plug_in_manager_call_run_full
gimp_plug_in_get_proc_frame=0x556c8bf32e90:  set ignore_undos=0
push_undo: GimpLayerUndo=55
gimp_plug_in_manager_call_run_full
gimp_plug_in_get_proc_frame=0x556c8bf32e90:  set ignore_undos=0
push_undo: GimpDrawableUndo=47
gimp_plug_in_manager_call_run_full
gimp_plug_in_get_proc_frame=0x556c8bf32e90:  set ignore_undos=0
script-fu-Warning: GAUSS_CASE_DONE=gauss-67x66-h0-v25-m0

gimp_plug_in_manager_call_run_full
gimp_plug_in_get_proc_frame=0x556c8bf32e90:  set ignore_undos=0
push_undo: GimpLayerUndo=55
gimp_plug_in_manager_call_run_full
gimp_plug_in_get_proc_frame=0x556c8bf32e90:  set ignore_undos=0
push_undo: GimpDrawableUndo=47
gimp_plug_in_manager_call_run_full
gimp_plug_in_get_proc_frame=0x556c8bf32e90:  set ignore_undos=0
script-fu-Warning: GAUSS_CASE_DONE=gauss-67x66-h0-v25-m1

gimp_plug_in_manager_call_run_full
gimp_plug_in_get_proc_frame=0x556c8bf32e90:  set ignore_undos=0
push_undo: GimpLayerUndo=55
gimp_plug_in_manager_call_run_full
gimp_plug_in_get_proc_frame=0x556c8bf32e90:  set ignore_undos=0
push_undo: GimpDrawableUndo=47
gimp_plug_in_manager_call_run_full
gimp_plug_in_get_proc_frame=0x556c8bf32e90:  set ignore_undos=0
script-fu-Warning: GAUSS_CASE_DONE=gauss-67x66-h25-v0-m0

gimp_plug_in_manager_call_run_full
gimp_plug_in_get_proc_frame=0x556c8bf32e90:  set ignore_undos=0
push_undo: GimpLayerUndo=55
gimp_plug_in_manager_call_run_full
gimp_plug_in_get_proc_frame=0x556c8bf32e90:  set ignore_undos=0
push_undo: GimpDrawableUndo=47
gimp_plug_in_manager_call_run_full
gimp_plug_in_get_proc_frame=0x556c8bf32e90:  set ignore_undos=0
script-fu-Warning: GAUSS_CASE_DONE=gauss-67x66-h25-v0-m1

gimp_plug_in_manager_call_run_full
gimp_plug_in_get_proc_frame=0x556c8bf32e90:  set ignore_undos=0
push_undo: GimpLayerUndo=55
gimp_plug_in_manager_call_run_full
gimp_plug_in_get_proc_frame=0x556c8bf32e90:  set ignore_undos=0
push_undo: GimpDrawableUndo=47
gimp_plug_in_manager_call_run_full
gimp_plug_in_get_proc_frame=0x556c8bf32e90:  set ignore_undos=0
script-fu-Warning: GAUSS_CASE_DONE=gauss-67x66-h0.25-v0.75-m0

gimp_plug_in_manager_call_run_full
gimp_plug_in_get_proc_frame=0x556c8bf32e90:  set ignore_undos=0
push_undo: GimpLayerUndo=55
gimp_plug_in_manager_call_run_full
gimp_plug_in_get_proc_frame=0x556c8bf32e90:  set ignore_undos=0
push_undo: GimpDrawableUndo=47
gimp_plug_in_manager_call_run_full
gimp_plug_in_get_proc_frame=0x556c8bf32e90:  set ignore_undos=0
script-fu-Warning: GAUSS_CASE_DONE=gauss-67x66-h0.25-v0.75-m1

gimp_plug_in_manager_call_run_full
gimp_plug_in_get_proc_frame=0x556c8bf32e90:  set ignore_undos=0
push_undo: GimpLayerUndo=55
gimp_plug_in_manager_call_run_full
gimp_plug_in_get_proc_frame=0x556c8bf32e90:  set ignore_undos=0
push_undo: GimpDrawableUndo=47
gimp_plug_in_manager_call_run_full
gimp_plug_in_get_proc_frame=0x556c8bf32e90:  set ignore_undos=0
script-fu-Warning: GAUSS_CASE_DONE=gauss-67x66-h1-v5-m0

gimp_plug_in_manager_call_run_full
gimp_plug_in_get_proc_frame=0x556c8bf32e90:  set ignore_undos=0
push_undo: GimpLayerUndo=55
gimp_plug_in_manager_call_run_full
gimp_plug_in_get_proc_frame=0x556c8bf32e90:  set ignore_undos=0
push_undo: GimpDrawableUndo=47
gimp_plug_in_manager_call_run_full
gimp_plug_in_get_proc_frame=0x556c8bf32e90:  set ignore_undos=0
script-fu-Warning: GAUSS_CASE_DONE=gauss-67x66-h1-v5-m1

gimp_plug_in_manager_call_run_full
gimp_plug_in_get_proc_frame=0x556c8bf32e90:  set ignore_undos=0
push_undo: GimpLayerUndo=55
gimp_plug_in_manager_call_run_full
gimp_plug_in_get_proc_frame=0x556c8bf32e90:  set ignore_undos=0
push_undo: GimpDrawableUndo=47
gimp_plug_in_manager_call_run_full
gimp_plug_in_get_proc_frame=0x556c8bf32e90:  set ignore_undos=0
script-fu-Warning: GAUSS_CASE_DONE=gauss-67x66-h2-v3-m0

gimp_plug_in_manager_call_run_full
gimp_plug_in_get_proc_frame=0x556c8bf32e90:  set ignore_undos=0
push_undo: GimpLayerUndo=55
gimp_plug_in_manager_call_run_full
gimp_plug_in_get_proc_frame=0x556c8bf32e90:  set ignore_undos=0
push_undo: GimpDrawableUndo=47
gimp_plug_in_manager_call_run_full
gimp_plug_in_get_proc_frame=0x556c8bf32e90:  set ignore_undos=0
script-fu-Warning: GAUSS_CASE_DONE=gauss-67x66-h2-v3-m1

gimp_plug_in_manager_call_run_full
gimp_plug_in_get_proc_frame=0x556c8bf32e90:  set ignore_undos=0
push_undo: GimpLayerUndo=55
gimp_plug_in_manager_call_run_full
gimp_plug_in_get_proc_frame=0x556c8bf32e90:  set ignore_undos=0
push_undo: GimpDrawableUndo=47
gimp_plug_in_manager_call_run_full
gimp_plug_in_get_proc_frame=0x556c8bf32e90:  set ignore_undos=0
script-fu-Warning: GAUSS_CASE_DONE=gauss-constant-h25-v25-m0

gimp_plug_in_manager_call_run_full
gimp_plug_in_get_proc_frame=0x556c8bf32e90:  set ignore_undos=0
push_undo: GimpLayerUndo=55
gimp_plug_in_manager_call_run_full
gimp_plug_in_get_proc_frame=0x556c8bf32e90:  set ignore_undos=0
push_undo: GimpDrawableUndo=47
gimp_plug_in_manager_call_run_full
gimp_plug_in_get_proc_frame=0x556c8bf32e90:  set ignore_undos=0
script-fu-Warning: GAUSS_CASE_DONE=gauss-constant-h25-v25-m1

gimp_plug_in_manager_call_run_full
gimp_plug_in_get_proc_frame=0x556c8bf32e90:  set ignore_undos=0
push_undo: GimpLayerUndo=55
gimp_plug_in_manager_call_run_full
gimp_plug_in_get_proc_frame=0x556c8bf32e90:  set ignore_undos=0
push_undo: GimpDrawableUndo=47
gimp_plug_in_manager_call_run_full
gimp_plug_in_get_proc_frame=0x556c8bf32e90:  set ignore_undos=0
script-fu-Warning: GAUSS_CASE_DONE=gauss-constant-h2-v2-m0

gimp_plug_in_manager_call_run_full
gimp_plug_in_get_proc_frame=0x556c8bf32e90:  set ignore_undos=0
push_undo: GimpLayerUndo=55
gimp_plug_in_manager_call_run_full
gimp_plug_in_get_proc_frame=0x556c8bf32e90:  set ignore_undos=0
push_undo: GimpDrawableUndo=47
gimp_plug_in_manager_call_run_full
gimp_plug_in_get_proc_frame=0x556c8bf32e90:  set ignore_undos=0
script-fu-Warning: GAUSS_CASE_DONE=gauss-constant-h2-v2-m1

gimp_plug_in_manager_call_run_full
gimp_plug_in_get_proc_frame=0x556c8bf32e90:  set ignore_undos=0
push_undo: GimpLayerUndo=55
gimp_plug_in_manager_call_run_full
gimp_plug_in_get_proc_frame=0x556c8bf32e90:  set ignore_undos=0
push_undo: GimpDrawableUndo=47
gimp_plug_in_manager_call_run_full
gimp_plug_in_get_proc_frame=0x556c8bf32e90:  set ignore_undos=0
script-fu-Warning: GAUSS_CASE_DONE=gauss-constant-h0.75-v3.25-m0

gimp_plug_in_manager_call_run_full
gimp_plug_in_get_proc_frame=0x556c8bf32e90:  set ignore_undos=0
push_undo: GimpLayerUndo=55
gimp_plug_in_manager_call_run_full
gimp_plug_in_get_proc_frame=0x556c8bf32e90:  set ignore_undos=0
push_undo: GimpDrawableUndo=47
gimp_plug_in_manager_call_run_full
gimp_plug_in_get_proc_frame=0x556c8bf32e90:  set ignore_undos=0
script-fu-Warning: GAUSS_CASE_DONE=gauss-constant-h0.75-v3.25-m1

gimp_plug_in_manager_call_run_full
gimp_plug_in_get_proc_frame=0x556c8bf32e90:  set ignore_undos=0
push_undo: GimpLayerUndo=55
gimp_plug_in_manager_call_run_full
gimp_plug_in_get_proc_frame=0x556c8bf32e90:  set ignore_undos=0
push_undo: GimpDrawableUndo=47
gimp_plug_in_manager_call_run_full
gimp_plug_in_get_proc_frame=0x556c8bf32e90:  set ignore_undos=0
script-fu-Warning: GAUSS_CASE_DONE=gauss-opaque-h25-v25-m0

gimp_plug_in_manager_call_run_full
gimp_plug_in_get_proc_frame=0x556c8bf32e90:  set ignore_undos=0
push_undo: GimpLayerUndo=55
gimp_plug_in_manager_call_run_full
gimp_plug_in_get_proc_frame=0x556c8bf32e90:  set ignore_undos=0
push_undo: GimpDrawableUndo=47
gimp_plug_in_manager_call_run_full
gimp_plug_in_get_proc_frame=0x556c8bf32e90:  set ignore_undos=0
script-fu-Warning: GAUSS_CASE_DONE=gauss-opaque-h25-v25-m1

gimp_plug_in_manager_call_run_full
gimp_plug_in_get_proc_frame=0x556c8bf32e90:  set ignore_undos=0
push_undo: GimpLayerUndo=55
gimp_plug_in_manager_call_run_full
gimp_plug_in_get_proc_frame=0x556c8bf32e90:  set ignore_undos=0
push_undo: GimpDrawableUndo=47
gimp_plug_in_manager_call_run_full
gimp_plug_in_get_proc_frame=0x556c8bf32e90:  set ignore_undos=0
script-fu-Warning: GAUSS_CASE_DONE=gauss-opaque-h2-v2-m0

gimp_plug_in_manager_call_run_full
gimp_plug_in_get_proc_frame=0x556c8bf32e90:  set ignore_undos=0
push_undo: GimpLayerUndo=55
gimp_plug_in_manager_call_run_full
gimp_plug_in_get_proc_frame=0x556c8bf32e90:  set ignore_undos=0
push_undo: GimpDrawableUndo=47
gimp_plug_in_manager_call_run_full
gimp_plug_in_get_proc_frame=0x556c8bf32e90:  set ignore_undos=0
script-fu-Warning: GAUSS_CASE_DONE=gauss-opaque-h2-v2-m1

gimp_plug_in_manager_call_run_full
gimp_plug_in_get_proc_frame=0x556c8bf32e90:  set ignore_undos=0
push_undo: GimpLayerUndo=55
gimp_plug_in_manager_call_run_full
gimp_plug_in_get_proc_frame=0x556c8bf32e90:  set ignore_undos=0
push_undo: GimpDrawableUndo=47
gimp_plug_in_manager_call_run_full
gimp_plug_in_get_proc_frame=0x556c8bf32e90:  set ignore_undos=0
script-fu-Warning: GAUSS_CASE_DONE=gauss-opaque-h0.75-v3.25-m0

gimp_plug_in_manager_call_run_full
gimp_plug_in_get_proc_frame=0x556c8bf32e90:  set ignore_undos=0
push_undo: GimpLayerUndo=55
gimp_plug_in_manager_call_run_full
gimp_plug_in_get_proc_frame=0x556c8bf32e90:  set ignore_undos=0
push_undo: GimpDrawableUndo=47
gimp_plug_in_manager_call_run_full
gimp_plug_in_get_proc_frame=0x556c8bf32e90:  set ignore_undos=0
script-fu-Warning: GAUSS_CASE_DONE=gauss-opaque-h0.75-v3.25-m1

gimp_plug_in_manager_call_run_full
gimp_plug_in_get_proc_frame=0x556c8bf32e90:  set ignore_undos=0
push_undo: GimpLayerUndo=55
gimp_plug_in_manager_call_run_full
gimp_plug_in_get_proc_frame=0x556c8bf32e90:  set ignore_undos=0
push_undo: GimpDrawableUndo=47
gimp_plug_in_manager_call_run_full
gimp_plug_in_get_proc_frame=0x556c8bf32e90:  set ignore_undos=0
script-fu-Warning: GAUSS_CASE_DONE=gauss-transparent-h25-v25-m0

gimp_plug_in_manager_call_run_full
gimp_plug_in_get_proc_frame=0x556c8bf32e90:  set ignore_undos=0
push_undo: GimpLayerUndo=55
gimp_plug_in_manager_call_run_full
gimp_plug_in_get_proc_frame=0x556c8bf32e90:  set ignore_undos=0
push_undo: GimpDrawableUndo=47
gimp_plug_in_manager_call_run_full
gimp_plug_in_get_proc_frame=0x556c8bf32e90:  set ignore_undos=0
script-fu-Warning: GAUSS_CASE_DONE=gauss-transparent-h25-v25-m1

gimp_plug_in_manager_call_run_full
gimp_plug_in_get_proc_frame=0x556c8bf32e90:  set ignore_undos=0
push_undo: GimpLayerUndo=55
gimp_plug_in_manager_call_run_full
gimp_plug_in_get_proc_frame=0x556c8bf32e90:  set ignore_undos=0
push_undo: GimpDrawableUndo=47
gimp_plug_in_manager_call_run_full
gimp_plug_in_get_proc_frame=0x556c8bf32e90:  set ignore_undos=0
script-fu-Warning: GAUSS_CASE_DONE=gauss-transparent-h2-v2-m0

gimp_plug_in_manager_call_run_full
gimp_plug_in_get_proc_frame=0x556c8bf32e90:  set ignore_undos=0
push_undo: GimpLayerUndo=55
gimp_plug_in_manager_call_run_full
gimp_plug_in_get_proc_frame=0x556c8bf32e90:  set ignore_undos=0
push_undo: GimpDrawableUndo=47
gimp_plug_in_manager_call_run_full
gimp_plug_in_get_proc_frame=0x556c8bf32e90:  set ignore_undos=0
script-fu-Warning: GAUSS_CASE_DONE=gauss-transparent-h2-v2-m1

gimp_plug_in_manager_call_run_full
gimp_plug_in_get_proc_frame=0x556c8bf32e90:  set ignore_undos=0
push_undo: GimpLayerUndo=55
gimp_plug_in_manager_call_run_full
gimp_plug_in_get_proc_frame=0x556c8bf32e90:  set ignore_undos=0
push_undo: GimpDrawableUndo=47
gimp_plug_in_manager_call_run_full
gimp_plug_in_get_proc_frame=0x556c8bf32e90:  set ignore_undos=0
script-fu-Warning: GAUSS_CASE_DONE=gauss-transparent-h0.75-v3.25-m0

gimp_plug_in_manager_call_run_full
gimp_plug_in_get_proc_frame=0x556c8bf32e90:  set ignore_undos=0
push_undo: GimpLayerUndo=55
gimp_plug_in_manager_call_run_full
gimp_plug_in_get_proc_frame=0x556c8bf32e90:  set ignore_undos=0
push_undo: GimpDrawableUndo=47
gimp_plug_in_manager_call_run_full
gimp_plug_in_get_proc_frame=0x556c8bf32e90:  set ignore_undos=0
script-fu-Warning: GAUSS_CASE_DONE=gauss-transparent-h0.75-v3.25-m1

gimp_plug_in_manager_call_run_full
gimp_plug_in_get_proc_frame=0x556c8bf32e90:  set ignore_undos=0
push_undo: GimpLayerUndo=55
gimp_plug_in_manager_call_run_full
gimp_plug_in_get_proc_frame=0x556c8bf32e90:  set ignore_undos=0
push_undo: GimpDrawableUndo=47
gimp_plug_in_manager_call_run_full
gimp_plug_in_get_proc_frame=0x556c8bf32e90:  set ignore_undos=0
script-fu-Warning: GAUSS_CASE_DONE=gauss-lowalpha-h25-v25-m0

gimp_plug_in_manager_call_run_full
gimp_plug_in_get_proc_frame=0x556c8bf32e90:  set ignore_undos=0
push_undo: GimpLayerUndo=55
gimp_plug_in_manager_call_run_full
gimp_plug_in_get_proc_frame=0x556c8bf32e90:  set ignore_undos=0
push_undo: GimpDrawableUndo=47
gimp_plug_in_manager_call_run_full
gimp_plug_in_get_proc_frame=0x556c8bf32e90:  set ignore_undos=0
script-fu-Warning: GAUSS_CASE_DONE=gauss-lowalpha-h25-v25-m1

gimp_plug_in_manager_call_run_full
gimp_plug_in_get_proc_frame=0x556c8bf32e90:  set ignore_undos=0
push_undo: GimpLayerUndo=55
gimp_plug_in_manager_call_run_full
gimp_plug_in_get_proc_frame=0x556c8bf32e90:  set ignore_undos=0
push_undo: GimpDrawableUndo=47
gimp_plug_in_manager_call_run_full
gimp_plug_in_get_proc_frame=0x556c8bf32e90:  set ignore_undos=0
script-fu-Warning: GAUSS_CASE_DONE=gauss-lowalpha-h2-v2-m0

gimp_plug_in_manager_call_run_full
gimp_plug_in_get_proc_frame=0x556c8bf32e90:  set ignore_undos=0
push_undo: GimpLayerUndo=55
gimp_plug_in_manager_call_run_full
gimp_plug_in_get_proc_frame=0x556c8bf32e90:  set ignore_undos=0
push_undo: GimpDrawableUndo=47
gimp_plug_in_manager_call_run_full
gimp_plug_in_get_proc_frame=0x556c8bf32e90:  set ignore_undos=0
script-fu-Warning: GAUSS_CASE_DONE=gauss-lowalpha-h2-v2-m1

gimp_plug_in_manager_call_run_full
gimp_plug_in_get_proc_frame=0x556c8bf32e90:  set ignore_undos=0
push_undo: GimpLayerUndo=55
gimp_plug_in_manager_call_run_full
gimp_plug_in_get_proc_frame=0x556c8bf32e90:  set ignore_undos=0
push_undo: GimpDrawableUndo=47
gimp_plug_in_manager_call_run_full
gimp_plug_in_get_proc_frame=0x556c8bf32e90:  set ignore_undos=0
script-fu-Warning: GAUSS_CASE_DONE=gauss-lowalpha-h0.75-v3.25-m0

gimp_plug_in_manager_call_run_full
gimp_plug_in_get_proc_frame=0x556c8bf32e90:  set ignore_undos=0
push_undo: GimpLayerUndo=55
gimp_plug_in_manager_call_run_full
gimp_plug_in_get_proc_frame=0x556c8bf32e90:  set ignore_undos=0
push_undo: GimpDrawableUndo=47
gimp_plug_in_manager_call_run_full
gimp_plug_in_get_proc_frame=0x556c8bf32e90:  set ignore_undos=0
script-fu-Warning: GAUSS_CASE_DONE=gauss-lowalpha-h0.75-v3.25-m1

batch command executed successfully
gimp_plug_in_manager_call_run_full
gimp_plug_in_get_proc_frame=0x556c8bd27ad0:  set ignore_undos=0
