  Installing layer-presets-path with default = ${gimp_dir}/layer-presets:${gimp_data_dir}/layer-presets
  Installing layer-presets-path-writable with default = ${gimp_dir}/layer-presets
GimpCoreConfig: Set properties_base to 62
  Installed set_property_handler
  Installed get_property_handler
Installed::N4GLib13GClassWrapperINS_11UseCStructsI15_GimpBaseConfig15_GimpCoreConfigEEE9WithClassE-> prop=layer-presets-path, id=62
  Kept set_property_handler
  Kept get_property_handler
Installed::N4GLib13GClassWrapperINS_11UseCStructsI15_GimpBaseConfig15_GimpCoreConfigEEE9WithClassE-> prop=layer-presets-path-writable, id=63
Install ConfigExtender.
set::readonly path to `${gimp_dir}/layer-presets:${gimp_data_dir}/layer-presets'
set::writable path to `${gimp_dir}/layer-presets'
Install ConfigExtender.
set::readonly path to `${gimp_dir}/layer-presets:${gimp_data_dir}/layer-presets'
set::writable path to `${gimp_dir}/layer-presets'

(gimp-2.8:8): GLib-GObject-CRITICAL **: 22:17:23.042: g_value_set_object: assertion 'G_VALUE_HOLDS_OBJECT (value)' failed

(gimp-2.8:8): GLib-GObject-CRITICAL **: 22:17:23.042: g_value_set_object: assertion 'G_VALUE_HOLDS_OBJECT (value)' failed
get::readonly path
get::readonly path
get::writable path
get::writable path

(gimp-2.8:8): GLib-GObject-CRITICAL **: 22:17:23.045: g_object_set_is_valid_property: object class 'GeglConfig' has no property named 'cache-size'
GimpJsonResource: Set properties_base to 8
  Installed set_property_handler
  Installed get_property_handler
Installed::N4GLib13GClassWrapperINS_11UseCStructsI9_GimpData17_GimpJsonResourceEEE9WithClassE-> prop=root, id=8
Feature::entry_point: add restore/exit on initialize.
Failed to parse tag cache: No such file or directory

(gimp-2.8:8): Gimp-Widgets-CRITICAL **: 22:17:23.053: gimp_dialog_factory_get_singleton: assertion 'gimp_toplevel_factory != NULL' failed
PresetGuiFactory::on_restore::GimpDialogFactory=(nil)

(gimp-2.8:8): Gimp-Widgets-CRITICAL **: 22:17:23.053: gimp_dialog_factory_register_entry: assertion 'GIMP_IS_DIALOG_FACTORY (factory)' failed
PresetGuiFactory::on_restore::end

(gimp-2.8:8): Gimp-Widgets-CRITICAL **: 22:17:23.053: gimp_action_factory_group_register: assertion 'GIMP_IS_ACTION_FACTORY (factory)' failed
gimp_plug_in_manager_call_run_full
gimp_plug_in_get_proc_frame=0x55bbc2e4e1c0:  set ignore_undos=0
gimp_plug_in_manager_call_run_full
gimp_plug_in_get_proc_frame=0x55bbc2f61030:  set ignore_undos=0
gimp_plug_in_manager_call_run_full
gimp_plug_in_get_proc_frame=0x55bbc3054dc0:  set ignore_undos=0
push_undo: GimpLayerUndo=55
gimp_plug_in_manager_call_run_full
gimp_plug_in_get_proc_frame=0x55bbc3054dc0:  set ignore_undos=0
gimp_plug_in_manager_call_run_full
gimp_plug_in_get_proc_frame=0x55bbc3054dc0:  set ignore_undos=0
push_undo: GimpLayerUndo=55
gimp_plug_in_manager_call_run_full
gimp_plug_in_get_proc_frame=0x55bbc3054dc0:  set ignore_undos=0
gimp_plug_in_manager_call_run_full
gimp_plug_in_get_proc_frame=0x55bbc3054dc0:  set ignore_undos=0
push_undo: GimpLayerUndo=55
gimp_plug_in_manager_call_run_full
gimp_plug_in_get_proc_frame=0x55bbc3054dc0:  set ignore_undos=0
gimp_plug_in_manager_call_run_full
gimp_plug_in_get_proc_frame=0x55bbc3054dc0:  set ignore_undos=0
push_undo: GimpLayerUndo=55
gimp_plug_in_manager_call_run_full
gimp_plug_in_get_proc_frame=0x55bbc3054dc0:  set ignore_undos=0
gimp_plug_in_manager_call_run_full
gimp_plug_in_get_proc_frame=0x55bbc3054dc0:  set ignore_undos=0
push_undo: GimpLayerUndo=55
gimp_plug_in_manager_call_run_full
gimp_plug_in_get_proc_frame=0x55bbc3054dc0:  set ignore_undos=0
gimp_plug_in_manager_call_run_full
gimp_plug_in_get_proc_frame=0x55bbc3054dc0:  set ignore_undos=0
push_undo: GimpLayerUndo=55
gimp_plug_in_manager_call_run_full
gimp_plug_in_get_proc_frame=0x55bbc3054dc0:  set ignore_undos=0
push_undo: GimpDrawableUndo=47
gimp_plug_in_manager_call_run_full
gimp_plug_in_get_proc_frame=0x55bbc3054dc0:  set ignore_undos=0
script-fu-Warning: POINT_DONE=RGBA-9x8-plug-in-vinvert-0

gimp_plug_in_manager_call_run_full
gimp_plug_in_get_proc_frame=0x55bbc3054dc0:  set ignore_undos=0
push_undo: GimpLayerUndo=55
gimp_plug_in_manager_call_run_full
gimp_plug_in_get_proc_frame=0x55bbc3054dc0:  set ignore_undos=0
push_undo: GimpDrawableUndo=47
gimp_plug_in_manager_call_run_full
gimp_plug_in_get_proc_frame=0x55bbc3054dc0:  set ignore_undos=0
script-fu-Warning: POINT_DONE=RGBA-9x8-plug-in-max-rgb--2

gimp_plug_in_manager_call_run_full
gimp_plug_in_get_proc_frame=0x55bbc3054dc0:  set ignore_undos=0
push_undo: GimpLayerUndo=55
gimp_plug_in_manager_call_run_full
gimp_plug_in_get_proc_frame=0x55bbc3054dc0:  set ignore_undos=0
push_undo: GimpDrawableUndo=47
gimp_plug_in_manager_call_run_full
gimp_plug_in_get_proc_frame=0x55bbc3054dc0:  set ignore_undos=0
script-fu-Warning: POINT_DONE=RGBA-9x8-plug-in-max-rgb-0

gimp_plug_in_manager_call_run_full
gimp_plug_in_get_proc_frame=0x55bbc3054dc0:  set ignore_undos=0
push_undo: GimpLayerUndo=55
gimp_plug_in_manager_call_run_full
gimp_plug_in_get_proc_frame=0x55bbc3054dc0:  set ignore_undos=0
push_undo: GimpDrawableUndo=47
gimp_plug_in_manager_call_run_full
gimp_plug_in_get_proc_frame=0x55bbc3054dc0:  set ignore_undos=0
script-fu-Warning: POINT_DONE=RGBA-9x8-plug-in-max-rgb-1

gimp_plug_in_manager_call_run_full
gimp_plug_in_get_proc_frame=0x55bbc3054dc0:  set ignore_undos=0
push_undo: GimpLayerUndo=55
gimp_plug_in_manager_call_run_full
gimp_plug_in_get_proc_frame=0x55bbc3054dc0:  set ignore_undos=0
push_undo: GimpDrawableUndo=47
gimp_plug_in_manager_call_run_full
gimp_plug_in_get_proc_frame=0x55bbc3054dc0:  set ignore_undos=0
script-fu-Warning: POINT_DONE=RGBA-9x8-plug-in-max-rgb-3

gimp_plug_in_manager_call_run_full
gimp_plug_in_get_proc_frame=0x55bbc3054dc0:  set ignore_undos=0
push_undo: GimpLayerUndo=55
gimp_plug_in_manager_call_run_full
gimp_plug_in_get_proc_frame=0x55bbc3054dc0:  set ignore_undos=0
push_undo: GimpDrawableUndo=47
gimp_plug_in_manager_call_run_full
gimp_plug_in_get_proc_frame=0x55bbc3054dc0:  set ignore_undos=0
script-fu-Warning: POINT_DONE=RGBA-9x8-plug-in-threshold-alpha--1

gimp_plug_in_manager_call_run_full
gimp_plug_in_get_proc_frame=0x55bbc3054dc0:  set ignore_undos=0
push_undo: GimpLayerUndo=55
gimp_plug_in_manager_call_run_full
gimp_plug_in_get_proc_frame=0x55bbc3054dc0:  set ignore_undos=0
push_undo: GimpDrawableUndo=47
gimp_plug_in_manager_call_run_full
gimp_plug_in_get_proc_frame=0x55bbc3054dc0:  set ignore_undos=0
script-fu-Warning: POINT_DONE=RGBA-9x8-plug-in-threshold-alpha-0

gimp_plug_in_manager_call_run_full
gimp_plug_in_get_proc_frame=0x55bbc3054dc0:  set ignore_undos=0
push_undo: GimpLayerUndo=55
gimp_plug_in_manager_call_run_full
gimp_plug_in_get_proc_frame=0x55bbc3054dc0:  set ignore_undos=0
push_undo: GimpDrawableUndo=47
gimp_plug_in_manager_call_run_full
gimp_plug_in_get_proc_frame=0x55bbc3054dc0:  set ignore_undos=0
script-fu-Warning: POINT_DONE=RGBA-9x8-plug-in-threshold-alpha-127

gimp_plug_in_manager_call_run_full
gimp_plug_in_get_proc_frame=0x55bbc3054dc0:  set ignore_undos=0
push_undo: GimpLayerUndo=55
gimp_plug_in_manager_call_run_full
gimp_plug_in_get_proc_frame=0x55bbc3054dc0:  set ignore_undos=0
push_undo: GimpDrawableUndo=47
gimp_plug_in_manager_call_run_full
gimp_plug_in_get_proc_frame=0x55bbc3054dc0:  set ignore_undos=0
script-fu-Warning: POINT_DONE=RGBA-9x8-plug-in-threshold-alpha-255

gimp_plug_in_manager_call_run_full
gimp_plug_in_get_proc_frame=0x55bbc3054dc0:  set ignore_undos=0
push_undo: GimpLayerUndo=55
gimp_plug_in_manager_call_run_full
gimp_plug_in_get_proc_frame=0x55bbc3054dc0:  set ignore_undos=0
push_undo: GimpDrawableUndo=47
gimp_plug_in_manager_call_run_full
gimp_plug_in_get_proc_frame=0x55bbc3054dc0:  set ignore_undos=0
script-fu-Warning: POINT_DONE=RGBA-9x8-plug-in-threshold-alpha-256

gimp_plug_in_manager_call_run_full
gimp_plug_in_get_proc_frame=0x55bbc3054dc0:  set ignore_undos=0
push_undo: GimpLayerUndo=55
gimp_plug_in_manager_call_run_full
gimp_plug_in_get_proc_frame=0x55bbc3054dc0:  set ignore_undos=0
push_undo: GimpDrawableUndo=47
gimp_plug_in_manager_call_run_full
gimp_plug_in_get_proc_frame=0x55bbc3054dc0:  set ignore_undos=0
script-fu-Warning: POINT_DONE=RGBA-1x1-plug-in-vinvert-0

gimp_plug_in_manager_call_run_full
gimp_plug_in_get_proc_frame=0x55bbc3054dc0:  set ignore_undos=0
push_undo: GimpLayerUndo=55
gimp_plug_in_manager_call_run_full
gimp_plug_in_get_proc_frame=0x55bbc3054dc0:  set ignore_undos=0
push_undo: GimpDrawableUndo=47
gimp_plug_in_manager_call_run_full
gimp_plug_in_get_proc_frame=0x55bbc3054dc0:  set ignore_undos=0
script-fu-Warning: POINT_DONE=RGBA-1x1-plug-in-max-rgb--2

gimp_plug_in_manager_call_run_full
gimp_plug_in_get_proc_frame=0x55bbc3054dc0:  set ignore_undos=0
push_undo: GimpLayerUndo=55
gimp_plug_in_manager_call_run_full
gimp_plug_in_get_proc_frame=0x55bbc3054dc0:  set ignore_undos=0
push_undo: GimpDrawableUndo=47
gimp_plug_in_manager_call_run_full
gimp_plug_in_get_proc_frame=0x55bbc3054dc0:  set ignore_undos=0
script-fu-Warning: POINT_DONE=RGBA-1x1-plug-in-max-rgb-0

gimp_plug_in_manager_call_run_full
gimp_plug_in_get_proc_frame=0x55bbc3054dc0:  set ignore_undos=0
push_undo: GimpLayerUndo=55
gimp_plug_in_manager_call_run_full
gimp_plug_in_get_proc_frame=0x55bbc3054dc0:  set ignore_undos=0
push_undo: GimpDrawableUndo=47
gimp_plug_in_manager_call_run_full
gimp_plug_in_get_proc_frame=0x55bbc3054dc0:  set ignore_undos=0
script-fu-Warning: POINT_DONE=RGBA-1x1-plug-in-max-rgb-1

gimp_plug_in_manager_call_run_full
gimp_plug_in_get_proc_frame=0x55bbc3054dc0:  set ignore_undos=0
push_undo: GimpLayerUndo=55
gimp_plug_in_manager_call_run_full
gimp_plug_in_get_proc_frame=0x55bbc3054dc0:  set ignore_undos=0
push_undo: GimpDrawableUndo=47
gimp_plug_in_manager_call_run_full
gimp_plug_in_get_proc_frame=0x55bbc3054dc0:  set ignore_undos=0
script-fu-Warning: POINT_DONE=RGBA-1x1-plug-in-max-rgb-3

gimp_plug_in_manager_call_run_full
gimp_plug_in_get_proc_frame=0x55bbc3054dc0:  set ignore_undos=0
push_undo: GimpLayerUndo=55
gimp_plug_in_manager_call_run_full
gimp_plug_in_get_proc_frame=0x55bbc3054dc0:  set ignore_undos=0
push_undo: GimpDrawableUndo=47
gimp_plug_in_manager_call_run_full
gimp_plug_in_get_proc_frame=0x55bbc3054dc0:  set ignore_undos=0
script-fu-Warning: POINT_DONE=RGBA-1x1-plug-in-threshold-alpha--1

gimp_plug_in_manager_call_run_full
gimp_plug_in_get_proc_frame=0x55bbc3054dc0:  set ignore_undos=0
push_undo: GimpLayerUndo=55
gimp_plug_in_manager_call_run_full
gimp_plug_in_get_proc_frame=0x55bbc3054dc0:  set ignore_undos=0
push_undo: GimpDrawableUndo=47
gimp_plug_in_manager_call_run_full
gimp_plug_in_get_proc_frame=0x55bbc3054dc0:  set ignore_undos=0
script-fu-Warning: POINT_DONE=RGBA-1x1-plug-in-threshold-alpha-0

gimp_plug_in_manager_call_run_full
gimp_plug_in_get_proc_frame=0x55bbc3054dc0:  set ignore_undos=0
push_undo: GimpLayerUndo=55
gimp_plug_in_manager_call_run_full
gimp_plug_in_get_proc_frame=0x55bbc3054dc0:  set ignore_undos=0
push_undo: GimpDrawableUndo=47
gimp_plug_in_manager_call_run_full
gimp_plug_in_get_proc_frame=0x55bbc3054dc0:  set ignore_undos=0
script-fu-Warning: POINT_DONE=RGBA-1x1-plug-in-threshold-alpha-127

gimp_plug_in_manager_call_run_full
gimp_plug_in_get_proc_frame=0x55bbc3054dc0:  set ignore_undos=0
push_undo: GimpLayerUndo=55
gimp_plug_in_manager_call_run_full
gimp_plug_in_get_proc_frame=0x55bbc3054dc0:  set ignore_undos=0
push_undo: GimpDrawableUndo=47
gimp_plug_in_manager_call_run_full
gimp_plug_in_get_proc_frame=0x55bbc3054dc0:  set ignore_undos=0
script-fu-Warning: POINT_DONE=RGBA-1x1-plug-in-threshold-alpha-255

gimp_plug_in_manager_call_run_full
gimp_plug_in_get_proc_frame=0x55bbc3054dc0:  set ignore_undos=0
push_undo: GimpLayerUndo=55
gimp_plug_in_manager_call_run_full
gimp_plug_in_get_proc_frame=0x55bbc3054dc0:  set ignore_undos=0
push_undo: GimpDrawableUndo=47
gimp_plug_in_manager_call_run_full
gimp_plug_in_get_proc_frame=0x55bbc3054dc0:  set ignore_undos=0
script-fu-Warning: POINT_DONE=RGBA-1x1-plug-in-threshold-alpha-256

gimp_plug_in_manager_call_run_full
gimp_plug_in_get_proc_frame=0x55bbc3054dc0:  set ignore_undos=0
push_undo: GimpLayerUndo=55
gimp_plug_in_manager_call_run_full
gimp_plug_in_get_proc_frame=0x55bbc3054dc0:  set ignore_undos=0
push_undo: GimpDrawableUndo=47
gimp_plug_in_manager_call_run_full
gimp_plug_in_get_proc_frame=0x55bbc3054dc0:  set ignore_undos=0
script-fu-Warning: POINT_DONE=RGBA-67x66-plug-in-vinvert-0

gimp_plug_in_manager_call_run_full
gimp_plug_in_get_proc_frame=0x55bbc3054dc0:  set ignore_undos=0
push_undo: GimpLayerUndo=55
gimp_plug_in_manager_call_run_full
gimp_plug_in_get_proc_frame=0x55bbc3054dc0:  set ignore_undos=0
push_undo: GimpDrawableUndo=47
gimp_plug_in_manager_call_run_full
gimp_plug_in_get_proc_frame=0x55bbc3054dc0:  set ignore_undos=0
script-fu-Warning: POINT_DONE=RGBA-67x66-plug-in-max-rgb--2

gimp_plug_in_manager_call_run_full
gimp_plug_in_get_proc_frame=0x55bbc3054dc0:  set ignore_undos=0
push_undo: GimpLayerUndo=55
gimp_plug_in_manager_call_run_full
gimp_plug_in_get_proc_frame=0x55bbc3054dc0:  set ignore_undos=0
push_undo: GimpDrawableUndo=47
gimp_plug_in_manager_call_run_full
gimp_plug_in_get_proc_frame=0x55bbc3054dc0:  set ignore_undos=0
script-fu-Warning: POINT_DONE=RGBA-67x66-plug-in-max-rgb-0

gimp_plug_in_manager_call_run_full
gimp_plug_in_get_proc_frame=0x55bbc3054dc0:  set ignore_undos=0
push_undo: GimpLayerUndo=55
gimp_plug_in_manager_call_run_full
gimp_plug_in_get_proc_frame=0x55bbc3054dc0:  set ignore_undos=0
push_undo: GimpDrawableUndo=47
gimp_plug_in_manager_call_run_full
gimp_plug_in_get_proc_frame=0x55bbc3054dc0:  set ignore_undos=0
script-fu-Warning: POINT_DONE=RGBA-67x66-plug-in-max-rgb-1

gimp_plug_in_manager_call_run_full
gimp_plug_in_get_proc_frame=0x55bbc3054dc0:  set ignore_undos=0
push_undo: GimpLayerUndo=55
gimp_plug_in_manager_call_run_full
gimp_plug_in_get_proc_frame=0x55bbc3054dc0:  set ignore_undos=0
push_undo: GimpDrawableUndo=47
gimp_plug_in_manager_call_run_full
gimp_plug_in_get_proc_frame=0x55bbc3054dc0:  set ignore_undos=0
script-fu-Warning: POINT_DONE=RGBA-67x66-plug-in-max-rgb-3

gimp_plug_in_manager_call_run_full
gimp_plug_in_get_proc_frame=0x55bbc3054dc0:  set ignore_undos=0
push_undo: GimpLayerUndo=55
gimp_plug_in_manager_call_run_full
gimp_plug_in_get_proc_frame=0x55bbc3054dc0:  set ignore_undos=0
push_undo: GimpDrawableUndo=47
gimp_plug_in_manager_call_run_full
gimp_plug_in_get_proc_frame=0x55bbc3054dc0:  set ignore_undos=0
script-fu-Warning: POINT_DONE=RGBA-67x66-plug-in-threshold-alpha--1

gimp_plug_in_manager_call_run_full
gimp_plug_in_get_proc_frame=0x55bbc3054dc0:  set ignore_undos=0
push_undo: GimpLayerUndo=55
gimp_plug_in_manager_call_run_full
gimp_plug_in_get_proc_frame=0x55bbc3054dc0:  set ignore_undos=0
push_undo: GimpDrawableUndo=47
gimp_plug_in_manager_call_run_full
gimp_plug_in_get_proc_frame=0x55bbc3054dc0:  set ignore_undos=0
script-fu-Warning: POINT_DONE=RGBA-67x66-plug-in-threshold-alpha-0

gimp_plug_in_manager_call_run_full
gimp_plug_in_get_proc_frame=0x55bbc3054dc0:  set ignore_undos=0
push_undo: GimpLayerUndo=55
gimp_plug_in_manager_call_run_full
gimp_plug_in_get_proc_frame=0x55bbc3054dc0:  set ignore_undos=0
push_undo: GimpDrawableUndo=47
gimp_plug_in_manager_call_run_full
gimp_plug_in_get_proc_frame=0x55bbc3054dc0:  set ignore_undos=0
script-fu-Warning: POINT_DONE=RGBA-67x66-plug-in-threshold-alpha-127

gimp_plug_in_manager_call_run_full
gimp_plug_in_get_proc_frame=0x55bbc3054dc0:  set ignore_undos=0
push_undo: GimpLayerUndo=55
gimp_plug_in_manager_call_run_full
gimp_plug_in_get_proc_frame=0x55bbc3054dc0:  set ignore_undos=0
push_undo: GimpDrawableUndo=47
gimp_plug_in_manager_call_run_full
gimp_plug_in_get_proc_frame=0x55bbc3054dc0:  set ignore_undos=0
script-fu-Warning: POINT_DONE=RGBA-67x66-plug-in-threshold-alpha-255

gimp_plug_in_manager_call_run_full
gimp_plug_in_get_proc_frame=0x55bbc3054dc0:  set ignore_undos=0
push_undo: GimpLayerUndo=55
gimp_plug_in_manager_call_run_full
gimp_plug_in_get_proc_frame=0x55bbc3054dc0:  set ignore_undos=0
push_undo: GimpDrawableUndo=47
gimp_plug_in_manager_call_run_full
gimp_plug_in_get_proc_frame=0x55bbc3054dc0:  set ignore_undos=0
script-fu-Warning: POINT_DONE=RGBA-67x66-plug-in-threshold-alpha-256

gimp_plug_in_manager_call_run_full
gimp_plug_in_get_proc_frame=0x55bbc3054dc0:  set ignore_undos=0
push_undo: GimpLayerUndo=55
gimp_plug_in_manager_call_run_full
gimp_plug_in_get_proc_frame=0x55bbc3054dc0:  set ignore_undos=0
push_undo: GimpDrawableUndo=47
gimp_plug_in_manager_call_run_full
gimp_plug_in_get_proc_frame=0x55bbc3054dc0:  set ignore_undos=0
script-fu-Warning: POINT_DONE=RGB-9x8-plug-in-vinvert-0

gimp_plug_in_manager_call_run_full
gimp_plug_in_get_proc_frame=0x55bbc3054dc0:  set ignore_undos=0
push_undo: GimpLayerUndo=55
gimp_plug_in_manager_call_run_full
gimp_plug_in_get_proc_frame=0x55bbc3054dc0:  set ignore_undos=0
push_undo: GimpDrawableUndo=47
gimp_plug_in_manager_call_run_full
gimp_plug_in_get_proc_frame=0x55bbc3054dc0:  set ignore_undos=0
script-fu-Warning: POINT_DONE=RGB-9x8-plug-in-max-rgb--2

gimp_plug_in_manager_call_run_full
gimp_plug_in_get_proc_frame=0x55bbc3054dc0:  set ignore_undos=0
push_undo: GimpLayerUndo=55
gimp_plug_in_manager_call_run_full
gimp_plug_in_get_proc_frame=0x55bbc3054dc0:  set ignore_undos=0
push_undo: GimpDrawableUndo=47
gimp_plug_in_manager_call_run_full
gimp_plug_in_get_proc_frame=0x55bbc3054dc0:  set ignore_undos=0
script-fu-Warning: POINT_DONE=RGB-9x8-plug-in-max-rgb-0

gimp_plug_in_manager_call_run_full
gimp_plug_in_get_proc_frame=0x55bbc3054dc0:  set ignore_undos=0
push_undo: GimpLayerUndo=55
gimp_plug_in_manager_call_run_full
gimp_plug_in_get_proc_frame=0x55bbc3054dc0:  set ignore_undos=0
push_undo: GimpDrawableUndo=47
gimp_plug_in_manager_call_run_full
gimp_plug_in_get_proc_frame=0x55bbc3054dc0:  set ignore_undos=0
script-fu-Warning: POINT_DONE=RGB-9x8-plug-in-max-rgb-1

gimp_plug_in_manager_call_run_full
gimp_plug_in_get_proc_frame=0x55bbc3054dc0:  set ignore_undos=0
push_undo: GimpLayerUndo=55
gimp_plug_in_manager_call_run_full
gimp_plug_in_get_proc_frame=0x55bbc3054dc0:  set ignore_undos=0
push_undo: GimpDrawableUndo=47
gimp_plug_in_manager_call_run_full
gimp_plug_in_get_proc_frame=0x55bbc3054dc0:  set ignore_undos=0
script-fu-Warning: POINT_DONE=RGB-9x8-plug-in-max-rgb-3

gimp_plug_in_manager_call_run_full
gimp_plug_in_get_proc_frame=0x55bbc3054dc0:  set ignore_undos=0
push_undo: GimpLayerUndo=55
gimp_plug_in_manager_call_run_full
gimp_plug_in_get_proc_frame=0x55bbc3054dc0:  set ignore_undos=0
push_undo: GimpDrawableUndo=47
gimp_plug_in_manager_call_run_full
gimp_plug_in_get_proc_frame=0x55bbc3054dc0:  set ignore_undos=0
script-fu-Warning: POINT_DONE=LA-9x8-plug-in-threshold-alpha--1

gimp_plug_in_manager_call_run_full
gimp_plug_in_get_proc_frame=0x55bbc3054dc0:  set ignore_undos=0
push_undo: GimpLayerUndo=55
gimp_plug_in_manager_call_run_full
gimp_plug_in_get_proc_frame=0x55bbc3054dc0:  set ignore_undos=0
push_undo: GimpDrawableUndo=47
gimp_plug_in_manager_call_run_full
gimp_plug_in_get_proc_frame=0x55bbc3054dc0:  set ignore_undos=0
script-fu-Warning: POINT_DONE=LA-9x8-plug-in-threshold-alpha-0

gimp_plug_in_manager_call_run_full
gimp_plug_in_get_proc_frame=0x55bbc3054dc0:  set ignore_undos=0
push_undo: GimpLayerUndo=55
gimp_plug_in_manager_call_run_full
gimp_plug_in_get_proc_frame=0x55bbc3054dc0:  set ignore_undos=0
push_undo: GimpDrawableUndo=47
gimp_plug_in_manager_call_run_full
gimp_plug_in_get_proc_frame=0x55bbc3054dc0:  set ignore_undos=0
script-fu-Warning: POINT_DONE=LA-9x8-plug-in-threshold-alpha-127

gimp_plug_in_manager_call_run_full
gimp_plug_in_get_proc_frame=0x55bbc3054dc0:  set ignore_undos=0
push_undo: GimpLayerUndo=55
gimp_plug_in_manager_call_run_full
gimp_plug_in_get_proc_frame=0x55bbc3054dc0:  set ignore_undos=0
push_undo: GimpDrawableUndo=47
gimp_plug_in_manager_call_run_full
gimp_plug_in_get_proc_frame=0x55bbc3054dc0:  set ignore_undos=0
script-fu-Warning: POINT_DONE=LA-9x8-plug-in-threshold-alpha-255

gimp_plug_in_manager_call_run_full
gimp_plug_in_get_proc_frame=0x55bbc3054dc0:  set ignore_undos=0
push_undo: GimpLayerUndo=55
gimp_plug_in_manager_call_run_full
gimp_plug_in_get_proc_frame=0x55bbc3054dc0:  set ignore_undos=0
push_undo: GimpDrawableUndo=47
gimp_plug_in_manager_call_run_full
gimp_plug_in_get_proc_frame=0x55bbc3054dc0:  set ignore_undos=0
script-fu-Warning: POINT_DONE=LA-9x8-plug-in-threshold-alpha-256

batch command executed successfully
gimp_plug_in_manager_call_run_full
gimp_plug_in_get_proc_frame=0x55bbc2f61030:  set ignore_undos=0
