  Installing layer-presets-path with default = ${gimp_dir}/layer-presets:${gimp_data_dir}/layer-presets
  Installing layer-presets-path-writable with default = ${gimp_dir}/layer-presets
GimpCoreConfig: Set properties_base to 62
  Installed set_property_handler
  Installed get_property_handler
Installed::N4GLib13GClassWrapperINS_11UseCStructsI15_GimpBaseConfig15_GimpCoreConfigEEE9WithClassE-> prop=layer-presets-path, id=62
  Kept set_property_handler
  Kept get_property_handler
Installed::N4GLib13GClassWrapperINS_11UseCStructsI15_GimpBaseConfig15_GimpCoreConfigEEE9WithClassE-> prop=layer-presets-path-writable, id=63
Install ConfigExtender.
set::readonly path to `${gimp_dir}/layer-presets:${gimp_data_dir}/layer-presets'
set::writable path to `${gimp_dir}/layer-presets'
Install ConfigExtender.
set::readonly path to `${gimp_dir}/layer-presets:${gimp_data_dir}/layer-presets'
set::writable path to `${gimp_dir}/layer-presets'

(gimp-2.8:8): GLib-GObject-CRITICAL **: 10:19:02.823: g_value_set_object: assertion 'G_VALUE_HOLDS_OBJECT (value)' failed

(gimp-2.8:8): GLib-GObject-CRITICAL **: 10:19:02.823: g_value_set_object: assertion 'G_VALUE_HOLDS_OBJECT (value)' failed
get::readonly path
get::readonly path
get::writable path
get::writable path

(gimp-2.8:8): GLib-GObject-CRITICAL **: 10:19:02.824: g_object_set_is_valid_property: object class 'GeglConfig' has no property named 'cache-size'
GimpJsonResource: Set properties_base to 8
  Installed set_property_handler
  Installed get_property_handler
Installed::N4GLib13GClassWrapperINS_11UseCStructsI9_GimpData17_GimpJsonResourceEEE9WithClassE-> prop=root, id=8
Feature::entry_point: add restore/exit on initialize.

(gimp-2.8:8): Gimp-Widgets-CRITICAL **: 10:19:02.830: gimp_dialog_factory_get_singleton: assertion 'gimp_toplevel_factory != NULL' failed
PresetGuiFactory::on_restore::GimpDialogFactory=(nil)

(gimp-2.8:8): Gimp-Widgets-CRITICAL **: 10:19:02.830: gimp_dialog_factory_register_entry: assertion 'GIMP_IS_DIALOG_FACTORY (factory)' failed
PresetGuiFactory::on_restore::end

(gimp-2.8:8): Gimp-Widgets-CRITICAL **: 10:19:02.830: gimp_action_factory_group_register: assertion 'GIMP_IS_ACTION_FACTORY (factory)' failed
gimp_plug_in_manager_call_run_full
gimp_plug_in_get_proc_frame=0x55e1d387a630:  set ignore_undos=0
gimp_plug_in_manager_call_run_full
gimp_plug_in_get_proc_frame=0x55e1d389a080:  set ignore_undos=0
gimp_plug_in_manager_call_run_full
gimp_plug_in_get_proc_frame=0x55e1d3aa2a80:  set ignore_undos=0
push_undo: GimpLayerUndo=55
gimp_plug_in_manager_call_run_full
gimp_plug_in_get_proc_frame=0x55e1d3aa2a80:  set ignore_undos=0
push_undo: GimpLayerUndo=55
push_undo: GimpLayerUndo=55
push_undo: GimpLayerUndo=55
gimp_plug_in_manager_call_run_full
gimp_plug_in_get_proc_frame=0x55e1d3aa2a80:  set ignore_undos=0
push_undo: GimpLayerUndo=56
push_undo: GimpLayerUndo=56
push_undo: GimpLayerUndo=56
push_undo: GimpLayerUndo=55
gimp_plug_in_manager_call_run_full
gimp_plug_in_get_proc_frame=0x55e1d3aa2a80:  set ignore_undos=0
script-fu-Warning: MODE_CASE_DONE=mode-0-o100-mnone

gimp_plug_in_manager_call_run_full
gimp_plug_in_get_proc_frame=0x55e1d3aa2a80:  set ignore_undos=0
push_undo: GimpLayerUndo=55
gimp_plug_in_manager_call_run_full
gimp_plug_in_get_proc_frame=0x55e1d3aa2a80:  set ignore_undos=0
push_undo: GimpLayerUndo=55
push_undo: GimpLayerUndo=55
push_undo: GimpLayerPropUndo=58
push_undo: GimpLayerUndo=55
gimp_plug_in_manager_call_run_full
gimp_plug_in_get_proc_frame=0x55e1d3aa2a80:  set ignore_undos=0
push_undo: GimpLayerUndo=56
push_undo: GimpLayerUndo=56
push_undo: GimpLayerUndo=56
push_undo: GimpLayerUndo=55
gimp_plug_in_manager_call_run_full
gimp_plug_in_get_proc_frame=0x55e1d3aa2a80:  set ignore_undos=0
script-fu-Warning: MODE_CASE_DONE=mode-0-o50-mnone

gimp_plug_in_manager_call_run_full
gimp_plug_in_get_proc_frame=0x55e1d3aa2a80:  set ignore_undos=0
push_undo: GimpLayerUndo=55
gimp_plug_in_manager_call_run_full
gimp_plug_in_get_proc_frame=0x55e1d3aa2a80:  set ignore_undos=0
push_undo: GimpLayerUndo=55
push_undo: GimpLayerUndo=55
push_undo: GimpLayerPropUndo=58
push_undo: GimpLayerUndo=55
gimp_plug_in_manager_call_run_full
gimp_plug_in_get_proc_frame=0x55e1d3aa2a80:  set ignore_undos=0
push_undo: GimpLayerUndo=56
push_undo: GimpLayerUndo=56
push_undo: GimpLayerUndo=56
push_undo: GimpLayerUndo=55
gimp_plug_in_manager_call_run_full
gimp_plug_in_get_proc_frame=0x55e1d3aa2a80:  set ignore_undos=0
script-fu-Warning: MODE_CASE_DONE=mode-0-o0-mnone

gimp_plug_in_manager_call_run_full
gimp_plug_in_get_proc_frame=0x55e1d3aa2a80:  set ignore_undos=0
push_undo: GimpLayerUndo=55
gimp_plug_in_manager_call_run_full
gimp_plug_in_get_proc_frame=0x55e1d3aa2a80:  set ignore_undos=0
push_undo: GimpLayerUndo=55
push_undo: GimpLayerUndo=55
push_undo: GimpLayerMaskUndo=65
push_undo: GimpDrawableUndo=47
push_undo: GimpLayerUndo=55
gimp_plug_in_manager_call_run_full
gimp_plug_in_get_proc_frame=0x55e1d3aa2a80:  set ignore_undos=0
push_undo: GimpLayerUndo=56
push_undo: GimpLayerUndo=56
push_undo: GimpLayerUndo=56
push_undo: GimpLayerUndo=55
gimp_plug_in_manager_call_run_full
gimp_plug_in_get_proc_frame=0x55e1d3aa2a80:  set ignore_undos=0
script-fu-Warning: MODE_CASE_DONE=mode-0-o100-m128

gimp_plug_in_manager_call_run_full
gimp_plug_in_get_proc_frame=0x55e1d3aa2a80:  set ignore_undos=0
push_undo: GimpLayerUndo=55
gimp_plug_in_manager_call_run_full
gimp_plug_in_get_proc_frame=0x55e1d3aa2a80:  set ignore_undos=0
push_undo: GimpLayerUndo=55
push_undo: GimpLayerUndo=55
push_undo: GimpLayerPropUndo=58
push_undo: GimpLayerMaskUndo=65
push_undo: GimpDrawableUndo=47
push_undo: GimpLayerUndo=55
gimp_plug_in_manager_call_run_full
gimp_plug_in_get_proc_frame=0x55e1d3aa2a80:  set ignore_undos=0
push_undo: GimpLayerUndo=56
push_undo: GimpLayerUndo=56
push_undo: GimpLayerUndo=56
push_undo: GimpLayerUndo=55
gimp_plug_in_manager_call_run_full
gimp_plug_in_get_proc_frame=0x55e1d3aa2a80:  set ignore_undos=0
script-fu-Warning: MODE_CASE_DONE=mode-0-o50-m128

gimp_plug_in_manager_call_run_full
gimp_plug_in_get_proc_frame=0x55e1d3aa2a80:  set ignore_undos=0
push_undo: GimpLayerUndo=55
gimp_plug_in_manager_call_run_full
gimp_plug_in_get_proc_frame=0x55e1d3aa2a80:  set ignore_undos=0
push_undo: GimpLayerUndo=55
push_undo: GimpLayerUndo=55
push_undo: GimpLayerMaskUndo=65
push_undo: GimpDrawableUndo=47
push_undo: GimpLayerUndo=55
gimp_plug_in_manager_call_run_full
gimp_plug_in_get_proc_frame=0x55e1d3aa2a80:  set ignore_undos=0
push_undo: GimpLayerUndo=56
push_undo: GimpLayerUndo=56
push_undo: GimpLayerUndo=56
push_undo: GimpLayerUndo=55
gimp_plug_in_manager_call_run_full
gimp_plug_in_get_proc_frame=0x55e1d3aa2a80:  set ignore_undos=0
script-fu-Warning: MODE_CASE_DONE=mode-0-o100-m0

gimp_plug_in_manager_call_run_full
gimp_plug_in_get_proc_frame=0x55e1d3aa2a80:  set ignore_undos=0
push_undo: GimpLayerUndo=55
gimp_plug_in_manager_call_run_full
gimp_plug_in_get_proc_frame=0x55e1d3aa2a80:  set ignore_undos=0
push_undo: GimpLayerUndo=55
push_undo: GimpLayerUndo=55
push_undo: GimpLayerPropUndo=58
push_undo: GimpLayerMaskUndo=65
push_undo: GimpDrawableUndo=47
push_undo: GimpLayerUndo=55
gimp_plug_in_manager_call_run_full
gimp_plug_in_get_proc_frame=0x55e1d3aa2a80:  set ignore_undos=0
push_undo: GimpLayerUndo=56
push_undo: GimpLayerUndo=56
push_undo: GimpLayerUndo=56
push_undo: GimpLayerUndo=55
gimp_plug_in_manager_call_run_full
gimp_plug_in_get_proc_frame=0x55e1d3aa2a80:  set ignore_undos=0
script-fu-Warning: MODE_CASE_DONE=mode-0-o1-m254

gimp_plug_in_manager_call_run_full
gimp_plug_in_get_proc_frame=0x55e1d3aa2a80:  set ignore_undos=0
push_undo: GimpLayerUndo=55
gimp_plug_in_manager_call_run_full
gimp_plug_in_get_proc_frame=0x55e1d3aa2a80:  set ignore_undos=0
push_undo: GimpLayerUndo=55
push_undo: GimpLayerUndo=55
push_undo: GimpLayerPropUndo=58
push_undo: GimpLayerMaskUndo=65
push_undo: GimpDrawableUndo=47
push_undo: GimpLayerUndo=55
gimp_plug_in_manager_call_run_full
gimp_plug_in_get_proc_frame=0x55e1d3aa2a80:  set ignore_undos=0
push_undo: GimpLayerUndo=56
push_undo: GimpLayerUndo=56
push_undo: GimpLayerUndo=56
push_undo: GimpLayerUndo=55
gimp_plug_in_manager_call_run_full
gimp_plug_in_get_proc_frame=0x55e1d3aa2a80:  set ignore_undos=0
script-fu-Warning: MODE_CASE_DONE=mode-0-o99-m1

gimp_plug_in_manager_call_run_full
gimp_plug_in_get_proc_frame=0x55e1d3aa2a80:  set ignore_undos=0
push_undo: GimpLayerUndo=55
gimp_plug_in_manager_call_run_full
gimp_plug_in_get_proc_frame=0x55e1d3aa2a80:  set ignore_undos=0
push_undo: GimpLayerUndo=55
push_undo: GimpLayerUndo=55
push_undo: GimpLayerPropUndo=57
push_undo: GimpLayerUndo=55
gimp_plug_in_manager_call_run_full
gimp_plug_in_get_proc_frame=0x55e1d3aa2a80:  set ignore_undos=0
push_undo: GimpLayerUndo=56
push_undo: GimpLayerUndo=56
push_undo: GimpLayerUndo=56
push_undo: GimpLayerUndo=55
gimp_plug_in_manager_call_run_full
gimp_plug_in_get_proc_frame=0x55e1d3aa2a80:  set ignore_undos=0
script-fu-Warning: MODE_CASE_DONE=mode-3-o100-mnone

gimp_plug_in_manager_call_run_full
gimp_plug_in_get_proc_frame=0x55e1d3aa2a80:  set ignore_undos=0
push_undo: GimpLayerUndo=55
gimp_plug_in_manager_call_run_full
gimp_plug_in_get_proc_frame=0x55e1d3aa2a80:  set ignore_undos=0
push_undo: GimpLayerUndo=55
push_undo: GimpLayerUndo=55
push_undo: GimpLayerPropUndo=57
push_undo: GimpLayerPropUndo=58
push_undo: GimpLayerUndo=55
gimp_plug_in_manager_call_run_full
gimp_plug_in_get_proc_frame=0x55e1d3aa2a80:  set ignore_undos=0
push_undo: GimpLayerUndo=56
push_undo: GimpLayerUndo=56
push_undo: GimpLayerUndo=56
push_undo: GimpLayerUndo=55
gimp_plug_in_manager_call_run_full
gimp_plug_in_get_proc_frame=0x55e1d3aa2a80:  set ignore_undos=0
script-fu-Warning: MODE_CASE_DONE=mode-3-o50-mnone

gimp_plug_in_manager_call_run_full
gimp_plug_in_get_proc_frame=0x55e1d3aa2a80:  set ignore_undos=0
push_undo: GimpLayerUndo=55
gimp_plug_in_manager_call_run_full
gimp_plug_in_get_proc_frame=0x55e1d3aa2a80:  set ignore_undos=0
push_undo: GimpLayerUndo=55
push_undo: GimpLayerUndo=55
push_undo: GimpLayerPropUndo=57
push_undo: GimpLayerPropUndo=58
push_undo: GimpLayerUndo=55
gimp_plug_in_manager_call_run_full
gimp_plug_in_get_proc_frame=0x55e1d3aa2a80:  set ignore_undos=0
push_undo: GimpLayerUndo=56
push_undo: GimpLayerUndo=56
push_undo: GimpLayerUndo=56
push_undo: GimpLayerUndo=55
gimp_plug_in_manager_call_run_full
gimp_plug_in_get_proc_frame=0x55e1d3aa2a80:  set ignore_undos=0
script-fu-Warning: MODE_CASE_DONE=mode-3-o0-mnone

gimp_plug_in_manager_call_run_full
gimp_plug_in_get_proc_frame=0x55e1d3aa2a80:  set ignore_undos=0
push_undo: GimpLayerUndo=55
gimp_plug_in_manager_call_run_full
gimp_plug_in_get_proc_frame=0x55e1d3aa2a80:  set ignore_undos=0
push_undo: GimpLayerUndo=55
push_undo: GimpLayerUndo=55
push_undo: GimpLayerPropUndo=57
push_undo: GimpLayerMaskUndo=65
push_undo: GimpDrawableUndo=47
push_undo: GimpLayerUndo=55
gimp_plug_in_manager_call_run_full
gimp_plug_in_get_proc_frame=0x55e1d3aa2a80:  set ignore_undos=0
push_undo: GimpLayerUndo=56
push_undo: GimpLayerUndo=56
push_undo: GimpLayerUndo=56
push_undo: GimpLayerUndo=55
gimp_plug_in_manager_call_run_full
gimp_plug_in_get_proc_frame=0x55e1d3aa2a80:  set ignore_undos=0
script-fu-Warning: MODE_CASE_DONE=mode-3-o100-m128

gimp_plug_in_manager_call_run_full
gimp_plug_in_get_proc_frame=0x55e1d3aa2a80:  set ignore_undos=0
push_undo: GimpLayerUndo=55
gimp_plug_in_manager_call_run_full
gimp_plug_in_get_proc_frame=0x55e1d3aa2a80:  set ignore_undos=0
push_undo: GimpLayerUndo=55
push_undo: GimpLayerUndo=55
push_undo: GimpLayerPropUndo=57
push_undo: GimpLayerPropUndo=58
push_undo: GimpLayerMaskUndo=65
push_undo: GimpDrawableUndo=47
push_undo: GimpLayerUndo=55
gimp_plug_in_manager_call_run_full
gimp_plug_in_get_proc_frame=0x55e1d3aa2a80:  set ignore_undos=0
push_undo: GimpLayerUndo=56
push_undo: GimpLayerUndo=56
push_undo: GimpLayerUndo=56
push_undo: GimpLayerUndo=55
gimp_plug_in_manager_call_run_full
gimp_plug_in_get_proc_frame=0x55e1d3aa2a80:  set ignore_undos=0
script-fu-Warning: MODE_CASE_DONE=mode-3-o50-m128

gimp_plug_in_manager_call_run_full
gimp_plug_in_get_proc_frame=0x55e1d3aa2a80:  set ignore_undos=0
push_undo: GimpLayerUndo=55
gimp_plug_in_manager_call_run_full
gimp_plug_in_get_proc_frame=0x55e1d3aa2a80:  set ignore_undos=0
push_undo: GimpLayerUndo=55
push_undo: GimpLayerUndo=55
push_undo: GimpLayerPropUndo=57
push_undo: GimpLayerMaskUndo=65
push_undo: GimpDrawableUndo=47
push_undo: GimpLayerUndo=55
gimp_plug_in_manager_call_run_full
gimp_plug_in_get_proc_frame=0x55e1d3aa2a80:  set ignore_undos=0
push_undo: GimpLayerUndo=56
push_undo: GimpLayerUndo=56
push_undo: GimpLayerUndo=56
push_undo: GimpLayerUndo=55
gimp_plug_in_manager_call_run_full
gimp_plug_in_get_proc_frame=0x55e1d3aa2a80:  set ignore_undos=0
script-fu-Warning: MODE_CASE_DONE=mode-3-o100-m0

gimp_plug_in_manager_call_run_full
gimp_plug_in_get_proc_frame=0x55e1d3aa2a80:  set ignore_undos=0
push_undo: GimpLayerUndo=55
gimp_plug_in_manager_call_run_full
gimp_plug_in_get_proc_frame=0x55e1d3aa2a80:  set ignore_undos=0
push_undo: GimpLayerUndo=55
push_undo: GimpLayerUndo=55
push_undo: GimpLayerPropUndo=57
push_undo: GimpLayerPropUndo=58
push_undo: GimpLayerMaskUndo=65
push_undo: GimpDrawableUndo=47
push_undo: GimpLayerUndo=55
gimp_plug_in_manager_call_run_full
gimp_plug_in_get_proc_frame=0x55e1d3aa2a80:  set ignore_undos=0
push_undo: GimpLayerUndo=56
push_undo: GimpLayerUndo=56
push_undo: GimpLayerUndo=56
push_undo: GimpLayerUndo=55
gimp_plug_in_manager_call_run_full
gimp_plug_in_get_proc_frame=0x55e1d3aa2a80:  set ignore_undos=0
script-fu-Warning: MODE_CASE_DONE=mode-3-o1-m254

gimp_plug_in_manager_call_run_full
gimp_plug_in_get_proc_frame=0x55e1d3aa2a80:  set ignore_undos=0
push_undo: GimpLayerUndo=55
gimp_plug_in_manager_call_run_full
gimp_plug_in_get_proc_frame=0x55e1d3aa2a80:  set ignore_undos=0
push_undo: GimpLayerUndo=55
push_undo: GimpLayerUndo=55
push_undo: GimpLayerPropUndo=57
push_undo: GimpLayerPropUndo=58
push_undo: GimpLayerMaskUndo=65
push_undo: GimpDrawableUndo=47
push_undo: GimpLayerUndo=55
gimp_plug_in_manager_call_run_full
gimp_plug_in_get_proc_frame=0x55e1d3aa2a80:  set ignore_undos=0
push_undo: GimpLayerUndo=56
push_undo: GimpLayerUndo=56
push_undo: GimpLayerUndo=56
push_undo: GimpLayerUndo=55
gimp_plug_in_manager_call_run_full
gimp_plug_in_get_proc_frame=0x55e1d3aa2a80:  set ignore_undos=0
script-fu-Warning: MODE_CASE_DONE=mode-3-o99-m1

batch command executed successfully
gimp_plug_in_manager_call_run_full
gimp_plug_in_get_proc_frame=0x55e1d389a080:  set ignore_undos=0
