In file included from /workspace/scratch/5b5281e79681/gimp-painter/migration/fixtures/legacy-layer-presets/capture.cpp:6:
/workspace/scratch/5b5281e79681/gimp-painter-legacy/app/base/glib-cxx-impl.hpp:422:13: warning: Deprecated pre-processor symbol: replace with "G_ADD_PRIVATE"
  422 |     return G_TYPE_INSTANCE_GET_PRIVATE(obj, Traits::get_type(), Impl);
      |             ^~~~~~~~~~~~~~~~~~~~~~~~~~~~~~~~~~~~~~~~~~~~~~~~~~~~~~~~~~       
In file included from /workspace/shared/gimp-build-deps/root/usr/include/gtk-2.0/gtk/gtkobject.h:37,
                 from /workspace/shared/gimp-build-deps/root/usr/include/gtk-2.0/gtk/gtkwidget.h:36,
                 from /workspace/shared/gimp-build-deps/root/usr/include/gtk-2.0/gtk/gtkcontainer.h:35,
                 from /workspace/shared/gimp-build-deps/root/usr/include/gtk-2.0/gtk/gtkbin.h:35,
                 from /workspace/shared/gimp-build-deps/root/usr/include/gtk-2.0/gtk/gtkwindow.h:36,
                 from /workspace/shared/gimp-build-deps/root/usr/include/gtk-2.0/gtk/gtkdialog.h:35,
                 from /workspace/shared/gimp-build-deps/root/usr/include/gtk-2.0/gtk/gtkaboutdialog.h:32,
                 from /workspace/shared/gimp-build-deps/root/usr/include/gtk-2.0/gtk/gtk.h:33,
                 from /workspace/scratch/5b5281e79681/gimp-painter/migration/fixtures/legacy-layer-presets/capture.cpp:10:
/workspace/shared/gimp-build-deps/root/usr/include/gtk-2.0/gtk/gtktypeutils.h:236:64: warning: ‘GTypeDebugFlags’ is deprecated [-Wdeprecated-declarations]
  236 | void            gtk_type_init   (GTypeDebugFlags    debug_flags);
      |                                                                ^
In file included from /workspace/shared/gimp-build-deps/root/usr/include/glib-2.0/gobject/gobject.h:26,
                 from /workspace/shared/gimp-build-deps/root/usr/include/glib-2.0/gobject/gbinding.h:31,
                 from /workspace/shared/gimp-build-deps/root/usr/include/glib-2.0/glib-object.h:24,
                 from /workspace/scratch/5b5281e79681/gimp-painter-legacy/app/base/delegators.hpp:5,
                 from /workspace/scratch/5b5281e79681/gimp-painter/migration/fixtures/legacy-layer-presets/capture.cpp:3:
/workspace/shared/gimp-build-deps/root/usr/include/glib-2.0/gobject/gtype.h:731:3: note: declared here
  731 | } GTypeDebugFlags GOBJECT_DEPRECATED_TYPE_IN_2_36;
      |   ^~~~~~~~~~~~~~~
In file included from /workspace/shared/gimp-build-deps/root/usr/include/gtk-2.0/gtk/gtktoolitem.h:31,
                 from /workspace/shared/gimp-build-deps/root/usr/include/gtk-2.0/gtk/gtktoolbutton.h:30,
                 from /workspace/shared/gimp-build-deps/root/usr/include/gtk-2.0/gtk/gtkmenutoolbutton.h:30,
                 from /workspace/shared/gimp-build-deps/root/usr/include/gtk-2.0/gtk/gtk.h:126:
/workspace/shared/gimp-build-deps/root/usr/include/gtk-2.0/gtk/gtktooltips.h:73:12: warning: ‘GTimeVal’ is deprecated: Use 'GDateTime' instead [-Wdeprecated-declarations]
   73 |   GTimeVal last_popdown;
      |            ^~~~~~~~~~~~
In file included from /workspace/shared/gimp-build-deps/root/usr/include/glib-2.0/glib/galloca.h:34,
                 from /workspace/shared/gimp-build-deps/root/usr/include/glib-2.0/glib.h:32,
                 from /workspace/shared/gimp-build-deps/root/usr/include/glib-2.0/gobject/gbinding.h:30:
/workspace/shared/gimp-build-deps/root/usr/include/glib-2.0/glib/gtypes.h:578:26: note: declared here
  578 | typedef struct _GTimeVal GTimeVal GLIB_DEPRECATED_TYPE_IN_2_62_FOR(GDateTime);
      |                          ^~~~~~~~
