
(process:394): GLib-GObject-CRITICAL **: 14:28:00.865: g_value_set_object: assertion 'G_VALUE_HOLDS_OBJECT (value)' failed

(process:394): GLib-GObject-CRITICAL **: 14:28:00.865: g_value_set_object: assertion 'G_VALUE_HOLDS_OBJECT (value)' failed
Failed to parse tag cache: No such file or directory
GIMP-Error: Plug-in "pagecurl"
attempted to install procedure "plug-in-pagecurl" with invalid return-value name "Curl Layer".
This is not allowed.

GIMP-Error: Plug-in "pagecurl"
(/workspace/shared/gimp-legacy-build/prefix/lib/gimp/2.0/plug-ins/pagecurl)
attempted to register the menu item "<Image>/Filters/Distorts" for the procedure "plug-in-pagecurl".
It has however not installed that procedure.  This is not allowed.

GIMP-Error: Could not open '/home/agent/.gimp-painter-2.8/pluginrc' for writing: No such file or directory


(process:394): Json-CRITICAL **: 14:28:02.902: json_node_get_node_type: assertion 'JSON_NODE_IS_VALID (node)' failed

(process:394): Json-CRITICAL **: 14:28:02.903: json_node_get_node_type: assertion 'JSON_NODE_IS_VALID (node)' failed

(process:394): Json-CRITICAL **: 14:28:02.903: json_node_get_node_type: assertion 'JSON_NODE_IS_VALID (node)' failed

(process:394): Json-CRITICAL **: 14:28:02.905: json_node_get_node_type: assertion 'JSON_NODE_IS_VALID (node)' failed

(process:394): Json-CRITICAL **: 14:28:02.905: json_node_get_node_type: assertion 'JSON_NODE_IS_VALID (node)' failed

(process:394): Json-CRITICAL **: 14:28:02.906: json_node_get_node_type: assertion 'JSON_NODE_IS_VALID (node)' failed

(process:394): Json-CRITICAL **: 14:28:02.906: json_node_get_node_type: assertion 'JSON_NODE_IS_VALID (node)' failed

(process:394): Json-CRITICAL **: 14:28:02.906: json_node_get_node_type: assertion 'JSON_NODE_IS_VALID (node)' failed

(process:394): Json-CRITICAL **: 14:28:02.906: json_node_get_node_type: assertion 'JSON_NODE_IS_VALID (node)' failed

(process:394): GLib-GObject-CRITICAL **: 14:28:02.906: g_value_type_compatible: assertion 'src_type' failed

(process:394): GLib-GObject-CRITICAL **: 14:28:02.906: object_ref: assertion '!object_already_finalized' failed

(process:394): GLib-GObject-CRITICAL **: 14:28:02.906: object_ref: assertion '!object_already_finalized' failed

(process:394): GLib-GObject-CRITICAL **: 14:28:02.906: g_object_unref: assertion '!object_already_finalized' failed

(process:394): GLib-GObject-CRITICAL **: 14:28:02.906: g_object_unref: assertion '!object_already_finalized' failed

(process:394): Json-CRITICAL **: 14:28:02.907: json_node_get_node_type: assertion 'JSON_NODE_IS_VALID (node)' failed

(process:394): Json-CRITICAL **: 14:28:02.907: json_node_get_node_type: assertion 'JSON_NODE_IS_VALID (node)' failed

(process:394): Json-CRITICAL **: 14:28:02.907: json_node_get_node_type: assertion 'JSON_NODE_IS_VALID (node)' failed

(process:394): GLib-GObject-CRITICAL **: 14:28:02.907: g_value_type_compatible: assertion 'src_type' failed

(script-fu:580): LibGimpBase-WARNING **: 14:28:02.910: script-fu: gimp_wire_read(): error
